
24. Printing statistics.

=== timer_unit ===

   Number of wires:                164
   Number of wire bits:            829
   Number of public wires:          58
   Number of public wire bits:     505
   Number of ports:                 19
   Number of port bits:            123
   Number of memories:               0
   Number of memory bits:            0
   Number of processes:              0
   Number of cells:                151
     $aldff                         13
     $and                            6
     $eq                            16
     $logic_and                     24
     $logic_not                      3
     $mux                           70
     $not                            8
     $or                             5
     $pmux                           1
     $reduce_or                      1
     timer_unit_counter$timer_unit.counter_hi_i      1
     timer_unit_counter$timer_unit.counter_lo_i      1
     timer_unit_counter_presc$timer_unit.prescaler_hi_i      1
     timer_unit_counter_presc$timer_unit.prescaler_lo_i      1

=== timer_unit_counter$timer_unit.counter_hi_i ===

   Number of wires:                 16
   Number of wire bits:            264
   Number of public wires:          11
   Number of public wire bits:     166
   Number of ports:                  9
   Number of port bits:            102
   Number of memories:               0
   Number of memory bits:            0
   Number of processes:              0
   Number of cells:                  8
     $add                            1
     $aldff                          2
     $eq                             1
     $mux                            4

=== timer_unit_counter$timer_unit.counter_lo_i ===

   Number of wires:                 16
   Number of wire bits:            264
   Number of public wires:          11
   Number of public wire bits:     166
   Number of ports:                  9
   Number of port bits:            102
   Number of memories:               0
   Number of memory bits:            0
   Number of processes:              0
   Number of cells:                  8
     $add                            1
     $aldff                          2
     $eq                             1
     $mux                            4

=== timer_unit_counter_presc$timer_unit.prescaler_hi_i ===

   Number of wires:                 17
   Number of wire bits:            265
   Number of public wires:          11
   Number of public wire bits:     166
   Number of ports:                  9
   Number of port bits:            102
   Number of memories:               0
   Number of memory bits:            0
   Number of processes:              0
   Number of cells:                  9
     $add                            1
     $aldff                          2
     $eq                             1
     $logic_or                       1
     $mux                            4

=== timer_unit_counter_presc$timer_unit.prescaler_lo_i ===

   Number of wires:                 17
   Number of wire bits:            265
   Number of public wires:          11
   Number of public wire bits:     166
   Number of ports:                  9
   Number of port bits:            102
   Number of memories:               0
   Number of memory bits:            0
   Number of processes:              0
   Number of cells:                  9
     $add                            1
     $aldff                          2
     $eq                             1
     $logic_or                       1
     $mux                            4

=== design hierarchy ===

   timer_unit                        1
     timer_unit_counter$timer_unit.counter_hi_i      1
     timer_unit_counter$timer_unit.counter_lo_i      1
     timer_unit_counter_presc$timer_unit.prescaler_hi_i      1
     timer_unit_counter_presc$timer_unit.prescaler_lo_i      1

   Number of wires:                230
   Number of wire bits:           1887
   Number of public wires:         102
   Number of public wire bits:    1169
   Number of ports:                 55
   Number of port bits:            531
   Number of memories:               0
   Number of memory bits:            0
   Number of processes:              0
   Number of cells:                181
     $add                            4
     $aldff                         21
     $and                            6
     $eq                            20
     $logic_and                     24
     $logic_not                      3
     $logic_or                       2
     $mux                           86
     $not                            8
     $or                             5
     $pmux                           1
     $reduce_or                      1

