timer_unit/counter_hi_i.compare_value_i_0__reg
timer_unit/counter_hi_i.compare_value_i_10__reg
timer_unit/counter_hi_i.compare_value_i_11__reg
timer_unit/counter_hi_i.compare_value_i_12__reg
timer_unit/counter_hi_i.compare_value_i_13__reg
timer_unit/counter_hi_i.compare_value_i_14__reg
timer_unit/counter_hi_i.compare_value_i_15__reg
timer_unit/counter_hi_i.compare_value_i_16__reg
timer_unit/counter_hi_i.compare_value_i_17__reg
timer_unit/counter_hi_i.compare_value_i_18__reg
timer_unit/counter_hi_i.compare_value_i_19__reg
timer_unit/counter_hi_i.compare_value_i_1__reg
timer_unit/counter_hi_i.compare_value_i_20__reg
timer_unit/counter_hi_i.compare_value_i_21__reg
timer_unit/counter_hi_i.compare_value_i_22__reg
timer_unit/counter_hi_i.compare_value_i_23__reg
timer_unit/counter_hi_i.compare_value_i_24__reg
timer_unit/counter_hi_i.compare_value_i_25__reg
timer_unit/counter_hi_i.compare_value_i_26__reg
timer_unit/counter_hi_i.compare_value_i_27__reg
timer_unit/counter_hi_i.compare_value_i_28__reg
timer_unit/counter_hi_i.compare_value_i_29__reg
timer_unit/counter_hi_i.compare_value_i_2__reg
timer_unit/counter_hi_i.compare_value_i_30__reg
timer_unit/counter_hi_i.compare_value_i_31__reg
timer_unit/counter_hi_i.compare_value_i_3__reg
timer_unit/counter_hi_i.compare_value_i_4__reg
timer_unit/counter_hi_i.compare_value_i_5__reg
timer_unit/counter_hi_i.compare_value_i_6__reg
timer_unit/counter_hi_i.compare_value_i_7__reg
timer_unit/counter_hi_i.compare_value_i_8__reg
timer_unit/counter_hi_i.compare_value_i_9__reg
timer_unit/counter_hi_i.counter_value_o_0__reg
timer_unit/counter_hi_i.counter_value_o_10__reg
timer_unit/counter_hi_i.counter_value_o_11__reg
timer_unit/counter_hi_i.counter_value_o_12__reg
timer_unit/counter_hi_i.counter_value_o_13__reg
timer_unit/counter_hi_i.counter_value_o_14__reg
timer_unit/counter_hi_i.counter_value_o_15__reg
timer_unit/counter_hi_i.counter_value_o_16__reg
timer_unit/counter_hi_i.counter_value_o_17__reg
timer_unit/counter_hi_i.counter_value_o_18__reg
timer_unit/counter_hi_i.counter_value_o_19__reg
timer_unit/counter_hi_i.counter_value_o_1__reg
timer_unit/counter_hi_i.counter_value_o_20__reg
timer_unit/counter_hi_i.counter_value_o_21__reg
timer_unit/counter_hi_i.counter_value_o_22__reg
timer_unit/counter_hi_i.counter_value_o_23__reg
timer_unit/counter_hi_i.counter_value_o_24__reg
timer_unit/counter_hi_i.counter_value_o_25__reg
timer_unit/counter_hi_i.counter_value_o_26__reg
timer_unit/counter_hi_i.counter_value_o_27__reg
timer_unit/counter_hi_i.counter_value_o_28__reg
timer_unit/counter_hi_i.counter_value_o_29__reg
timer_unit/counter_hi_i.counter_value_o_2__reg
timer_unit/counter_hi_i.counter_value_o_30__reg
timer_unit/counter_hi_i.counter_value_o_31__reg
timer_unit/counter_hi_i.counter_value_o_3__reg
timer_unit/counter_hi_i.counter_value_o_4__reg
timer_unit/counter_hi_i.counter_value_o_5__reg
timer_unit/counter_hi_i.counter_value_o_6__reg
timer_unit/counter_hi_i.counter_value_o_7__reg
timer_unit/counter_hi_i.counter_value_o_8__reg
timer_unit/counter_hi_i.counter_value_o_9__reg
timer_unit/counter_hi_i.target_reached_o_reg
timer_unit/counter_lo_i.compare_value_i_0__reg
timer_unit/counter_lo_i.compare_value_i_10__reg
timer_unit/counter_lo_i.compare_value_i_11__reg
timer_unit/counter_lo_i.compare_value_i_12__reg
timer_unit/counter_lo_i.compare_value_i_13__reg
timer_unit/counter_lo_i.compare_value_i_14__reg
timer_unit/counter_lo_i.compare_value_i_15__reg
timer_unit/counter_lo_i.compare_value_i_16__reg
timer_unit/counter_lo_i.compare_value_i_17__reg
timer_unit/counter_lo_i.compare_value_i_18__reg
timer_unit/counter_lo_i.compare_value_i_19__reg
timer_unit/counter_lo_i.compare_value_i_1__reg
timer_unit/counter_lo_i.compare_value_i_20__reg
timer_unit/counter_lo_i.compare_value_i_21__reg
timer_unit/counter_lo_i.compare_value_i_22__reg
timer_unit/counter_lo_i.compare_value_i_23__reg
timer_unit/counter_lo_i.compare_value_i_24__reg
timer_unit/counter_lo_i.compare_value_i_25__reg
timer_unit/counter_lo_i.compare_value_i_26__reg
timer_unit/counter_lo_i.compare_value_i_27__reg
timer_unit/counter_lo_i.compare_value_i_28__reg
timer_unit/counter_lo_i.compare_value_i_29__reg
timer_unit/counter_lo_i.compare_value_i_2__reg
timer_unit/counter_lo_i.compare_value_i_30__reg
timer_unit/counter_lo_i.compare_value_i_31__reg
timer_unit/counter_lo_i.compare_value_i_3__reg
timer_unit/counter_lo_i.compare_value_i_4__reg
timer_unit/counter_lo_i.compare_value_i_5__reg
timer_unit/counter_lo_i.compare_value_i_6__reg
timer_unit/counter_lo_i.compare_value_i_7__reg
timer_unit/counter_lo_i.compare_value_i_8__reg
timer_unit/counter_lo_i.compare_value_i_9__reg
timer_unit/counter_lo_i.counter_value_o_0__reg
timer_unit/counter_lo_i.counter_value_o_10__reg
timer_unit/counter_lo_i.counter_value_o_11__reg
timer_unit/counter_lo_i.counter_value_o_12__reg
timer_unit/counter_lo_i.counter_value_o_13__reg
timer_unit/counter_lo_i.counter_value_o_14__reg
timer_unit/counter_lo_i.counter_value_o_15__reg
timer_unit/counter_lo_i.counter_value_o_16__reg
timer_unit/counter_lo_i.counter_value_o_17__reg
timer_unit/counter_lo_i.counter_value_o_18__reg
timer_unit/counter_lo_i.counter_value_o_19__reg
timer_unit/counter_lo_i.counter_value_o_1__reg
timer_unit/counter_lo_i.counter_value_o_20__reg
timer_unit/counter_lo_i.counter_value_o_21__reg
timer_unit/counter_lo_i.counter_value_o_22__reg
timer_unit/counter_lo_i.counter_value_o_23__reg
timer_unit/counter_lo_i.counter_value_o_24__reg
timer_unit/counter_lo_i.counter_value_o_25__reg
timer_unit/counter_lo_i.counter_value_o_26__reg
timer_unit/counter_lo_i.counter_value_o_27__reg
timer_unit/counter_lo_i.counter_value_o_28__reg
timer_unit/counter_lo_i.counter_value_o_29__reg
timer_unit/counter_lo_i.counter_value_o_2__reg
timer_unit/counter_lo_i.counter_value_o_30__reg
timer_unit/counter_lo_i.counter_value_o_31__reg
timer_unit/counter_lo_i.counter_value_o_3__reg
timer_unit/counter_lo_i.counter_value_o_4__reg
timer_unit/counter_lo_i.counter_value_o_5__reg
timer_unit/counter_lo_i.counter_value_o_6__reg
timer_unit/counter_lo_i.counter_value_o_7__reg
timer_unit/counter_lo_i.counter_value_o_8__reg
timer_unit/counter_lo_i.counter_value_o_9__reg
timer_unit/counter_lo_i.target_reached_o_reg
timer_unit/prescaler_hi_i.compare_value_i_0__reg
timer_unit/prescaler_hi_i.compare_value_i_1__reg
timer_unit/prescaler_hi_i.compare_value_i_2__reg
timer_unit/prescaler_hi_i.compare_value_i_3__reg
timer_unit/prescaler_hi_i.compare_value_i_4__reg
timer_unit/prescaler_hi_i.compare_value_i_5__reg
timer_unit/prescaler_hi_i.compare_value_i_6__reg
timer_unit/prescaler_hi_i.compare_value_i_7__reg
timer_unit/prescaler_hi_i.counter_value_o_0__reg
timer_unit/prescaler_hi_i.counter_value_o_10__reg
timer_unit/prescaler_hi_i.counter_value_o_11__reg
timer_unit/prescaler_hi_i.counter_value_o_12__reg
timer_unit/prescaler_hi_i.counter_value_o_13__reg
timer_unit/prescaler_hi_i.counter_value_o_14__reg
timer_unit/prescaler_hi_i.counter_value_o_15__reg
timer_unit/prescaler_hi_i.counter_value_o_16__reg
timer_unit/prescaler_hi_i.counter_value_o_17__reg
timer_unit/prescaler_hi_i.counter_value_o_18__reg
timer_unit/prescaler_hi_i.counter_value_o_19__reg
timer_unit/prescaler_hi_i.counter_value_o_1__reg
timer_unit/prescaler_hi_i.counter_value_o_20__reg
timer_unit/prescaler_hi_i.counter_value_o_21__reg
timer_unit/prescaler_hi_i.counter_value_o_22__reg
timer_unit/prescaler_hi_i.counter_value_o_23__reg
timer_unit/prescaler_hi_i.counter_value_o_24__reg
timer_unit/prescaler_hi_i.counter_value_o_25__reg
timer_unit/prescaler_hi_i.counter_value_o_26__reg
timer_unit/prescaler_hi_i.counter_value_o_27__reg
timer_unit/prescaler_hi_i.counter_value_o_28__reg
timer_unit/prescaler_hi_i.counter_value_o_29__reg
timer_unit/prescaler_hi_i.counter_value_o_2__reg
timer_unit/prescaler_hi_i.counter_value_o_30__reg
timer_unit/prescaler_hi_i.counter_value_o_31__reg
timer_unit/prescaler_hi_i.counter_value_o_3__reg
timer_unit/prescaler_hi_i.counter_value_o_4__reg
timer_unit/prescaler_hi_i.counter_value_o_5__reg
timer_unit/prescaler_hi_i.counter_value_o_6__reg
timer_unit/prescaler_hi_i.counter_value_o_7__reg
timer_unit/prescaler_hi_i.counter_value_o_8__reg
timer_unit/prescaler_hi_i.counter_value_o_9__reg
timer_unit/prescaler_hi_i.target_reached_o_reg
timer_unit/prescaler_lo_i.compare_value_i_0__reg
timer_unit/prescaler_lo_i.compare_value_i_1__reg
timer_unit/prescaler_lo_i.compare_value_i_2__reg
timer_unit/prescaler_lo_i.compare_value_i_3__reg
timer_unit/prescaler_lo_i.compare_value_i_4__reg
timer_unit/prescaler_lo_i.compare_value_i_5__reg
timer_unit/prescaler_lo_i.compare_value_i_6__reg
timer_unit/prescaler_lo_i.compare_value_i_7__reg
timer_unit/prescaler_lo_i.counter_value_o_0__reg
timer_unit/prescaler_lo_i.counter_value_o_10__reg
timer_unit/prescaler_lo_i.counter_value_o_11__reg
timer_unit/prescaler_lo_i.counter_value_o_12__reg
timer_unit/prescaler_lo_i.counter_value_o_13__reg
timer_unit/prescaler_lo_i.counter_value_o_14__reg
timer_unit/prescaler_lo_i.counter_value_o_15__reg
timer_unit/prescaler_lo_i.counter_value_o_16__reg
timer_unit/prescaler_lo_i.counter_value_o_17__reg
timer_unit/prescaler_lo_i.counter_value_o_18__reg
timer_unit/prescaler_lo_i.counter_value_o_19__reg
timer_unit/prescaler_lo_i.counter_value_o_1__reg
timer_unit/prescaler_lo_i.counter_value_o_20__reg
timer_unit/prescaler_lo_i.counter_value_o_21__reg
timer_unit/prescaler_lo_i.counter_value_o_22__reg
timer_unit/prescaler_lo_i.counter_value_o_23__reg
timer_unit/prescaler_lo_i.counter_value_o_24__reg
timer_unit/prescaler_lo_i.counter_value_o_25__reg
timer_unit/prescaler_lo_i.counter_value_o_26__reg
timer_unit/prescaler_lo_i.counter_value_o_27__reg
timer_unit/prescaler_lo_i.counter_value_o_28__reg
timer_unit/prescaler_lo_i.counter_value_o_29__reg
timer_unit/prescaler_lo_i.counter_value_o_2__reg
timer_unit/prescaler_lo_i.counter_value_o_30__reg
timer_unit/prescaler_lo_i.counter_value_o_31__reg
timer_unit/prescaler_lo_i.counter_value_o_3__reg
timer_unit/prescaler_lo_i.counter_value_o_4__reg
timer_unit/prescaler_lo_i.counter_value_o_5__reg
timer_unit/prescaler_lo_i.counter_value_o_6__reg
timer_unit/prescaler_lo_i.counter_value_o_7__reg
timer_unit/prescaler_lo_i.counter_value_o_8__reg
timer_unit/prescaler_lo_i.counter_value_o_9__reg
timer_unit/prescaler_lo_i.target_reached_o_reg
timer_unit/r_id_o[0]_reg
timer_unit/r_id_o[1]_reg
timer_unit/r_id_o[2]_reg
timer_unit/r_id_o[3]_reg
timer_unit/r_id_o[4]_reg
timer_unit/r_valid_o_reg
timer_unit/s_addr_0__reg
timer_unit/s_addr_1__reg
timer_unit/s_addr_2__reg
timer_unit/s_addr_3__reg
timer_unit/s_addr_4__reg
timer_unit/s_addr_5__reg
timer_unit/s_cfg_hi_reg_0__reg
timer_unit/s_cfg_hi_reg_16__reg
timer_unit/s_cfg_hi_reg_17__reg
timer_unit/s_cfg_hi_reg_18__reg
timer_unit/s_cfg_hi_reg_19__reg
timer_unit/s_cfg_hi_reg_1__reg
timer_unit/s_cfg_hi_reg_20__reg
timer_unit/s_cfg_hi_reg_21__reg
timer_unit/s_cfg_hi_reg_22__reg
timer_unit/s_cfg_hi_reg_23__reg
timer_unit/s_cfg_hi_reg_24__reg
timer_unit/s_cfg_hi_reg_25__reg
timer_unit/s_cfg_hi_reg_26__reg
timer_unit/s_cfg_hi_reg_27__reg
timer_unit/s_cfg_hi_reg_28__reg
timer_unit/s_cfg_hi_reg_29__reg
timer_unit/s_cfg_hi_reg_2__reg
timer_unit/s_cfg_hi_reg_30__reg
timer_unit/s_cfg_hi_reg_31__reg
timer_unit/s_cfg_hi_reg_3__reg
timer_unit/s_cfg_hi_reg_4__reg
timer_unit/s_cfg_hi_reg_5__reg
timer_unit/s_cfg_hi_reg_6__reg
timer_unit/s_cfg_hi_reg_7__reg
timer_unit/s_cfg_lo_reg_0__reg
timer_unit/s_cfg_lo_reg_16__reg
timer_unit/s_cfg_lo_reg_17__reg
timer_unit/s_cfg_lo_reg_18__reg
timer_unit/s_cfg_lo_reg_19__reg
timer_unit/s_cfg_lo_reg_1__reg
timer_unit/s_cfg_lo_reg_20__reg
timer_unit/s_cfg_lo_reg_21__reg
timer_unit/s_cfg_lo_reg_22__reg
timer_unit/s_cfg_lo_reg_23__reg
timer_unit/s_cfg_lo_reg_24__reg
timer_unit/s_cfg_lo_reg_25__reg
timer_unit/s_cfg_lo_reg_26__reg
timer_unit/s_cfg_lo_reg_27__reg
timer_unit/s_cfg_lo_reg_28__reg
timer_unit/s_cfg_lo_reg_29__reg
timer_unit/s_cfg_lo_reg_2__reg
timer_unit/s_cfg_lo_reg_30__reg
timer_unit/s_cfg_lo_reg_31__reg
timer_unit/s_cfg_lo_reg_3__reg
timer_unit/s_cfg_lo_reg_4__reg
timer_unit/s_cfg_lo_reg_5__reg
timer_unit/s_cfg_lo_reg_6__reg
timer_unit/s_cfg_lo_reg_7__reg
timer_unit/s_ref_clk0_reg
timer_unit/s_ref_clk1_reg
timer_unit/s_ref_clk2_reg
timer_unit/s_ref_clk3_reg
timer_unit/s_wen_reg
