
55. Printing statistics.

=== cve2_core ===

   Number of wires:              10546
   Number of wire bits:          10546
   Number of public wires:        1441
   Number of public wire bits:    1441
   Number of ports:                392
   Number of port bits:            392
   Number of memories:               0
   Number of memory bits:            0
   Number of processes:              0
   Number of cells:               9502
     $scopeinfo                     12
     cve2_cs_registers$cve2_core.cs_registers_i      1
     cve2_register_file_ff$cve2_core.register_file_i      1
     sg13g2_a21o_1                 188
     sg13g2_a21oi_1                947
     sg13g2_a21oi_2                  9
     sg13g2_a221oi_1               282
     sg13g2_a22oi_1                406
     sg13g2_and2_1                 228
     sg13g2_and2_2                   1
     sg13g2_and3_1                  58
     sg13g2_and4_1                  26
     sg13g2_buf_1                  619
     sg13g2_buf_2                   37
     sg13g2_buf_4                   13
     sg13g2_buf_8                    6
     sg13g2_dfrbp_1                508
     sg13g2_inv_1                  409
     sg13g2_mux2_1                 660
     sg13g2_mux2_2                   1
     sg13g2_mux4_1                  52
     sg13g2_nand2_1                986
     sg13g2_nand2b_1               227
     sg13g2_nand3_1                328
     sg13g2_nand3b_1                49
     sg13g2_nand4_1                 74
     sg13g2_nor2_1                 852
     sg13g2_nor2_2                   1
     sg13g2_nor2b_1                132
     sg13g2_nor2b_2                  4
     sg13g2_nor3_1                 283
     sg13g2_nor3_2                   4
     sg13g2_nor4_1                  62
     sg13g2_nor4_2                   6
     sg13g2_o21ai_1               1139
     sg13g2_or2_1                  109
     sg13g2_or3_1                   32
     sg13g2_or4_1                   13
     sg13g2_tielo                    1
     sg13g2_xnor2_1                538
     sg13g2_xor2_1                 198

   Area for cell type $scopeinfo is unknown!
   Area for cell type \cve2_register_file_ff$cve2_core.register_file_i is unknown!
   Area for cell type \cve2_cs_registers$cve2_core.cs_registers_i is unknown!

   Chip area for module '\cve2_core': 115233.526800
     of which used for sequential elements: 23964.595200 (20.80%)

=== cve2_cs_registers$cve2_core.cs_registers_i ===

   Number of wires:               3867
   Number of wire bits:           3867
   Number of public wires:         944
   Number of public wire bits:     944
   Number of ports:                581
   Number of port bits:            581
   Number of memories:               0
   Number of memory bits:            0
   Number of processes:              0
   Number of cells:               2998
     $scopeinfo                     16
     sg13g2_a21o_1                  66
     sg13g2_a21oi_1                119
     sg13g2_a21oi_2                  1
     sg13g2_a221oi_1                82
     sg13g2_a22oi_1                158
     sg13g2_and2_1                 122
     sg13g2_and3_1                  24
     sg13g2_and4_1                  23
     sg13g2_buf_1                  165
     sg13g2_buf_2                   57
     sg13g2_buf_4                    3
     sg13g2_dfrbp_1                462
     sg13g2_inv_1                   89
     sg13g2_mux2_1                 300
     sg13g2_mux4_1                  35
     sg13g2_nand2_1                309
     sg13g2_nand2b_1                91
     sg13g2_nand3_1                 95
     sg13g2_nand3b_1                 9
     sg13g2_nand4_1                 41
     sg13g2_nor2_1                 190
     sg13g2_nor2_2                   3
     sg13g2_nor2b_1                 43
     sg13g2_nor2b_2                  2
     sg13g2_nor3_1                  78
     sg13g2_nor3_2                   2
     sg13g2_nor4_1                  21
     sg13g2_nor4_2                   7
     sg13g2_o21ai_1                264
     sg13g2_or2_1                   26
     sg13g2_or3_1                    5
     sg13g2_or4_1                    7
     sg13g2_tielo                    1
     sg13g2_xnor2_1                 52
     sg13g2_xor2_1                  30

   Area for cell type $scopeinfo is unknown!

   Chip area for module '\cve2_cs_registers$cve2_core.cs_registers_i': 48828.603600
     of which used for sequential elements: 21794.572800 (44.63%)

=== cve2_register_file_ff$cve2_core.register_file_i ===

   Number of wires:               5141
   Number of wire bits:           5141
   Number of public wires:        1107
   Number of public wire bits:    1107
   Number of ports:                115
   Number of port bits:            115
   Number of memories:               0
   Number of memory bits:            0
   Number of processes:              0
   Number of cells:               4098
     sg13g2_a21o_1                  64
     sg13g2_a21oi_1                 72
     sg13g2_a221oi_1                64
     sg13g2_a22oi_1                376
     sg13g2_and2_1                   3
     sg13g2_and3_1                   1
     sg13g2_buf_1                  355
     sg13g2_buf_2                   68
     sg13g2_dfrbp_1                992
     sg13g2_inv_1                   14
     sg13g2_mux2_1                1696
     sg13g2_mux4_1                 128
     sg13g2_nand2_1                 79
     sg13g2_nand2b_1                 7
     sg13g2_nand3_1                 66
     sg13g2_nand3b_1                 8
     sg13g2_nand4_1                  2
     sg13g2_nor2_1                  20
     sg13g2_nor2b_1                  7
     sg13g2_nor2b_2                  2
     sg13g2_nor3_1                   6
     sg13g2_nor3_2                   4
     sg13g2_o21ai_1                 64

   Chip area for module '\cve2_register_file_ff$cve2_core.register_file_i': 94523.284800
     of which used for sequential elements: 46797.004800 (49.51%)

=== design hierarchy ===

   cve2_core                         1
     cve2_cs_registers$cve2_core.cs_registers_i      1
     cve2_register_file_ff$cve2_core.register_file_i      1

   Number of wires:              19554
   Number of wire bits:          19554
   Number of public wires:        3492
   Number of public wire bits:    3492
   Number of ports:               1088
   Number of port bits:           1088
   Number of memories:               0
   Number of memory bits:            0
   Number of processes:              0
   Number of cells:              16596
     $scopeinfo                     28
     sg13g2_a21o_1                 318
     sg13g2_a21oi_1               1138
     sg13g2_a21oi_2                 10
     sg13g2_a221oi_1               428
     sg13g2_a22oi_1                940
     sg13g2_and2_1                 353
     sg13g2_and2_2                   1
     sg13g2_and3_1                  83
     sg13g2_and4_1                  49
     sg13g2_buf_1                 1139
     sg13g2_buf_2                  162
     sg13g2_buf_4                   16
     sg13g2_buf_8                    6
     sg13g2_dfrbp_1               1962
     sg13g2_inv_1                  512
     sg13g2_mux2_1                2656
     sg13g2_mux2_2                   1
     sg13g2_mux4_1                 215
     sg13g2_nand2_1               1374
     sg13g2_nand2b_1               325
     sg13g2_nand3_1                489
     sg13g2_nand3b_1                66
     sg13g2_nand4_1                117
     sg13g2_nor2_1                1062
     sg13g2_nor2_2                   4
     sg13g2_nor2b_1                182
     sg13g2_nor2b_2                  8
     sg13g2_nor3_1                 367
     sg13g2_nor3_2                  10
     sg13g2_nor4_1                  83
     sg13g2_nor4_2                  13
     sg13g2_o21ai_1               1467
     sg13g2_or2_1                  135
     sg13g2_or3_1                   37
     sg13g2_or4_1                   20
     sg13g2_tielo                    2
     sg13g2_xnor2_1                590
     sg13g2_xor2_1                 228

   Chip area for top module '\cve2_core': 258585.415200
     of which used for sequential elements: 46797.004800 (18.10%)

