Warning: There are 217 input ports missing set_input_delay.
  dmi_req_i_0_
  dmi_req_i_10_
  dmi_req_i_11_
  dmi_req_i_12_
  dmi_req_i_13_
  dmi_req_i_14_
  dmi_req_i_15_
  dmi_req_i_16_
  dmi_req_i_17_
  dmi_req_i_18_
  dmi_req_i_19_
  dmi_req_i_1_
  dmi_req_i_20_
  dmi_req_i_21_
  dmi_req_i_22_
  dmi_req_i_23_
  dmi_req_i_24_
  dmi_req_i_25_
  dmi_req_i_26_
  dmi_req_i_27_
  dmi_req_i_28_
  dmi_req_i_29_
  dmi_req_i_2_
  dmi_req_i_30_
  dmi_req_i_31_
  dmi_req_i_32_
  dmi_req_i_33_
  dmi_req_i_34_
  dmi_req_i_35_
  dmi_req_i_36_
  dmi_req_i_37_
  dmi_req_i_38_
  dmi_req_i_39_
  dmi_req_i_3_
  dmi_req_i_40_
  dmi_req_i_4_
  dmi_req_i_5_
  dmi_req_i_6_
  dmi_req_i_7_
  dmi_req_i_8_
  dmi_req_i_9_
  dmi_req_valid_i
  dmi_resp_ready_i
  dmi_rst_ni
  hartinfo_i_0_
  hartinfo_i_10_
  hartinfo_i_11_
  hartinfo_i_12_
  hartinfo_i_13_
  hartinfo_i_14_
  hartinfo_i_15_
  hartinfo_i_16_
  hartinfo_i_17_
  hartinfo_i_18_
  hartinfo_i_19_
  hartinfo_i_1_
  hartinfo_i_20_
  hartinfo_i_21_
  hartinfo_i_22_
  hartinfo_i_23_
  hartinfo_i_24_
  hartinfo_i_25_
  hartinfo_i_26_
  hartinfo_i_27_
  hartinfo_i_28_
  hartinfo_i_29_
  hartinfo_i_2_
  hartinfo_i_30_
  hartinfo_i_31_
  hartinfo_i_3_
  hartinfo_i_4_
  hartinfo_i_5_
  hartinfo_i_6_
  hartinfo_i_7_
  hartinfo_i_8_
  hartinfo_i_9_
  master_gnt_i
  master_r_err_i
  master_r_other_err_i
  master_r_rdata_i_0_
  master_r_rdata_i_10_
  master_r_rdata_i_11_
  master_r_rdata_i_12_
  master_r_rdata_i_13_
  master_r_rdata_i_14_
  master_r_rdata_i_15_
  master_r_rdata_i_16_
  master_r_rdata_i_17_
  master_r_rdata_i_18_
  master_r_rdata_i_19_
  master_r_rdata_i_1_
  master_r_rdata_i_20_
  master_r_rdata_i_21_
  master_r_rdata_i_22_
  master_r_rdata_i_23_
  master_r_rdata_i_24_
  master_r_rdata_i_25_
  master_r_rdata_i_26_
  master_r_rdata_i_27_
  master_r_rdata_i_28_
  master_r_rdata_i_29_
  master_r_rdata_i_2_
  master_r_rdata_i_30_
  master_r_rdata_i_31_
  master_r_rdata_i_3_
  master_r_rdata_i_4_
  master_r_rdata_i_5_
  master_r_rdata_i_6_
  master_r_rdata_i_7_
  master_r_rdata_i_8_
  master_r_rdata_i_9_
  master_r_valid_i
  ndmreset_ack_i
  next_dm_addr_i_0_
  next_dm_addr_i_10_
  next_dm_addr_i_11_
  next_dm_addr_i_12_
  next_dm_addr_i_13_
  next_dm_addr_i_14_
  next_dm_addr_i_15_
  next_dm_addr_i_16_
  next_dm_addr_i_17_
  next_dm_addr_i_18_
  next_dm_addr_i_19_
  next_dm_addr_i_1_
  next_dm_addr_i_20_
  next_dm_addr_i_21_
  next_dm_addr_i_22_
  next_dm_addr_i_23_
  next_dm_addr_i_24_
  next_dm_addr_i_25_
  next_dm_addr_i_26_
  next_dm_addr_i_27_
  next_dm_addr_i_28_
  next_dm_addr_i_29_
  next_dm_addr_i_2_
  next_dm_addr_i_30_
  next_dm_addr_i_31_
  next_dm_addr_i_3_
  next_dm_addr_i_4_
  next_dm_addr_i_5_
  next_dm_addr_i_6_
  next_dm_addr_i_7_
  next_dm_addr_i_8_
  next_dm_addr_i_9_
  slave_addr_i_0_
  slave_addr_i_10_
  slave_addr_i_11_
  slave_addr_i_12_
  slave_addr_i_13_
  slave_addr_i_14_
  slave_addr_i_15_
  slave_addr_i_16_
  slave_addr_i_17_
  slave_addr_i_18_
  slave_addr_i_19_
  slave_addr_i_1_
  slave_addr_i_20_
  slave_addr_i_21_
  slave_addr_i_22_
  slave_addr_i_23_
  slave_addr_i_24_
  slave_addr_i_25_
  slave_addr_i_26_
  slave_addr_i_27_
  slave_addr_i_28_
  slave_addr_i_29_
  slave_addr_i_2_
  slave_addr_i_30_
  slave_addr_i_31_
  slave_addr_i_3_
  slave_addr_i_4_
  slave_addr_i_5_
  slave_addr_i_6_
  slave_addr_i_7_
  slave_addr_i_8_
  slave_addr_i_9_
  slave_be_i_0_
  slave_be_i_1_
  slave_be_i_2_
  slave_be_i_3_
  slave_req_i
  slave_wdata_i_0_
  slave_wdata_i_10_
  slave_wdata_i_11_
  slave_wdata_i_12_
  slave_wdata_i_13_
  slave_wdata_i_14_
  slave_wdata_i_15_
  slave_wdata_i_16_
  slave_wdata_i_17_
  slave_wdata_i_18_
  slave_wdata_i_19_
  slave_wdata_i_1_
  slave_wdata_i_20_
  slave_wdata_i_21_
  slave_wdata_i_22_
  slave_wdata_i_23_
  slave_wdata_i_24_
  slave_wdata_i_25_
  slave_wdata_i_26_
  slave_wdata_i_27_
  slave_wdata_i_28_
  slave_wdata_i_29_
  slave_wdata_i_2_
  slave_wdata_i_30_
  slave_wdata_i_31_
  slave_wdata_i_3_
  slave_wdata_i_4_
  slave_wdata_i_5_
  slave_wdata_i_6_
  slave_wdata_i_7_
  slave_wdata_i_8_
  slave_wdata_i_9_
  slave_we_i
  testmode_i
  unavailable_i
Warning: There are 141 output ports missing set_output_delay.
  debug_req_o
  dmactive_o
  dmi_req_ready_o
  dmi_resp_o_0_
  dmi_resp_o_10_
  dmi_resp_o_11_
  dmi_resp_o_12_
  dmi_resp_o_13_
  dmi_resp_o_14_
  dmi_resp_o_15_
  dmi_resp_o_16_
  dmi_resp_o_17_
  dmi_resp_o_18_
  dmi_resp_o_19_
  dmi_resp_o_1_
  dmi_resp_o_20_
  dmi_resp_o_21_
  dmi_resp_o_22_
  dmi_resp_o_23_
  dmi_resp_o_24_
  dmi_resp_o_25_
  dmi_resp_o_26_
  dmi_resp_o_27_
  dmi_resp_o_28_
  dmi_resp_o_29_
  dmi_resp_o_2_
  dmi_resp_o_30_
  dmi_resp_o_31_
  dmi_resp_o_32_
  dmi_resp_o_33_
  dmi_resp_o_3_
  dmi_resp_o_4_
  dmi_resp_o_5_
  dmi_resp_o_6_
  dmi_resp_o_7_
  dmi_resp_o_8_
  dmi_resp_o_9_
  dmi_resp_valid_o
  master_add_o_0_
  master_add_o_10_
  master_add_o_11_
  master_add_o_12_
  master_add_o_13_
  master_add_o_14_
  master_add_o_15_
  master_add_o_16_
  master_add_o_17_
  master_add_o_18_
  master_add_o_19_
  master_add_o_1_
  master_add_o_20_
  master_add_o_21_
  master_add_o_22_
  master_add_o_23_
  master_add_o_24_
  master_add_o_25_
  master_add_o_26_
  master_add_o_27_
  master_add_o_28_
  master_add_o_29_
  master_add_o_2_
  master_add_o_30_
  master_add_o_31_
  master_add_o_3_
  master_add_o_4_
  master_add_o_5_
  master_add_o_6_
  master_add_o_7_
  master_add_o_8_
  master_add_o_9_
  master_be_o_0_
  master_be_o_1_
  master_be_o_2_
  master_be_o_3_
  master_req_o
  master_wdata_o_0_
  master_wdata_o_10_
  master_wdata_o_11_
  master_wdata_o_12_
  master_wdata_o_13_
  master_wdata_o_14_
  master_wdata_o_15_
  master_wdata_o_16_
  master_wdata_o_17_
  master_wdata_o_18_
  master_wdata_o_19_
  master_wdata_o_1_
  master_wdata_o_20_
  master_wdata_o_21_
  master_wdata_o_22_
  master_wdata_o_23_
  master_wdata_o_24_
  master_wdata_o_25_
  master_wdata_o_26_
  master_wdata_o_27_
  master_wdata_o_28_
  master_wdata_o_29_
  master_wdata_o_2_
  master_wdata_o_30_
  master_wdata_o_31_
  master_wdata_o_3_
  master_wdata_o_4_
  master_wdata_o_5_
  master_wdata_o_6_
  master_wdata_o_7_
  master_wdata_o_8_
  master_wdata_o_9_
  master_we_o
  ndmreset_o
  slave_rdata_o_0_
  slave_rdata_o_10_
  slave_rdata_o_11_
  slave_rdata_o_12_
  slave_rdata_o_13_
  slave_rdata_o_14_
  slave_rdata_o_15_
  slave_rdata_o_16_
  slave_rdata_o_17_
  slave_rdata_o_18_
  slave_rdata_o_19_
  slave_rdata_o_1_
  slave_rdata_o_20_
  slave_rdata_o_21_
  slave_rdata_o_22_
  slave_rdata_o_23_
  slave_rdata_o_24_
  slave_rdata_o_25_
  slave_rdata_o_26_
  slave_rdata_o_27_
  slave_rdata_o_28_
  slave_rdata_o_29_
  slave_rdata_o_2_
  slave_rdata_o_30_
  slave_rdata_o_31_
  slave_rdata_o_3_
  slave_rdata_o_4_
  slave_rdata_o_5_
  slave_rdata_o_6_
  slave_rdata_o_7_
  slave_rdata_o_8_
  slave_rdata_o_9_
Warning: There are 143 unconstrained endpoints.
  debug_req_o
  dmactive_o
  dmi_req_ready_o
  dmi_resp_o_0_
  dmi_resp_o_10_
  dmi_resp_o_11_
  dmi_resp_o_12_
  dmi_resp_o_13_
  dmi_resp_o_14_
  dmi_resp_o_15_
  dmi_resp_o_16_
  dmi_resp_o_17_
  dmi_resp_o_18_
  dmi_resp_o_19_
  dmi_resp_o_1_
  dmi_resp_o_20_
  dmi_resp_o_21_
  dmi_resp_o_22_
  dmi_resp_o_23_
  dmi_resp_o_24_
  dmi_resp_o_25_
  dmi_resp_o_26_
  dmi_resp_o_27_
  dmi_resp_o_28_
  dmi_resp_o_29_
  dmi_resp_o_2_
  dmi_resp_o_30_
  dmi_resp_o_31_
  dmi_resp_o_32_
  dmi_resp_o_33_
  dmi_resp_o_3_
  dmi_resp_o_4_
  dmi_resp_o_5_
  dmi_resp_o_6_
  dmi_resp_o_7_
  dmi_resp_o_8_
  dmi_resp_o_9_
  dmi_resp_valid_o
  master_add_o_0_
  master_add_o_10_
  master_add_o_11_
  master_add_o_12_
  master_add_o_13_
  master_add_o_14_
  master_add_o_15_
  master_add_o_16_
  master_add_o_17_
  master_add_o_18_
  master_add_o_19_
  master_add_o_1_
  master_add_o_20_
  master_add_o_21_
  master_add_o_22_
  master_add_o_23_
  master_add_o_24_
  master_add_o_25_
  master_add_o_26_
  master_add_o_27_
  master_add_o_28_
  master_add_o_29_
  master_add_o_2_
  master_add_o_30_
  master_add_o_31_
  master_add_o_3_
  master_add_o_4_
  master_add_o_5_
  master_add_o_6_
  master_add_o_7_
  master_add_o_8_
  master_add_o_9_
  master_be_o_0_
  master_be_o_1_
  master_be_o_2_
  master_be_o_3_
  master_req_o
  master_wdata_o_0_
  master_wdata_o_10_
  master_wdata_o_11_
  master_wdata_o_12_
  master_wdata_o_13_
  master_wdata_o_14_
  master_wdata_o_15_
  master_wdata_o_16_
  master_wdata_o_17_
  master_wdata_o_18_
  master_wdata_o_19_
  master_wdata_o_1_
  master_wdata_o_20_
  master_wdata_o_21_
  master_wdata_o_22_
  master_wdata_o_23_
  master_wdata_o_24_
  master_wdata_o_25_
  master_wdata_o_26_
  master_wdata_o_27_
  master_wdata_o_28_
  master_wdata_o_29_
  master_wdata_o_2_
  master_wdata_o_30_
  master_wdata_o_31_
  master_wdata_o_3_
  master_wdata_o_4_
  master_wdata_o_5_
  master_wdata_o_6_
  master_wdata_o_7_
  master_wdata_o_8_
  master_wdata_o_9_
  master_we_o
  ndmreset_o
  slave_rdata_o_0_
  slave_rdata_o_10_
  slave_rdata_o_11_
  slave_rdata_o_12_
  slave_rdata_o_13_
  slave_rdata_o_14_
  slave_rdata_o_15_
  slave_rdata_o_16_
  slave_rdata_o_17_
  slave_rdata_o_18_
  slave_rdata_o_19_
  slave_rdata_o_1_
  slave_rdata_o_20_
  slave_rdata_o_21_
  slave_rdata_o_22_
  slave_rdata_o_23_
  slave_rdata_o_24_
  slave_rdata_o_25_
  slave_rdata_o_26_
  slave_rdata_o_27_
  slave_rdata_o_28_
  slave_rdata_o_29_
  slave_rdata_o_2_
  slave_rdata_o_30_
  slave_rdata_o_31_
  slave_rdata_o_3_
  slave_rdata_o_4_
  slave_rdata_o_5_
  slave_rdata_o_6_
  slave_rdata_o_7_
  slave_rdata_o_8_
  slave_rdata_o_9_
  i_dm_mem.fwd_rom_q_reg/D
  i_dm_mem.word_enable32_q_reg/D
max_delay/setup group clk_sys

                                     Required  Actual
Endpoint                               Delay   Delay   Slack
------------------------------------------------------------
i_dm_sba.state_q_2__reg/D (sg13g2_dfrbp_1)   12.30  143.01 -130.70 (VIOLATED)

max_delay/setup group clk_sys

                                     Required  Actual
Endpoint                               Delay   Delay   Slack
------------------------------------------------------------
i_dm_sba.state_q_2__reg/D (sg13g2_dfrbp_1)   12.30  143.01 -130.70 (VIOLATED)

max_delay/setup group clk_sys

                                     Required  Actual
Endpoint                               Delay   Delay   Slack
------------------------------------------------------------
i_dm_sba.state_q_2__reg/D (sg13g2_dfrbp_1)   12.30  143.01 -130.70 (VIOLATED)

