dm_top/cmd_0__reg
dm_top/cmd_10__reg
dm_top/cmd_11__reg
dm_top/cmd_12__reg
dm_top/cmd_14__reg
dm_top/cmd_15__reg
dm_top/cmd_16__reg
dm_top/cmd_17__reg
dm_top/cmd_18__reg
dm_top/cmd_19__reg
dm_top/cmd_1__reg
dm_top/cmd_20__reg
dm_top/cmd_21__reg
dm_top/cmd_22__reg
dm_top/cmd_24__reg
dm_top/cmd_25__reg
dm_top/cmd_26__reg
dm_top/cmd_27__reg
dm_top/cmd_28__reg
dm_top/cmd_29__reg
dm_top/cmd_2__reg
dm_top/cmd_30__reg
dm_top/cmd_31__reg
dm_top/cmd_3__reg
dm_top/cmd_4__reg
dm_top/cmd_5__reg
dm_top/cmd_6__reg
dm_top/cmd_7__reg
dm_top/cmd_8__reg
dm_top/cmd_9__reg
dm_top/cmd_valid_reg
dm_top/data_csrs_mem_0__reg
dm_top/data_csrs_mem_10__reg
dm_top/data_csrs_mem_11__reg
dm_top/data_csrs_mem_12__reg
dm_top/data_csrs_mem_13__reg
dm_top/data_csrs_mem_14__reg
dm_top/data_csrs_mem_15__reg
dm_top/data_csrs_mem_16__reg
dm_top/data_csrs_mem_17__reg
dm_top/data_csrs_mem_18__reg
dm_top/data_csrs_mem_19__reg
dm_top/data_csrs_mem_1__reg
dm_top/data_csrs_mem_20__reg
dm_top/data_csrs_mem_21__reg
dm_top/data_csrs_mem_22__reg
dm_top/data_csrs_mem_23__reg
dm_top/data_csrs_mem_24__reg
dm_top/data_csrs_mem_25__reg
dm_top/data_csrs_mem_26__reg
dm_top/data_csrs_mem_27__reg
dm_top/data_csrs_mem_28__reg
dm_top/data_csrs_mem_29__reg
dm_top/data_csrs_mem_2__reg
dm_top/data_csrs_mem_30__reg
dm_top/data_csrs_mem_31__reg
dm_top/data_csrs_mem_32__reg
dm_top/data_csrs_mem_33__reg
dm_top/data_csrs_mem_34__reg
dm_top/data_csrs_mem_35__reg
dm_top/data_csrs_mem_36__reg
dm_top/data_csrs_mem_37__reg
dm_top/data_csrs_mem_38__reg
dm_top/data_csrs_mem_39__reg
dm_top/data_csrs_mem_3__reg
dm_top/data_csrs_mem_40__reg
dm_top/data_csrs_mem_41__reg
dm_top/data_csrs_mem_42__reg
dm_top/data_csrs_mem_43__reg
dm_top/data_csrs_mem_44__reg
dm_top/data_csrs_mem_45__reg
dm_top/data_csrs_mem_46__reg
dm_top/data_csrs_mem_47__reg
dm_top/data_csrs_mem_48__reg
dm_top/data_csrs_mem_49__reg
dm_top/data_csrs_mem_4__reg
dm_top/data_csrs_mem_50__reg
dm_top/data_csrs_mem_51__reg
dm_top/data_csrs_mem_52__reg
dm_top/data_csrs_mem_53__reg
dm_top/data_csrs_mem_54__reg
dm_top/data_csrs_mem_55__reg
dm_top/data_csrs_mem_56__reg
dm_top/data_csrs_mem_57__reg
dm_top/data_csrs_mem_58__reg
dm_top/data_csrs_mem_59__reg
dm_top/data_csrs_mem_5__reg
dm_top/data_csrs_mem_60__reg
dm_top/data_csrs_mem_61__reg
dm_top/data_csrs_mem_62__reg
dm_top/data_csrs_mem_63__reg
dm_top/data_csrs_mem_6__reg
dm_top/data_csrs_mem_7__reg
dm_top/data_csrs_mem_8__reg
dm_top/data_csrs_mem_9__reg
dm_top/debug_req_o_reg
dm_top/dmactive_o_reg
dm_top/halted_reg
dm_top/i_dm_csrs.abstractauto_q_0__reg
dm_top/i_dm_csrs.abstractauto_q_16__reg
dm_top/i_dm_csrs.abstractauto_q_17__reg
dm_top/i_dm_csrs.abstractauto_q_18__reg
dm_top/i_dm_csrs.abstractauto_q_19__reg
dm_top/i_dm_csrs.abstractauto_q_1__reg
dm_top/i_dm_csrs.abstractauto_q_20__reg
dm_top/i_dm_csrs.abstractauto_q_21__reg
dm_top/i_dm_csrs.abstractauto_q_22__reg
dm_top/i_dm_csrs.abstractauto_q_23__reg
dm_top/i_dm_csrs.cmderr_q_0__reg
dm_top/i_dm_csrs.cmderr_q_1__reg
dm_top/i_dm_csrs.cmderr_q_2__reg
dm_top/i_dm_csrs.havereset_q_reg
dm_top/i_dm_csrs.i_fifo.mem_q_0__reg
dm_top/i_dm_csrs.i_fifo.mem_q_10__reg
dm_top/i_dm_csrs.i_fifo.mem_q_11__reg
dm_top/i_dm_csrs.i_fifo.mem_q_12__reg
dm_top/i_dm_csrs.i_fifo.mem_q_13__reg
dm_top/i_dm_csrs.i_fifo.mem_q_14__reg
dm_top/i_dm_csrs.i_fifo.mem_q_15__reg
dm_top/i_dm_csrs.i_fifo.mem_q_16__reg
dm_top/i_dm_csrs.i_fifo.mem_q_17__reg
dm_top/i_dm_csrs.i_fifo.mem_q_18__reg
dm_top/i_dm_csrs.i_fifo.mem_q_19__reg
dm_top/i_dm_csrs.i_fifo.mem_q_1__reg
dm_top/i_dm_csrs.i_fifo.mem_q_20__reg
dm_top/i_dm_csrs.i_fifo.mem_q_21__reg
dm_top/i_dm_csrs.i_fifo.mem_q_22__reg
dm_top/i_dm_csrs.i_fifo.mem_q_23__reg
dm_top/i_dm_csrs.i_fifo.mem_q_24__reg
dm_top/i_dm_csrs.i_fifo.mem_q_25__reg
dm_top/i_dm_csrs.i_fifo.mem_q_26__reg
dm_top/i_dm_csrs.i_fifo.mem_q_27__reg
dm_top/i_dm_csrs.i_fifo.mem_q_28__reg
dm_top/i_dm_csrs.i_fifo.mem_q_29__reg
dm_top/i_dm_csrs.i_fifo.mem_q_2__reg
dm_top/i_dm_csrs.i_fifo.mem_q_30__reg
dm_top/i_dm_csrs.i_fifo.mem_q_31__reg
dm_top/i_dm_csrs.i_fifo.mem_q_32__reg
dm_top/i_dm_csrs.i_fifo.mem_q_33__reg
dm_top/i_dm_csrs.i_fifo.mem_q_34__reg
dm_top/i_dm_csrs.i_fifo.mem_q_35__reg
dm_top/i_dm_csrs.i_fifo.mem_q_36__reg
dm_top/i_dm_csrs.i_fifo.mem_q_37__reg
dm_top/i_dm_csrs.i_fifo.mem_q_38__reg
dm_top/i_dm_csrs.i_fifo.mem_q_39__reg
dm_top/i_dm_csrs.i_fifo.mem_q_3__reg
dm_top/i_dm_csrs.i_fifo.mem_q_40__reg
dm_top/i_dm_csrs.i_fifo.mem_q_41__reg
dm_top/i_dm_csrs.i_fifo.mem_q_42__reg
dm_top/i_dm_csrs.i_fifo.mem_q_43__reg
dm_top/i_dm_csrs.i_fifo.mem_q_44__reg
dm_top/i_dm_csrs.i_fifo.mem_q_45__reg
dm_top/i_dm_csrs.i_fifo.mem_q_46__reg
dm_top/i_dm_csrs.i_fifo.mem_q_47__reg
dm_top/i_dm_csrs.i_fifo.mem_q_48__reg
dm_top/i_dm_csrs.i_fifo.mem_q_49__reg
dm_top/i_dm_csrs.i_fifo.mem_q_4__reg
dm_top/i_dm_csrs.i_fifo.mem_q_50__reg
dm_top/i_dm_csrs.i_fifo.mem_q_51__reg
dm_top/i_dm_csrs.i_fifo.mem_q_52__reg
dm_top/i_dm_csrs.i_fifo.mem_q_53__reg
dm_top/i_dm_csrs.i_fifo.mem_q_54__reg
dm_top/i_dm_csrs.i_fifo.mem_q_55__reg
dm_top/i_dm_csrs.i_fifo.mem_q_56__reg
dm_top/i_dm_csrs.i_fifo.mem_q_57__reg
dm_top/i_dm_csrs.i_fifo.mem_q_58__reg
dm_top/i_dm_csrs.i_fifo.mem_q_59__reg
dm_top/i_dm_csrs.i_fifo.mem_q_5__reg
dm_top/i_dm_csrs.i_fifo.mem_q_60__reg
dm_top/i_dm_csrs.i_fifo.mem_q_61__reg
dm_top/i_dm_csrs.i_fifo.mem_q_62__reg
dm_top/i_dm_csrs.i_fifo.mem_q_63__reg
dm_top/i_dm_csrs.i_fifo.mem_q_64__reg
dm_top/i_dm_csrs.i_fifo.mem_q_65__reg
dm_top/i_dm_csrs.i_fifo.mem_q_66__reg
dm_top/i_dm_csrs.i_fifo.mem_q_67__reg
dm_top/i_dm_csrs.i_fifo.mem_q_6__reg
dm_top/i_dm_csrs.i_fifo.mem_q_7__reg
dm_top/i_dm_csrs.i_fifo.mem_q_8__reg
dm_top/i_dm_csrs.i_fifo.mem_q_9__reg
dm_top/i_dm_csrs.i_fifo.read_pointer_q_reg
dm_top/i_dm_csrs.i_fifo.status_cnt_q_1__reg
dm_top/i_dm_csrs.i_fifo.usage_o_reg
dm_top/i_dm_csrs.i_fifo.write_pointer_q_reg
dm_top/i_dm_csrs.progbuf_o_0__reg
dm_top/i_dm_csrs.progbuf_o_100__reg
dm_top/i_dm_csrs.progbuf_o_101__reg
dm_top/i_dm_csrs.progbuf_o_102__reg
dm_top/i_dm_csrs.progbuf_o_103__reg
dm_top/i_dm_csrs.progbuf_o_104__reg
dm_top/i_dm_csrs.progbuf_o_105__reg
dm_top/i_dm_csrs.progbuf_o_106__reg
dm_top/i_dm_csrs.progbuf_o_107__reg
dm_top/i_dm_csrs.progbuf_o_108__reg
dm_top/i_dm_csrs.progbuf_o_109__reg
dm_top/i_dm_csrs.progbuf_o_10__reg
dm_top/i_dm_csrs.progbuf_o_110__reg
dm_top/i_dm_csrs.progbuf_o_111__reg
dm_top/i_dm_csrs.progbuf_o_112__reg
dm_top/i_dm_csrs.progbuf_o_113__reg
dm_top/i_dm_csrs.progbuf_o_114__reg
dm_top/i_dm_csrs.progbuf_o_115__reg
dm_top/i_dm_csrs.progbuf_o_116__reg
dm_top/i_dm_csrs.progbuf_o_117__reg
dm_top/i_dm_csrs.progbuf_o_118__reg
dm_top/i_dm_csrs.progbuf_o_119__reg
dm_top/i_dm_csrs.progbuf_o_11__reg
dm_top/i_dm_csrs.progbuf_o_120__reg
dm_top/i_dm_csrs.progbuf_o_121__reg
dm_top/i_dm_csrs.progbuf_o_122__reg
dm_top/i_dm_csrs.progbuf_o_123__reg
dm_top/i_dm_csrs.progbuf_o_124__reg
dm_top/i_dm_csrs.progbuf_o_125__reg
dm_top/i_dm_csrs.progbuf_o_126__reg
dm_top/i_dm_csrs.progbuf_o_127__reg
dm_top/i_dm_csrs.progbuf_o_128__reg
dm_top/i_dm_csrs.progbuf_o_129__reg
dm_top/i_dm_csrs.progbuf_o_12__reg
dm_top/i_dm_csrs.progbuf_o_130__reg
dm_top/i_dm_csrs.progbuf_o_131__reg
dm_top/i_dm_csrs.progbuf_o_132__reg
dm_top/i_dm_csrs.progbuf_o_133__reg
dm_top/i_dm_csrs.progbuf_o_134__reg
dm_top/i_dm_csrs.progbuf_o_135__reg
dm_top/i_dm_csrs.progbuf_o_136__reg
dm_top/i_dm_csrs.progbuf_o_137__reg
dm_top/i_dm_csrs.progbuf_o_138__reg
dm_top/i_dm_csrs.progbuf_o_139__reg
dm_top/i_dm_csrs.progbuf_o_13__reg
dm_top/i_dm_csrs.progbuf_o_140__reg
dm_top/i_dm_csrs.progbuf_o_141__reg
dm_top/i_dm_csrs.progbuf_o_142__reg
dm_top/i_dm_csrs.progbuf_o_143__reg
dm_top/i_dm_csrs.progbuf_o_144__reg
dm_top/i_dm_csrs.progbuf_o_145__reg
dm_top/i_dm_csrs.progbuf_o_146__reg
dm_top/i_dm_csrs.progbuf_o_147__reg
dm_top/i_dm_csrs.progbuf_o_148__reg
dm_top/i_dm_csrs.progbuf_o_149__reg
dm_top/i_dm_csrs.progbuf_o_14__reg
dm_top/i_dm_csrs.progbuf_o_150__reg
dm_top/i_dm_csrs.progbuf_o_151__reg
dm_top/i_dm_csrs.progbuf_o_152__reg
dm_top/i_dm_csrs.progbuf_o_153__reg
dm_top/i_dm_csrs.progbuf_o_154__reg
dm_top/i_dm_csrs.progbuf_o_155__reg
dm_top/i_dm_csrs.progbuf_o_156__reg
dm_top/i_dm_csrs.progbuf_o_157__reg
dm_top/i_dm_csrs.progbuf_o_158__reg
dm_top/i_dm_csrs.progbuf_o_159__reg
dm_top/i_dm_csrs.progbuf_o_15__reg
dm_top/i_dm_csrs.progbuf_o_160__reg
dm_top/i_dm_csrs.progbuf_o_161__reg
dm_top/i_dm_csrs.progbuf_o_162__reg
dm_top/i_dm_csrs.progbuf_o_163__reg
dm_top/i_dm_csrs.progbuf_o_164__reg
dm_top/i_dm_csrs.progbuf_o_165__reg
dm_top/i_dm_csrs.progbuf_o_166__reg
dm_top/i_dm_csrs.progbuf_o_167__reg
dm_top/i_dm_csrs.progbuf_o_168__reg
dm_top/i_dm_csrs.progbuf_o_169__reg
dm_top/i_dm_csrs.progbuf_o_16__reg
dm_top/i_dm_csrs.progbuf_o_170__reg
dm_top/i_dm_csrs.progbuf_o_171__reg
dm_top/i_dm_csrs.progbuf_o_172__reg
dm_top/i_dm_csrs.progbuf_o_173__reg
dm_top/i_dm_csrs.progbuf_o_174__reg
dm_top/i_dm_csrs.progbuf_o_175__reg
dm_top/i_dm_csrs.progbuf_o_176__reg
dm_top/i_dm_csrs.progbuf_o_177__reg
dm_top/i_dm_csrs.progbuf_o_178__reg
dm_top/i_dm_csrs.progbuf_o_179__reg
dm_top/i_dm_csrs.progbuf_o_17__reg
dm_top/i_dm_csrs.progbuf_o_180__reg
dm_top/i_dm_csrs.progbuf_o_181__reg
dm_top/i_dm_csrs.progbuf_o_182__reg
dm_top/i_dm_csrs.progbuf_o_183__reg
dm_top/i_dm_csrs.progbuf_o_184__reg
dm_top/i_dm_csrs.progbuf_o_185__reg
dm_top/i_dm_csrs.progbuf_o_186__reg
dm_top/i_dm_csrs.progbuf_o_187__reg
dm_top/i_dm_csrs.progbuf_o_188__reg
dm_top/i_dm_csrs.progbuf_o_189__reg
dm_top/i_dm_csrs.progbuf_o_18__reg
dm_top/i_dm_csrs.progbuf_o_190__reg
dm_top/i_dm_csrs.progbuf_o_191__reg
dm_top/i_dm_csrs.progbuf_o_192__reg
dm_top/i_dm_csrs.progbuf_o_193__reg
dm_top/i_dm_csrs.progbuf_o_194__reg
dm_top/i_dm_csrs.progbuf_o_195__reg
dm_top/i_dm_csrs.progbuf_o_196__reg
dm_top/i_dm_csrs.progbuf_o_197__reg
dm_top/i_dm_csrs.progbuf_o_198__reg
dm_top/i_dm_csrs.progbuf_o_199__reg
dm_top/i_dm_csrs.progbuf_o_19__reg
dm_top/i_dm_csrs.progbuf_o_1__reg
dm_top/i_dm_csrs.progbuf_o_200__reg
dm_top/i_dm_csrs.progbuf_o_201__reg
dm_top/i_dm_csrs.progbuf_o_202__reg
dm_top/i_dm_csrs.progbuf_o_203__reg
dm_top/i_dm_csrs.progbuf_o_204__reg
dm_top/i_dm_csrs.progbuf_o_205__reg
dm_top/i_dm_csrs.progbuf_o_206__reg
dm_top/i_dm_csrs.progbuf_o_207__reg
dm_top/i_dm_csrs.progbuf_o_208__reg
dm_top/i_dm_csrs.progbuf_o_209__reg
dm_top/i_dm_csrs.progbuf_o_20__reg
dm_top/i_dm_csrs.progbuf_o_210__reg
dm_top/i_dm_csrs.progbuf_o_211__reg
dm_top/i_dm_csrs.progbuf_o_212__reg
dm_top/i_dm_csrs.progbuf_o_213__reg
dm_top/i_dm_csrs.progbuf_o_214__reg
dm_top/i_dm_csrs.progbuf_o_215__reg
dm_top/i_dm_csrs.progbuf_o_216__reg
dm_top/i_dm_csrs.progbuf_o_217__reg
dm_top/i_dm_csrs.progbuf_o_218__reg
dm_top/i_dm_csrs.progbuf_o_219__reg
dm_top/i_dm_csrs.progbuf_o_21__reg
dm_top/i_dm_csrs.progbuf_o_220__reg
dm_top/i_dm_csrs.progbuf_o_221__reg
dm_top/i_dm_csrs.progbuf_o_222__reg
dm_top/i_dm_csrs.progbuf_o_223__reg
dm_top/i_dm_csrs.progbuf_o_224__reg
dm_top/i_dm_csrs.progbuf_o_225__reg
dm_top/i_dm_csrs.progbuf_o_226__reg
dm_top/i_dm_csrs.progbuf_o_227__reg
dm_top/i_dm_csrs.progbuf_o_228__reg
dm_top/i_dm_csrs.progbuf_o_229__reg
dm_top/i_dm_csrs.progbuf_o_22__reg
dm_top/i_dm_csrs.progbuf_o_230__reg
dm_top/i_dm_csrs.progbuf_o_231__reg
dm_top/i_dm_csrs.progbuf_o_232__reg
dm_top/i_dm_csrs.progbuf_o_233__reg
dm_top/i_dm_csrs.progbuf_o_234__reg
dm_top/i_dm_csrs.progbuf_o_235__reg
dm_top/i_dm_csrs.progbuf_o_236__reg
dm_top/i_dm_csrs.progbuf_o_237__reg
dm_top/i_dm_csrs.progbuf_o_238__reg
dm_top/i_dm_csrs.progbuf_o_239__reg
dm_top/i_dm_csrs.progbuf_o_23__reg
dm_top/i_dm_csrs.progbuf_o_240__reg
dm_top/i_dm_csrs.progbuf_o_241__reg
dm_top/i_dm_csrs.progbuf_o_242__reg
dm_top/i_dm_csrs.progbuf_o_243__reg
dm_top/i_dm_csrs.progbuf_o_244__reg
dm_top/i_dm_csrs.progbuf_o_245__reg
dm_top/i_dm_csrs.progbuf_o_246__reg
dm_top/i_dm_csrs.progbuf_o_247__reg
dm_top/i_dm_csrs.progbuf_o_248__reg
dm_top/i_dm_csrs.progbuf_o_249__reg
dm_top/i_dm_csrs.progbuf_o_24__reg
dm_top/i_dm_csrs.progbuf_o_250__reg
dm_top/i_dm_csrs.progbuf_o_251__reg
dm_top/i_dm_csrs.progbuf_o_252__reg
dm_top/i_dm_csrs.progbuf_o_253__reg
dm_top/i_dm_csrs.progbuf_o_254__reg
dm_top/i_dm_csrs.progbuf_o_255__reg
dm_top/i_dm_csrs.progbuf_o_25__reg
dm_top/i_dm_csrs.progbuf_o_26__reg
dm_top/i_dm_csrs.progbuf_o_27__reg
dm_top/i_dm_csrs.progbuf_o_28__reg
dm_top/i_dm_csrs.progbuf_o_29__reg
dm_top/i_dm_csrs.progbuf_o_2__reg
dm_top/i_dm_csrs.progbuf_o_30__reg
dm_top/i_dm_csrs.progbuf_o_31__reg
dm_top/i_dm_csrs.progbuf_o_32__reg
dm_top/i_dm_csrs.progbuf_o_33__reg
dm_top/i_dm_csrs.progbuf_o_34__reg
dm_top/i_dm_csrs.progbuf_o_35__reg
dm_top/i_dm_csrs.progbuf_o_36__reg
dm_top/i_dm_csrs.progbuf_o_37__reg
dm_top/i_dm_csrs.progbuf_o_38__reg
dm_top/i_dm_csrs.progbuf_o_39__reg
dm_top/i_dm_csrs.progbuf_o_3__reg
dm_top/i_dm_csrs.progbuf_o_40__reg
dm_top/i_dm_csrs.progbuf_o_41__reg
dm_top/i_dm_csrs.progbuf_o_42__reg
dm_top/i_dm_csrs.progbuf_o_43__reg
dm_top/i_dm_csrs.progbuf_o_44__reg
dm_top/i_dm_csrs.progbuf_o_45__reg
dm_top/i_dm_csrs.progbuf_o_46__reg
dm_top/i_dm_csrs.progbuf_o_47__reg
dm_top/i_dm_csrs.progbuf_o_48__reg
dm_top/i_dm_csrs.progbuf_o_49__reg
dm_top/i_dm_csrs.progbuf_o_4__reg
dm_top/i_dm_csrs.progbuf_o_50__reg
dm_top/i_dm_csrs.progbuf_o_51__reg
dm_top/i_dm_csrs.progbuf_o_52__reg
dm_top/i_dm_csrs.progbuf_o_53__reg
dm_top/i_dm_csrs.progbuf_o_54__reg
dm_top/i_dm_csrs.progbuf_o_55__reg
dm_top/i_dm_csrs.progbuf_o_56__reg
dm_top/i_dm_csrs.progbuf_o_57__reg
dm_top/i_dm_csrs.progbuf_o_58__reg
dm_top/i_dm_csrs.progbuf_o_59__reg
dm_top/i_dm_csrs.progbuf_o_5__reg
dm_top/i_dm_csrs.progbuf_o_60__reg
dm_top/i_dm_csrs.progbuf_o_61__reg
dm_top/i_dm_csrs.progbuf_o_62__reg
dm_top/i_dm_csrs.progbuf_o_63__reg
dm_top/i_dm_csrs.progbuf_o_64__reg
dm_top/i_dm_csrs.progbuf_o_65__reg
dm_top/i_dm_csrs.progbuf_o_66__reg
dm_top/i_dm_csrs.progbuf_o_67__reg
dm_top/i_dm_csrs.progbuf_o_68__reg
dm_top/i_dm_csrs.progbuf_o_69__reg
dm_top/i_dm_csrs.progbuf_o_6__reg
dm_top/i_dm_csrs.progbuf_o_70__reg
dm_top/i_dm_csrs.progbuf_o_71__reg
dm_top/i_dm_csrs.progbuf_o_72__reg
dm_top/i_dm_csrs.progbuf_o_73__reg
dm_top/i_dm_csrs.progbuf_o_74__reg
dm_top/i_dm_csrs.progbuf_o_75__reg
dm_top/i_dm_csrs.progbuf_o_76__reg
dm_top/i_dm_csrs.progbuf_o_77__reg
dm_top/i_dm_csrs.progbuf_o_78__reg
dm_top/i_dm_csrs.progbuf_o_79__reg
dm_top/i_dm_csrs.progbuf_o_7__reg
dm_top/i_dm_csrs.progbuf_o_80__reg
dm_top/i_dm_csrs.progbuf_o_81__reg
dm_top/i_dm_csrs.progbuf_o_82__reg
dm_top/i_dm_csrs.progbuf_o_83__reg
dm_top/i_dm_csrs.progbuf_o_84__reg
dm_top/i_dm_csrs.progbuf_o_85__reg
dm_top/i_dm_csrs.progbuf_o_86__reg
dm_top/i_dm_csrs.progbuf_o_87__reg
dm_top/i_dm_csrs.progbuf_o_88__reg
dm_top/i_dm_csrs.progbuf_o_89__reg
dm_top/i_dm_csrs.progbuf_o_8__reg
dm_top/i_dm_csrs.progbuf_o_90__reg
dm_top/i_dm_csrs.progbuf_o_91__reg
dm_top/i_dm_csrs.progbuf_o_92__reg
dm_top/i_dm_csrs.progbuf_o_93__reg
dm_top/i_dm_csrs.progbuf_o_94__reg
dm_top/i_dm_csrs.progbuf_o_95__reg
dm_top/i_dm_csrs.progbuf_o_96__reg
dm_top/i_dm_csrs.progbuf_o_97__reg
dm_top/i_dm_csrs.progbuf_o_98__reg
dm_top/i_dm_csrs.progbuf_o_99__reg
dm_top/i_dm_csrs.progbuf_o_9__reg
dm_top/i_dm_csrs.resumeack_i_reg
dm_top/i_dm_csrs.resumereq_o_reg
dm_top/i_dm_csrs.sbaccess_o_0__reg
dm_top/i_dm_csrs.sbaccess_o_1__reg
dm_top/i_dm_csrs.sbaccess_o_2__reg
dm_top/i_dm_csrs.sbaddr_q_32__reg
dm_top/i_dm_csrs.sbaddr_q_33__reg
dm_top/i_dm_csrs.sbaddr_q_34__reg
dm_top/i_dm_csrs.sbaddr_q_35__reg
dm_top/i_dm_csrs.sbaddr_q_36__reg
dm_top/i_dm_csrs.sbaddr_q_37__reg
dm_top/i_dm_csrs.sbaddr_q_38__reg
dm_top/i_dm_csrs.sbaddr_q_39__reg
dm_top/i_dm_csrs.sbaddr_q_40__reg
dm_top/i_dm_csrs.sbaddr_q_41__reg
dm_top/i_dm_csrs.sbaddr_q_42__reg
dm_top/i_dm_csrs.sbaddr_q_43__reg
dm_top/i_dm_csrs.sbaddr_q_44__reg
dm_top/i_dm_csrs.sbaddr_q_45__reg
dm_top/i_dm_csrs.sbaddr_q_46__reg
dm_top/i_dm_csrs.sbaddr_q_47__reg
dm_top/i_dm_csrs.sbaddr_q_48__reg
dm_top/i_dm_csrs.sbaddr_q_49__reg
dm_top/i_dm_csrs.sbaddr_q_50__reg
dm_top/i_dm_csrs.sbaddr_q_51__reg
dm_top/i_dm_csrs.sbaddr_q_52__reg
dm_top/i_dm_csrs.sbaddr_q_53__reg
dm_top/i_dm_csrs.sbaddr_q_54__reg
dm_top/i_dm_csrs.sbaddr_q_55__reg
dm_top/i_dm_csrs.sbaddr_q_56__reg
dm_top/i_dm_csrs.sbaddr_q_57__reg
dm_top/i_dm_csrs.sbaddr_q_58__reg
dm_top/i_dm_csrs.sbaddr_q_59__reg
dm_top/i_dm_csrs.sbaddr_q_60__reg
dm_top/i_dm_csrs.sbaddr_q_61__reg
dm_top/i_dm_csrs.sbaddr_q_62__reg
dm_top/i_dm_csrs.sbaddr_q_63__reg
dm_top/i_dm_csrs.sbautoincrement_o_reg
dm_top/i_dm_csrs.sbcs_q_12__reg
dm_top/i_dm_csrs.sbcs_q_13__reg
dm_top/i_dm_csrs.sbcs_q_14__reg
dm_top/i_dm_csrs.sbcs_q_21__reg
dm_top/i_dm_csrs.sbcs_q_22__reg
dm_top/i_dm_csrs.sbcs_q_23__reg
dm_top/i_dm_csrs.sbcs_q_24__reg
dm_top/i_dm_csrs.sbcs_q_25__reg
dm_top/i_dm_csrs.sbcs_q_26__reg
dm_top/i_dm_csrs.sbcs_q_27__reg
dm_top/i_dm_csrs.sbcs_q_28__reg
dm_top/i_dm_csrs.sbcs_q_29__reg
dm_top/i_dm_csrs.sbdata_o_0__reg
dm_top/i_dm_csrs.sbdata_o_10__reg
dm_top/i_dm_csrs.sbdata_o_11__reg
dm_top/i_dm_csrs.sbdata_o_12__reg
dm_top/i_dm_csrs.sbdata_o_13__reg
dm_top/i_dm_csrs.sbdata_o_14__reg
dm_top/i_dm_csrs.sbdata_o_15__reg
dm_top/i_dm_csrs.sbdata_o_16__reg
dm_top/i_dm_csrs.sbdata_o_17__reg
dm_top/i_dm_csrs.sbdata_o_18__reg
dm_top/i_dm_csrs.sbdata_o_19__reg
dm_top/i_dm_csrs.sbdata_o_1__reg
dm_top/i_dm_csrs.sbdata_o_20__reg
dm_top/i_dm_csrs.sbdata_o_21__reg
dm_top/i_dm_csrs.sbdata_o_22__reg
dm_top/i_dm_csrs.sbdata_o_23__reg
dm_top/i_dm_csrs.sbdata_o_24__reg
dm_top/i_dm_csrs.sbdata_o_25__reg
dm_top/i_dm_csrs.sbdata_o_26__reg
dm_top/i_dm_csrs.sbdata_o_27__reg
dm_top/i_dm_csrs.sbdata_o_28__reg
dm_top/i_dm_csrs.sbdata_o_29__reg
dm_top/i_dm_csrs.sbdata_o_2__reg
dm_top/i_dm_csrs.sbdata_o_30__reg
dm_top/i_dm_csrs.sbdata_o_31__reg
dm_top/i_dm_csrs.sbdata_o_3__reg
dm_top/i_dm_csrs.sbdata_o_4__reg
dm_top/i_dm_csrs.sbdata_o_5__reg
dm_top/i_dm_csrs.sbdata_o_6__reg
dm_top/i_dm_csrs.sbdata_o_7__reg
dm_top/i_dm_csrs.sbdata_o_8__reg
dm_top/i_dm_csrs.sbdata_o_9__reg
dm_top/i_dm_csrs.sbdata_q_32__reg
dm_top/i_dm_csrs.sbdata_q_33__reg
dm_top/i_dm_csrs.sbdata_q_34__reg
dm_top/i_dm_csrs.sbdata_q_35__reg
dm_top/i_dm_csrs.sbdata_q_36__reg
dm_top/i_dm_csrs.sbdata_q_37__reg
dm_top/i_dm_csrs.sbdata_q_38__reg
dm_top/i_dm_csrs.sbdata_q_39__reg
dm_top/i_dm_csrs.sbdata_q_40__reg
dm_top/i_dm_csrs.sbdata_q_41__reg
dm_top/i_dm_csrs.sbdata_q_42__reg
dm_top/i_dm_csrs.sbdata_q_43__reg
dm_top/i_dm_csrs.sbdata_q_44__reg
dm_top/i_dm_csrs.sbdata_q_45__reg
dm_top/i_dm_csrs.sbdata_q_46__reg
dm_top/i_dm_csrs.sbdata_q_47__reg
dm_top/i_dm_csrs.sbdata_q_48__reg
dm_top/i_dm_csrs.sbdata_q_49__reg
dm_top/i_dm_csrs.sbdata_q_50__reg
dm_top/i_dm_csrs.sbdata_q_51__reg
dm_top/i_dm_csrs.sbdata_q_52__reg
dm_top/i_dm_csrs.sbdata_q_53__reg
dm_top/i_dm_csrs.sbdata_q_54__reg
dm_top/i_dm_csrs.sbdata_q_55__reg
dm_top/i_dm_csrs.sbdata_q_56__reg
dm_top/i_dm_csrs.sbdata_q_57__reg
dm_top/i_dm_csrs.sbdata_q_58__reg
dm_top/i_dm_csrs.sbdata_q_59__reg
dm_top/i_dm_csrs.sbdata_q_60__reg
dm_top/i_dm_csrs.sbdata_q_61__reg
dm_top/i_dm_csrs.sbdata_q_62__reg
dm_top/i_dm_csrs.sbdata_q_63__reg
dm_top/i_dm_csrs.sbreadonaddr_o_reg
dm_top/i_dm_csrs.sbreadondata_o_reg
dm_top/i_dm_mem.fwd_rom_q_reg
dm_top/i_dm_mem.gen_rom_snd_scratch.i_debug_rom.addr_q_0__reg
dm_top/i_dm_mem.gen_rom_snd_scratch.i_debug_rom.addr_q_1__reg
dm_top/i_dm_mem.gen_rom_snd_scratch.i_debug_rom.addr_q_2__reg
dm_top/i_dm_mem.gen_rom_snd_scratch.i_debug_rom.addr_q_3__reg
dm_top/i_dm_mem.gen_rom_snd_scratch.i_debug_rom.addr_q_4__reg
dm_top/i_dm_mem.rdata_q_0__reg
dm_top/i_dm_mem.rdata_q_10__reg
dm_top/i_dm_mem.rdata_q_11__reg
dm_top/i_dm_mem.rdata_q_12__reg
dm_top/i_dm_mem.rdata_q_13__reg
dm_top/i_dm_mem.rdata_q_14__reg
dm_top/i_dm_mem.rdata_q_15__reg
dm_top/i_dm_mem.rdata_q_16__reg
dm_top/i_dm_mem.rdata_q_17__reg
dm_top/i_dm_mem.rdata_q_18__reg
dm_top/i_dm_mem.rdata_q_19__reg
dm_top/i_dm_mem.rdata_q_1__reg
dm_top/i_dm_mem.rdata_q_20__reg
dm_top/i_dm_mem.rdata_q_21__reg
dm_top/i_dm_mem.rdata_q_22__reg
dm_top/i_dm_mem.rdata_q_23__reg
dm_top/i_dm_mem.rdata_q_24__reg
dm_top/i_dm_mem.rdata_q_25__reg
dm_top/i_dm_mem.rdata_q_26__reg
dm_top/i_dm_mem.rdata_q_27__reg
dm_top/i_dm_mem.rdata_q_28__reg
dm_top/i_dm_mem.rdata_q_29__reg
dm_top/i_dm_mem.rdata_q_2__reg
dm_top/i_dm_mem.rdata_q_30__reg
dm_top/i_dm_mem.rdata_q_31__reg
dm_top/i_dm_mem.rdata_q_32__reg
dm_top/i_dm_mem.rdata_q_33__reg
dm_top/i_dm_mem.rdata_q_34__reg
dm_top/i_dm_mem.rdata_q_35__reg
dm_top/i_dm_mem.rdata_q_36__reg
dm_top/i_dm_mem.rdata_q_37__reg
dm_top/i_dm_mem.rdata_q_38__reg
dm_top/i_dm_mem.rdata_q_39__reg
dm_top/i_dm_mem.rdata_q_3__reg
dm_top/i_dm_mem.rdata_q_40__reg
dm_top/i_dm_mem.rdata_q_41__reg
dm_top/i_dm_mem.rdata_q_42__reg
dm_top/i_dm_mem.rdata_q_43__reg
dm_top/i_dm_mem.rdata_q_44__reg
dm_top/i_dm_mem.rdata_q_45__reg
dm_top/i_dm_mem.rdata_q_46__reg
dm_top/i_dm_mem.rdata_q_47__reg
dm_top/i_dm_mem.rdata_q_48__reg
dm_top/i_dm_mem.rdata_q_49__reg
dm_top/i_dm_mem.rdata_q_4__reg
dm_top/i_dm_mem.rdata_q_50__reg
dm_top/i_dm_mem.rdata_q_51__reg
dm_top/i_dm_mem.rdata_q_52__reg
dm_top/i_dm_mem.rdata_q_53__reg
dm_top/i_dm_mem.rdata_q_54__reg
dm_top/i_dm_mem.rdata_q_55__reg
dm_top/i_dm_mem.rdata_q_56__reg
dm_top/i_dm_mem.rdata_q_57__reg
dm_top/i_dm_mem.rdata_q_58__reg
dm_top/i_dm_mem.rdata_q_59__reg
dm_top/i_dm_mem.rdata_q_5__reg
dm_top/i_dm_mem.rdata_q_60__reg
dm_top/i_dm_mem.rdata_q_61__reg
dm_top/i_dm_mem.rdata_q_62__reg
dm_top/i_dm_mem.rdata_q_63__reg
dm_top/i_dm_mem.rdata_q_6__reg
dm_top/i_dm_mem.rdata_q_7__reg
dm_top/i_dm_mem.rdata_q_8__reg
dm_top/i_dm_mem.rdata_q_9__reg
dm_top/i_dm_mem.state_q_0__reg
dm_top/i_dm_mem.state_q_1__reg
dm_top/i_dm_mem.word_enable32_q_reg
dm_top/i_dm_sba.state_q_0__reg
dm_top/i_dm_sba.state_q_1__reg
dm_top/i_dm_sba.state_q_2__reg
dm_top/master_add_o[0]_reg
dm_top/master_add_o[10]_reg
dm_top/master_add_o[11]_reg
dm_top/master_add_o[12]_reg
dm_top/master_add_o[13]_reg
dm_top/master_add_o[14]_reg
dm_top/master_add_o[15]_reg
dm_top/master_add_o[16]_reg
dm_top/master_add_o[17]_reg
dm_top/master_add_o[18]_reg
dm_top/master_add_o[19]_reg
dm_top/master_add_o[1]_reg
dm_top/master_add_o[20]_reg
dm_top/master_add_o[21]_reg
dm_top/master_add_o[22]_reg
dm_top/master_add_o[23]_reg
dm_top/master_add_o[24]_reg
dm_top/master_add_o[25]_reg
dm_top/master_add_o[26]_reg
dm_top/master_add_o[27]_reg
dm_top/master_add_o[28]_reg
dm_top/master_add_o[29]_reg
dm_top/master_add_o[2]_reg
dm_top/master_add_o[30]_reg
dm_top/master_add_o[31]_reg
dm_top/master_add_o[3]_reg
dm_top/master_add_o[4]_reg
dm_top/master_add_o[5]_reg
dm_top/master_add_o[6]_reg
dm_top/master_add_o[7]_reg
dm_top/master_add_o[8]_reg
dm_top/master_add_o[9]_reg
dm_top/ndmreset_o_reg
