
41. Printing statistics.

=== debug_rom$dm_top.i_dm_mem.gen_rom_snd_scratch.i_debug_rom ===

   Number of wires:                 16
   Number of wire bits:            601
   Number of public wires:           6
   Number of public wire bits:     136
   Number of ports:                  5
   Number of port bits:            131
   Number of memories:               0
   Number of memory bits:            0
   Number of processes:              0
   Number of cells:                 14
     $adffe                          1
     $lt                             1
     $mux                           12

   Estimated number of transistors:          0+

=== dm_csrs$dm_top.i_dm_csrs ===

   Number of wires:                218
   Number of wire bits:           3344
   Number of public wires:          68
   Number of public wire bits:    1514
   Number of ports:                 46
   Number of port bits:            742
   Number of memories:               0
   Number of memory bits:            0
   Number of processes:              0
   Number of cells:                238
     $adff                           8
     $adffe                         25
     $and                           13
     $bwmux                          2
     $eq                            28
     $le                             2
     $logic_and                      7
     $logic_not                      3
     $logic_or                       1
     $mux                           86
     $ne                            24
     $not                            7
     $or                             5
     $pmux                           6
     $reduce_and                    10
     $reduce_or                      9
     $sub                            1
     fifo_v3$dm_top.i_dm_csrs.i_fifo      1

   Estimated number of transistors:          0+

=== dm_mem$dm_top.i_dm_mem ===

   Number of wires:                176
   Number of wire bits:           3539
   Number of public wires:          41
   Number of public wire bits:    1081
   Number of ports:                 25
   Number of port bits:            554
   Number of memories:               0
   Number of memory bits:            0
   Number of processes:              0
   Number of cells:                168
     $adff                           3
     $adffe                          3
     $and                            9
     $eq                            14
     $ge                             4
     $le                             4
     $logic_and                     18
     $logic_not                     10
     $logic_or                       1
     $lt                             1
     $mux                           70
     $ne                             6
     $not                            5
     $or                             4
     $pmux                           2
     $reduce_and                     3
     $reduce_bool                    4
     $reduce_or                      3
     $sub                            3
     debug_rom$dm_top.i_dm_mem.gen_rom_snd_scratch.i_debug_rom      1

   Estimated number of transistors:          0+

=== dm_sba$dm_top.i_dm_sba ===

   Number of wires:                 79
   Number of wire bits:            526
   Number of public wires:          35
   Number of public wire bits:     329
   Number of ports:                 28
   Number of port bits:            252
   Number of memories:               0
   Number of memory bits:            0
   Number of processes:              0
   Number of cells:                 63
     $add                            1
     $adffe                          1
     $and                            7
     $eq                            11
     $gt                             1
     $logic_and                      4
     $logic_not                      2
     $mux                           13
     $ne                             4
     $neg                            1
     $not                            1
     $or                             3
     $pmux                           2
     $reduce_and                     1
     $reduce_bool                    1
     $reduce_or                      4
     $shift                          1
     $shiftx                         1
     $shl                            3
     $shr                            1

   Estimated number of transistors:          0+

=== dm_top ===

   Number of wires:                 63
   Number of wire bits:            951
   Number of public wires:          63
   Number of public wire bits:     951
   Number of ports:                 33
   Number of port bits:            360
   Number of memories:               0
   Number of memory bits:            0
   Number of processes:              0
   Number of cells:                  3
     dm_csrs$dm_top.i_dm_csrs        1
     dm_mem$dm_top.i_dm_mem          1
     dm_sba$dm_top.i_dm_sba          1

   Estimated number of transistors:          0+

=== fifo_v3$dm_top.i_dm_csrs.i_fifo ===

   Number of wires:                 36
   Number of wire bits:            307
   Number of public wires:          19
   Number of public wire bits:     221
   Number of ports:                 11
   Number of port bits:             77
   Number of memories:               0
   Number of memory bits:            0
   Number of processes:              0
   Number of cells:                 30
     $add                            2
     $adffe                          5
     $bwmux                          1
     $eq                             3
     $logic_and                      5
     $logic_not                      1
     $mux                            4
     $ne                             1
     $not                            3
     $reduce_and                     1
     $reduce_bool                    3
     $sub                            1

   Estimated number of transistors:          0+

=== design hierarchy ===

   dm_top                            1
     dm_csrs$dm_top.i_dm_csrs        1
       fifo_v3$dm_top.i_dm_csrs.i_fifo      1
     dm_mem$dm_top.i_dm_mem          1
       debug_rom$dm_top.i_dm_mem.gen_rom_snd_scratch.i_debug_rom      1
     dm_sba$dm_top.i_dm_sba          1

   Number of wires:                588
   Number of wire bits:           9268
   Number of public wires:         232
   Number of public wire bits:    4232
   Number of ports:                148
   Number of port bits:           2116
   Number of memories:               0
   Number of memory bits:            0
   Number of processes:              0
   Number of cells:                511
     $add                            3
     $adff                          11
     $adffe                         35
     $and                           29
     $bwmux                          3
     $eq                            56
     $ge                             4
     $gt                             1
     $le                             6
     $logic_and                     34
     $logic_not                     16
     $logic_or                       2
     $lt                             2
     $mux                          185
     $ne                            35
     $neg                            1
     $not                           16
     $or                            12
     $pmux                          10
     $reduce_and                    15
     $reduce_bool                    8
     $reduce_or                     16
     $shift                          1
     $shiftx                         1
     $shl                            3
     $shr                            1
     $sub                            5

   Estimated number of transistors:          0+

