Warning: There are 41 input ports missing set_input_delay.
  dmi_req_ready_i
  dmi_resp_i_0_
  dmi_resp_i_10_
  dmi_resp_i_11_
  dmi_resp_i_12_
  dmi_resp_i_13_
  dmi_resp_i_14_
  dmi_resp_i_15_
  dmi_resp_i_16_
  dmi_resp_i_17_
  dmi_resp_i_18_
  dmi_resp_i_19_
  dmi_resp_i_1_
  dmi_resp_i_20_
  dmi_resp_i_21_
  dmi_resp_i_22_
  dmi_resp_i_23_
  dmi_resp_i_24_
  dmi_resp_i_25_
  dmi_resp_i_26_
  dmi_resp_i_27_
  dmi_resp_i_28_
  dmi_resp_i_29_
  dmi_resp_i_2_
  dmi_resp_i_30_
  dmi_resp_i_31_
  dmi_resp_i_32_
  dmi_resp_i_33_
  dmi_resp_i_3_
  dmi_resp_i_4_
  dmi_resp_i_5_
  dmi_resp_i_6_
  dmi_resp_i_7_
  dmi_resp_i_8_
  dmi_resp_i_9_
  dmi_resp_valid_i
  tck_i
  td_i
  testmode_i
  tms_i
  trst_ni
Warning: There are 46 output ports missing set_output_delay.
  dmi_req_o_0_
  dmi_req_o_10_
  dmi_req_o_11_
  dmi_req_o_12_
  dmi_req_o_13_
  dmi_req_o_14_
  dmi_req_o_15_
  dmi_req_o_16_
  dmi_req_o_17_
  dmi_req_o_18_
  dmi_req_o_19_
  dmi_req_o_1_
  dmi_req_o_20_
  dmi_req_o_21_
  dmi_req_o_22_
  dmi_req_o_23_
  dmi_req_o_24_
  dmi_req_o_25_
  dmi_req_o_26_
  dmi_req_o_27_
  dmi_req_o_28_
  dmi_req_o_29_
  dmi_req_o_2_
  dmi_req_o_30_
  dmi_req_o_31_
  dmi_req_o_32_
  dmi_req_o_33_
  dmi_req_o_34_
  dmi_req_o_35_
  dmi_req_o_36_
  dmi_req_o_37_
  dmi_req_o_38_
  dmi_req_o_39_
  dmi_req_o_3_
  dmi_req_o_40_
  dmi_req_o_4_
  dmi_req_o_5_
  dmi_req_o_6_
  dmi_req_o_7_
  dmi_req_o_8_
  dmi_req_o_9_
  dmi_req_valid_o
  dmi_resp_ready_o
  dmi_rst_no
  td_o
  tdo_oe_o
Warning: There are 290 unclocked register/latch pins.
  address_q_0__reg/CLK
  address_q_1__reg/CLK
  address_q_2__reg/CLK
  address_q_3__reg/CLK
  address_q_4__reg/CLK
  address_q_5__reg/CLK
  address_q_6__reg/CLK
  data_q_0__reg/CLK
  data_q_10__reg/CLK
  data_q_11__reg/CLK
  data_q_12__reg/CLK
  data_q_13__reg/CLK
  data_q_14__reg/CLK
  data_q_15__reg/CLK
  data_q_16__reg/CLK
  data_q_17__reg/CLK
  data_q_18__reg/CLK
  data_q_19__reg/CLK
  data_q_1__reg/CLK
  data_q_20__reg/CLK
  data_q_21__reg/CLK
  data_q_22__reg/CLK
  data_q_23__reg/CLK
  data_q_24__reg/CLK
  data_q_25__reg/CLK
  data_q_26__reg/CLK
  data_q_27__reg/CLK
  data_q_28__reg/CLK
  data_q_29__reg/CLK
  data_q_2__reg/CLK
  data_q_30__reg/CLK
  data_q_31__reg/CLK
  data_q_3__reg/CLK
  data_q_4__reg/CLK
  data_q_5__reg/CLK
  data_q_6__reg/CLK
  data_q_7__reg/CLK
  data_q_8__reg/CLK
  data_q_9__reg/CLK
  dmi_10__reg/CLK
  dmi_11__reg/CLK
  dmi_12__reg/CLK
  dmi_13__reg/CLK
  dmi_14__reg/CLK
  dmi_15__reg/CLK
  dmi_16__reg/CLK
  dmi_17__reg/CLK
  dmi_18__reg/CLK
  dmi_19__reg/CLK
  dmi_1__reg/CLK
  dmi_20__reg/CLK
  dmi_21__reg/CLK
  dmi_22__reg/CLK
  dmi_23__reg/CLK
  dmi_24__reg/CLK
  dmi_25__reg/CLK
  dmi_26__reg/CLK
  dmi_27__reg/CLK
  dmi_28__reg/CLK
  dmi_29__reg/CLK
  dmi_2__reg/CLK
  dmi_30__reg/CLK
  dmi_31__reg/CLK
  dmi_32__reg/CLK
  dmi_33__reg/CLK
  dmi_34__reg/CLK
  dmi_35__reg/CLK
  dmi_36__reg/CLK
  dmi_37__reg/CLK
  dmi_38__reg/CLK
  dmi_39__reg/CLK
  dmi_3__reg/CLK
  dmi_40__reg/CLK
  dmi_4__reg/CLK
  dmi_5__reg/CLK
  dmi_6__reg/CLK
  dmi_7__reg/CLK
  dmi_8__reg/CLK
  dmi_9__reg/CLK
  dtmcs_q_10__reg/CLK
  dtmcs_q_11__reg/CLK
  dtmcs_q_12__reg/CLK
  dtmcs_q_13__reg/CLK
  dtmcs_q_14__reg/CLK
  dtmcs_q_15__reg/CLK
  dtmcs_q_16__reg/CLK
  dtmcs_q_17__reg/CLK
  dtmcs_q_18__reg/CLK
  dtmcs_q_19__reg/CLK
  dtmcs_q_1__reg/CLK
  dtmcs_q_20__reg/CLK
  dtmcs_q_21__reg/CLK
  dtmcs_q_22__reg/CLK
  dtmcs_q_23__reg/CLK
  dtmcs_q_24__reg/CLK
  dtmcs_q_25__reg/CLK
  dtmcs_q_26__reg/CLK
  dtmcs_q_27__reg/CLK
  dtmcs_q_28__reg/CLK
  dtmcs_q_29__reg/CLK
  dtmcs_q_2__reg/CLK
  dtmcs_q_30__reg/CLK
  dtmcs_q_31__reg/CLK
  dtmcs_q_3__reg/CLK
  dtmcs_q_4__reg/CLK
  dtmcs_q_5__reg/CLK
  dtmcs_q_6__reg/CLK
  dtmcs_q_7__reg/CLK
  dtmcs_q_8__reg/CLK
  dtmcs_q_9__reg/CLK
  error_q_0__reg/CLK
  error_q_1__reg/CLK
  i_dmi_cdc.i_cdc_req/i_cdc_reset_ctrlr/i_cdc_reset_ctrlr_half_a/i_state_transition_cdc_dst/async_ack_o_reg/CLK
  i_dmi_cdc.i_cdc_req/i_cdc_reset_ctrlr/i_cdc_reset_ctrlr_half_a/i_state_transition_cdc_dst/i_sync/reg_q_0__reg/CLK
  i_dmi_cdc.i_cdc_req/i_cdc_reset_ctrlr/i_cdc_reset_ctrlr_half_a/i_state_transition_cdc_dst/i_sync/serial_o_reg/CLK
  i_dmi_cdc.i_cdc_req/i_cdc_reset_ctrlr/i_cdc_reset_ctrlr_half_a/i_state_transition_cdc_dst/state_q_0__reg/CLK
  i_dmi_cdc.i_cdc_req/i_cdc_reset_ctrlr/i_cdc_reset_ctrlr_half_a/i_state_transition_cdc_dst/state_q_1__reg/CLK
  i_dmi_cdc.i_cdc_req/i_cdc_reset_ctrlr/i_cdc_reset_ctrlr_half_a/i_state_transition_cdc_src/async_data_o[0]_reg/CLK
  i_dmi_cdc.i_cdc_req/i_cdc_reset_ctrlr/i_cdc_reset_ctrlr_half_a/i_state_transition_cdc_src/async_data_o[1]_reg/CLK
  i_dmi_cdc.i_cdc_req/i_cdc_reset_ctrlr/i_cdc_reset_ctrlr_half_a/i_state_transition_cdc_src/async_req_o_reg/CLK
  i_dmi_cdc.i_cdc_req/i_cdc_reset_ctrlr/i_cdc_reset_ctrlr_half_a/i_state_transition_cdc_src/i_sync/reg_q_0__reg/CLK
  i_dmi_cdc.i_cdc_req/i_cdc_reset_ctrlr/i_cdc_reset_ctrlr_half_a/i_state_transition_cdc_src/i_sync/serial_o_reg/CLK
  i_dmi_cdc.i_cdc_req/i_cdc_reset_ctrlr/i_cdc_reset_ctrlr_half_a/i_state_transition_cdc_src/state_q_0__reg/CLK
  i_dmi_cdc.i_cdc_req/i_cdc_reset_ctrlr/i_cdc_reset_ctrlr_half_a/i_state_transition_cdc_src/state_q_1__reg/CLK
  i_dmi_cdc.i_cdc_req/i_cdc_reset_ctrlr/i_cdc_reset_ctrlr_half_a/initiator_state_q_0__reg/CLK
  i_dmi_cdc.i_cdc_req/i_cdc_reset_ctrlr/i_cdc_reset_ctrlr_half_a/initiator_state_q_1__reg/CLK
  i_dmi_cdc.i_cdc_req/i_cdc_reset_ctrlr/i_cdc_reset_ctrlr_half_a/initiator_state_q_2__reg/CLK
  i_dmi_cdc.i_cdc_req/i_cdc_reset_ctrlr/i_cdc_reset_ctrlr_half_a/initiator_state_q_3__reg/CLK
  i_dmi_cdc.i_cdc_req/i_cdc_reset_ctrlr/i_cdc_reset_ctrlr_half_a/receiver_phase_q_0__reg/CLK
  i_dmi_cdc.i_cdc_req/i_cdc_reset_ctrlr/i_cdc_reset_ctrlr_half_a/receiver_phase_q_1__reg/CLK
  i_dmi_cdc.i_cdc_req/i_src/async_data_o[0]_reg/CLK
  i_dmi_cdc.i_cdc_req/i_src/async_data_o[10]_reg/CLK
  i_dmi_cdc.i_cdc_req/i_src/async_data_o[11]_reg/CLK
  i_dmi_cdc.i_cdc_req/i_src/async_data_o[12]_reg/CLK
  i_dmi_cdc.i_cdc_req/i_src/async_data_o[13]_reg/CLK
  i_dmi_cdc.i_cdc_req/i_src/async_data_o[14]_reg/CLK
  i_dmi_cdc.i_cdc_req/i_src/async_data_o[15]_reg/CLK
  i_dmi_cdc.i_cdc_req/i_src/async_data_o[16]_reg/CLK
  i_dmi_cdc.i_cdc_req/i_src/async_data_o[17]_reg/CLK
  i_dmi_cdc.i_cdc_req/i_src/async_data_o[18]_reg/CLK
  i_dmi_cdc.i_cdc_req/i_src/async_data_o[19]_reg/CLK
  i_dmi_cdc.i_cdc_req/i_src/async_data_o[1]_reg/CLK
  i_dmi_cdc.i_cdc_req/i_src/async_data_o[20]_reg/CLK
  i_dmi_cdc.i_cdc_req/i_src/async_data_o[21]_reg/CLK
  i_dmi_cdc.i_cdc_req/i_src/async_data_o[22]_reg/CLK
  i_dmi_cdc.i_cdc_req/i_src/async_data_o[23]_reg/CLK
  i_dmi_cdc.i_cdc_req/i_src/async_data_o[24]_reg/CLK
  i_dmi_cdc.i_cdc_req/i_src/async_data_o[25]_reg/CLK
  i_dmi_cdc.i_cdc_req/i_src/async_data_o[26]_reg/CLK
  i_dmi_cdc.i_cdc_req/i_src/async_data_o[27]_reg/CLK
  i_dmi_cdc.i_cdc_req/i_src/async_data_o[28]_reg/CLK
  i_dmi_cdc.i_cdc_req/i_src/async_data_o[29]_reg/CLK
  i_dmi_cdc.i_cdc_req/i_src/async_data_o[2]_reg/CLK
  i_dmi_cdc.i_cdc_req/i_src/async_data_o[30]_reg/CLK
  i_dmi_cdc.i_cdc_req/i_src/async_data_o[31]_reg/CLK
  i_dmi_cdc.i_cdc_req/i_src/async_data_o[32]_reg/CLK
  i_dmi_cdc.i_cdc_req/i_src/async_data_o[33]_reg/CLK
  i_dmi_cdc.i_cdc_req/i_src/async_data_o[34]_reg/CLK
  i_dmi_cdc.i_cdc_req/i_src/async_data_o[35]_reg/CLK
  i_dmi_cdc.i_cdc_req/i_src/async_data_o[36]_reg/CLK
  i_dmi_cdc.i_cdc_req/i_src/async_data_o[37]_reg/CLK
  i_dmi_cdc.i_cdc_req/i_src/async_data_o[38]_reg/CLK
  i_dmi_cdc.i_cdc_req/i_src/async_data_o[39]_reg/CLK
  i_dmi_cdc.i_cdc_req/i_src/async_data_o[3]_reg/CLK
  i_dmi_cdc.i_cdc_req/i_src/async_data_o[40]_reg/CLK
  i_dmi_cdc.i_cdc_req/i_src/async_data_o[4]_reg/CLK
  i_dmi_cdc.i_cdc_req/i_src/async_data_o[5]_reg/CLK
  i_dmi_cdc.i_cdc_req/i_src/async_data_o[6]_reg/CLK
  i_dmi_cdc.i_cdc_req/i_src/async_data_o[7]_reg/CLK
  i_dmi_cdc.i_cdc_req/i_src/async_data_o[8]_reg/CLK
  i_dmi_cdc.i_cdc_req/i_src/async_data_o[9]_reg/CLK
  i_dmi_cdc.i_cdc_req/i_src/async_req_o_reg/CLK
  i_dmi_cdc.i_cdc_req/i_src/i_sync/reg_q_0__reg/CLK
  i_dmi_cdc.i_cdc_req/i_src/i_sync/reg_q_1__reg/CLK
  i_dmi_cdc.i_cdc_req/i_src/i_sync/serial_o_reg/CLK
  i_dmi_cdc.i_cdc_req/s_src_clear_ack_q_reg/CLK
  i_dmi_cdc.i_cdc_req/s_src_isolate_ack_q_reg/CLK
  i_dmi_cdc.i_cdc_resp/i_cdc_reset_ctrlr/i_cdc_reset_ctrlr_half_b/i_state_transition_cdc_dst/async_ack_o_reg/CLK
  i_dmi_cdc.i_cdc_resp/i_cdc_reset_ctrlr/i_cdc_reset_ctrlr_half_b/i_state_transition_cdc_dst/i_sync/reg_q_0__reg/CLK
  i_dmi_cdc.i_cdc_resp/i_cdc_reset_ctrlr/i_cdc_reset_ctrlr_half_b/i_state_transition_cdc_dst/i_sync/serial_o_reg/CLK
  i_dmi_cdc.i_cdc_resp/i_cdc_reset_ctrlr/i_cdc_reset_ctrlr_half_b/i_state_transition_cdc_dst/state_q_0__reg/CLK
  i_dmi_cdc.i_cdc_resp/i_cdc_reset_ctrlr/i_cdc_reset_ctrlr_half_b/i_state_transition_cdc_dst/state_q_1__reg/CLK
  i_dmi_cdc.i_cdc_resp/i_cdc_reset_ctrlr/i_cdc_reset_ctrlr_half_b/i_state_transition_cdc_src/async_data_o[0]_reg/CLK
  i_dmi_cdc.i_cdc_resp/i_cdc_reset_ctrlr/i_cdc_reset_ctrlr_half_b/i_state_transition_cdc_src/async_data_o[1]_reg/CLK
  i_dmi_cdc.i_cdc_resp/i_cdc_reset_ctrlr/i_cdc_reset_ctrlr_half_b/i_state_transition_cdc_src/async_req_o_reg/CLK
  i_dmi_cdc.i_cdc_resp/i_cdc_reset_ctrlr/i_cdc_reset_ctrlr_half_b/i_state_transition_cdc_src/i_sync/reg_q_0__reg/CLK
  i_dmi_cdc.i_cdc_resp/i_cdc_reset_ctrlr/i_cdc_reset_ctrlr_half_b/i_state_transition_cdc_src/i_sync/serial_o_reg/CLK
  i_dmi_cdc.i_cdc_resp/i_cdc_reset_ctrlr/i_cdc_reset_ctrlr_half_b/i_state_transition_cdc_src/state_q_0__reg/CLK
  i_dmi_cdc.i_cdc_resp/i_cdc_reset_ctrlr/i_cdc_reset_ctrlr_half_b/i_state_transition_cdc_src/state_q_1__reg/CLK
  i_dmi_cdc.i_cdc_resp/i_cdc_reset_ctrlr/i_cdc_reset_ctrlr_half_b/initiator_state_q_0__reg/CLK
  i_dmi_cdc.i_cdc_resp/i_cdc_reset_ctrlr/i_cdc_reset_ctrlr_half_b/initiator_state_q_1__reg/CLK
  i_dmi_cdc.i_cdc_resp/i_cdc_reset_ctrlr/i_cdc_reset_ctrlr_half_b/initiator_state_q_2__reg/CLK
  i_dmi_cdc.i_cdc_resp/i_cdc_reset_ctrlr/i_cdc_reset_ctrlr_half_b/initiator_state_q_3__reg/CLK
  i_dmi_cdc.i_cdc_resp/i_cdc_reset_ctrlr/i_cdc_reset_ctrlr_half_b/receiver_phase_q_0__reg/CLK
  i_dmi_cdc.i_cdc_resp/i_cdc_reset_ctrlr/i_cdc_reset_ctrlr_half_b/receiver_phase_q_1__reg/CLK
  i_dmi_cdc.i_cdc_resp/i_dst/async_ack_o_reg/CLK
  i_dmi_cdc.i_cdc_resp/i_dst/data_o[0]_reg/CLK
  i_dmi_cdc.i_cdc_resp/i_dst/data_o[10]_reg/CLK
  i_dmi_cdc.i_cdc_resp/i_dst/data_o[11]_reg/CLK
  i_dmi_cdc.i_cdc_resp/i_dst/data_o[12]_reg/CLK
  i_dmi_cdc.i_cdc_resp/i_dst/data_o[13]_reg/CLK
  i_dmi_cdc.i_cdc_resp/i_dst/data_o[14]_reg/CLK
  i_dmi_cdc.i_cdc_resp/i_dst/data_o[15]_reg/CLK
  i_dmi_cdc.i_cdc_resp/i_dst/data_o[16]_reg/CLK
  i_dmi_cdc.i_cdc_resp/i_dst/data_o[17]_reg/CLK
  i_dmi_cdc.i_cdc_resp/i_dst/data_o[18]_reg/CLK
  i_dmi_cdc.i_cdc_resp/i_dst/data_o[19]_reg/CLK
  i_dmi_cdc.i_cdc_resp/i_dst/data_o[1]_reg/CLK
  i_dmi_cdc.i_cdc_resp/i_dst/data_o[20]_reg/CLK
  i_dmi_cdc.i_cdc_resp/i_dst/data_o[21]_reg/CLK
  i_dmi_cdc.i_cdc_resp/i_dst/data_o[22]_reg/CLK
  i_dmi_cdc.i_cdc_resp/i_dst/data_o[23]_reg/CLK
  i_dmi_cdc.i_cdc_resp/i_dst/data_o[24]_reg/CLK
  i_dmi_cdc.i_cdc_resp/i_dst/data_o[25]_reg/CLK
  i_dmi_cdc.i_cdc_resp/i_dst/data_o[26]_reg/CLK
  i_dmi_cdc.i_cdc_resp/i_dst/data_o[27]_reg/CLK
  i_dmi_cdc.i_cdc_resp/i_dst/data_o[28]_reg/CLK
  i_dmi_cdc.i_cdc_resp/i_dst/data_o[29]_reg/CLK
  i_dmi_cdc.i_cdc_resp/i_dst/data_o[2]_reg/CLK
  i_dmi_cdc.i_cdc_resp/i_dst/data_o[30]_reg/CLK
  i_dmi_cdc.i_cdc_resp/i_dst/data_o[31]_reg/CLK
  i_dmi_cdc.i_cdc_resp/i_dst/data_o[32]_reg/CLK
  i_dmi_cdc.i_cdc_resp/i_dst/data_o[33]_reg/CLK
  i_dmi_cdc.i_cdc_resp/i_dst/data_o[3]_reg/CLK
  i_dmi_cdc.i_cdc_resp/i_dst/data_o[4]_reg/CLK
  i_dmi_cdc.i_cdc_resp/i_dst/data_o[5]_reg/CLK
  i_dmi_cdc.i_cdc_resp/i_dst/data_o[6]_reg/CLK
  i_dmi_cdc.i_cdc_resp/i_dst/data_o[7]_reg/CLK
  i_dmi_cdc.i_cdc_resp/i_dst/data_o[8]_reg/CLK
  i_dmi_cdc.i_cdc_resp/i_dst/data_o[9]_reg/CLK
  i_dmi_cdc.i_cdc_resp/i_dst/i_sync/reg_q_0__reg/CLK
  i_dmi_cdc.i_cdc_resp/i_dst/i_sync/reg_q_1__reg/CLK
  i_dmi_cdc.i_cdc_resp/i_dst/i_sync/serial_o_reg/CLK
  i_dmi_cdc.i_cdc_resp/i_dst/req_synced_q1_reg/CLK
  i_dmi_cdc.i_cdc_resp/s_dst_clear_ack_q_reg/CLK
  i_dmi_cdc.i_cdc_resp/s_dst_isolate_ack_q_reg/CLK
  i_dmi_jtag_tap.bypass_q_reg/CLK
  i_dmi_jtag_tap.dmi_tdo_i_reg/CLK
  i_dmi_jtag_tap.dtmcs_tdo_i_reg/CLK
  i_dmi_jtag_tap.idcode_q_0__reg/CLK
  i_dmi_jtag_tap.idcode_q_10__reg/CLK
  i_dmi_jtag_tap.idcode_q_11__reg/CLK
  i_dmi_jtag_tap.idcode_q_12__reg/CLK
  i_dmi_jtag_tap.idcode_q_13__reg/CLK
  i_dmi_jtag_tap.idcode_q_14__reg/CLK
  i_dmi_jtag_tap.idcode_q_15__reg/CLK
  i_dmi_jtag_tap.idcode_q_16__reg/CLK
  i_dmi_jtag_tap.idcode_q_17__reg/CLK
  i_dmi_jtag_tap.idcode_q_18__reg/CLK
  i_dmi_jtag_tap.idcode_q_19__reg/CLK
  i_dmi_jtag_tap.idcode_q_1__reg/CLK
  i_dmi_jtag_tap.idcode_q_20__reg/CLK
  i_dmi_jtag_tap.idcode_q_21__reg/CLK
  i_dmi_jtag_tap.idcode_q_22__reg/CLK
  i_dmi_jtag_tap.idcode_q_23__reg/CLK
  i_dmi_jtag_tap.idcode_q_24__reg/CLK
  i_dmi_jtag_tap.idcode_q_25__reg/CLK
  i_dmi_jtag_tap.idcode_q_26__reg/CLK
  i_dmi_jtag_tap.idcode_q_27__reg/CLK
  i_dmi_jtag_tap.idcode_q_28__reg/CLK
  i_dmi_jtag_tap.idcode_q_29__reg/CLK
  i_dmi_jtag_tap.idcode_q_2__reg/CLK
  i_dmi_jtag_tap.idcode_q_30__reg/CLK
  i_dmi_jtag_tap.idcode_q_31__reg/CLK
  i_dmi_jtag_tap.idcode_q_3__reg/CLK
  i_dmi_jtag_tap.idcode_q_4__reg/CLK
  i_dmi_jtag_tap.idcode_q_5__reg/CLK
  i_dmi_jtag_tap.idcode_q_6__reg/CLK
  i_dmi_jtag_tap.idcode_q_7__reg/CLK
  i_dmi_jtag_tap.idcode_q_8__reg/CLK
  i_dmi_jtag_tap.idcode_q_9__reg/CLK
  i_dmi_jtag_tap.jtag_ir_q_0__reg/CLK
  i_dmi_jtag_tap.jtag_ir_q_1__reg/CLK
  i_dmi_jtag_tap.jtag_ir_q_2__reg/CLK
  i_dmi_jtag_tap.jtag_ir_q_3__reg/CLK
  i_dmi_jtag_tap.jtag_ir_q_4__reg/CLK
  i_dmi_jtag_tap.jtag_ir_shift_q_0__reg/CLK
  i_dmi_jtag_tap.jtag_ir_shift_q_1__reg/CLK
  i_dmi_jtag_tap.jtag_ir_shift_q_2__reg/CLK
  i_dmi_jtag_tap.jtag_ir_shift_q_3__reg/CLK
  i_dmi_jtag_tap.jtag_ir_shift_q_4__reg/CLK
  i_dmi_jtag_tap.tap_state_q_0__reg/CLK
  i_dmi_jtag_tap.tap_state_q_1__reg/CLK
  i_dmi_jtag_tap.tap_state_q_2__reg/CLK
  i_dmi_jtag_tap.tap_state_q_3__reg/CLK
  state_q_0__reg/CLK
  state_q_1__reg/CLK
  state_q_2__reg/CLK
  td_o_reg/CLK
  tdo_oe_o_reg/CLK
Warning: There are 342 unconstrained endpoints.
  dmi_req_o_0_
  dmi_req_o_10_
  dmi_req_o_11_
  dmi_req_o_12_
  dmi_req_o_13_
  dmi_req_o_14_
  dmi_req_o_15_
  dmi_req_o_16_
  dmi_req_o_17_
  dmi_req_o_18_
  dmi_req_o_19_
  dmi_req_o_1_
  dmi_req_o_20_
  dmi_req_o_21_
  dmi_req_o_22_
  dmi_req_o_23_
  dmi_req_o_24_
  dmi_req_o_25_
  dmi_req_o_26_
  dmi_req_o_27_
  dmi_req_o_28_
  dmi_req_o_29_
  dmi_req_o_2_
  dmi_req_o_30_
  dmi_req_o_31_
  dmi_req_o_32_
  dmi_req_o_33_
  dmi_req_o_34_
  dmi_req_o_35_
  dmi_req_o_36_
  dmi_req_o_37_
  dmi_req_o_38_
  dmi_req_o_39_
  dmi_req_o_3_
  dmi_req_o_40_
  dmi_req_o_4_
  dmi_req_o_5_
  dmi_req_o_6_
  dmi_req_o_7_
  dmi_req_o_8_
  dmi_req_o_9_
  dmi_req_valid_o
  dmi_resp_ready_o
  dmi_rst_no
  td_o
  tdo_oe_o
  address_q_0__reg/D
  address_q_1__reg/D
  address_q_2__reg/D
  address_q_3__reg/D
  address_q_4__reg/D
  address_q_5__reg/D
  address_q_6__reg/D
  data_q_0__reg/D
  data_q_10__reg/D
  data_q_11__reg/D
  data_q_12__reg/D
  data_q_13__reg/D
  data_q_14__reg/D
  data_q_15__reg/D
  data_q_16__reg/D
  data_q_17__reg/D
  data_q_18__reg/D
  data_q_19__reg/D
  data_q_1__reg/D
  data_q_20__reg/D
  data_q_21__reg/D
  data_q_22__reg/D
  data_q_23__reg/D
  data_q_24__reg/D
  data_q_25__reg/D
  data_q_26__reg/D
  data_q_27__reg/D
  data_q_28__reg/D
  data_q_29__reg/D
  data_q_2__reg/D
  data_q_30__reg/D
  data_q_31__reg/D
  data_q_3__reg/D
  data_q_4__reg/D
  data_q_5__reg/D
  data_q_6__reg/D
  data_q_7__reg/D
  data_q_8__reg/D
  data_q_9__reg/D
  dmi_10__reg/D
  dmi_11__reg/D
  dmi_12__reg/D
  dmi_13__reg/D
  dmi_14__reg/D
  dmi_15__reg/D
  dmi_16__reg/D
  dmi_17__reg/D
  dmi_18__reg/D
  dmi_19__reg/D
  dmi_1__reg/D
  dmi_20__reg/D
  dmi_21__reg/D
  dmi_22__reg/D
  dmi_23__reg/D
  dmi_24__reg/D
  dmi_25__reg/D
  dmi_26__reg/D
  dmi_27__reg/D
  dmi_28__reg/D
  dmi_29__reg/D
  dmi_2__reg/D
  dmi_30__reg/D
  dmi_31__reg/D
  dmi_32__reg/D
  dmi_33__reg/D
  dmi_34__reg/D
  dmi_35__reg/D
  dmi_36__reg/D
  dmi_37__reg/D
  dmi_38__reg/D
  dmi_39__reg/D
  dmi_3__reg/D
  dmi_40__reg/D
  dmi_4__reg/D
  dmi_5__reg/D
  dmi_6__reg/D
  dmi_7__reg/D
  dmi_8__reg/D
  dmi_9__reg/D
  dtmcs_q_10__reg/D
  dtmcs_q_11__reg/D
  dtmcs_q_12__reg/D
  dtmcs_q_13__reg/D
  dtmcs_q_14__reg/D
  dtmcs_q_15__reg/D
  dtmcs_q_16__reg/D
  dtmcs_q_17__reg/D
  dtmcs_q_18__reg/D
  dtmcs_q_19__reg/D
  dtmcs_q_1__reg/D
  dtmcs_q_20__reg/D
  dtmcs_q_21__reg/D
  dtmcs_q_22__reg/D
  dtmcs_q_23__reg/D
  dtmcs_q_24__reg/D
  dtmcs_q_25__reg/D
  dtmcs_q_26__reg/D
  dtmcs_q_27__reg/D
  dtmcs_q_28__reg/D
  dtmcs_q_29__reg/D
  dtmcs_q_2__reg/D
  dtmcs_q_30__reg/D
  dtmcs_q_31__reg/D
  dtmcs_q_3__reg/D
  dtmcs_q_4__reg/D
  dtmcs_q_5__reg/D
  dtmcs_q_6__reg/D
  dtmcs_q_7__reg/D
  dtmcs_q_8__reg/D
  dtmcs_q_9__reg/D
  error_q_0__reg/D
  error_q_1__reg/D
  i_dmi_cdc.i_cdc_req/i_cdc_reset_ctrlr/i_cdc_reset_ctrlr_half_a/i_state_transition_cdc_dst/async_ack_o_reg/D
  i_dmi_cdc.i_cdc_req/i_cdc_reset_ctrlr/i_cdc_reset_ctrlr_half_a/i_state_transition_cdc_dst/i_sync/reg_q_0__reg/D
  i_dmi_cdc.i_cdc_req/i_cdc_reset_ctrlr/i_cdc_reset_ctrlr_half_a/i_state_transition_cdc_dst/i_sync/serial_o_reg/D
  i_dmi_cdc.i_cdc_req/i_cdc_reset_ctrlr/i_cdc_reset_ctrlr_half_a/i_state_transition_cdc_dst/state_q_0__reg/D
  i_dmi_cdc.i_cdc_req/i_cdc_reset_ctrlr/i_cdc_reset_ctrlr_half_a/i_state_transition_cdc_dst/state_q_1__reg/D
  i_dmi_cdc.i_cdc_req/i_cdc_reset_ctrlr/i_cdc_reset_ctrlr_half_a/i_state_transition_cdc_src/async_data_o[0]_reg/D
  i_dmi_cdc.i_cdc_req/i_cdc_reset_ctrlr/i_cdc_reset_ctrlr_half_a/i_state_transition_cdc_src/async_data_o[1]_reg/D
  i_dmi_cdc.i_cdc_req/i_cdc_reset_ctrlr/i_cdc_reset_ctrlr_half_a/i_state_transition_cdc_src/async_req_o_reg/D
  i_dmi_cdc.i_cdc_req/i_cdc_reset_ctrlr/i_cdc_reset_ctrlr_half_a/i_state_transition_cdc_src/i_sync/reg_q_0__reg/D
  i_dmi_cdc.i_cdc_req/i_cdc_reset_ctrlr/i_cdc_reset_ctrlr_half_a/i_state_transition_cdc_src/i_sync/serial_o_reg/D
  i_dmi_cdc.i_cdc_req/i_cdc_reset_ctrlr/i_cdc_reset_ctrlr_half_a/i_state_transition_cdc_src/state_q_0__reg/D
  i_dmi_cdc.i_cdc_req/i_cdc_reset_ctrlr/i_cdc_reset_ctrlr_half_a/i_state_transition_cdc_src/state_q_1__reg/D
  i_dmi_cdc.i_cdc_req/i_cdc_reset_ctrlr/i_cdc_reset_ctrlr_half_a/initiator_state_q_0__reg/D
  i_dmi_cdc.i_cdc_req/i_cdc_reset_ctrlr/i_cdc_reset_ctrlr_half_a/initiator_state_q_1__reg/D
  i_dmi_cdc.i_cdc_req/i_cdc_reset_ctrlr/i_cdc_reset_ctrlr_half_a/initiator_state_q_2__reg/D
  i_dmi_cdc.i_cdc_req/i_cdc_reset_ctrlr/i_cdc_reset_ctrlr_half_a/initiator_state_q_3__reg/D
  i_dmi_cdc.i_cdc_req/i_cdc_reset_ctrlr/i_cdc_reset_ctrlr_half_a/receiver_phase_q_0__reg/D
  i_dmi_cdc.i_cdc_req/i_cdc_reset_ctrlr/i_cdc_reset_ctrlr_half_a/receiver_phase_q_1__reg/D
  i_dmi_cdc.i_cdc_req/i_cdc_reset_ctrlr/i_cdc_reset_ctrlr_half_b/i_state_transition_cdc_dst/i_sync/reg_q_0__reg/D
  i_dmi_cdc.i_cdc_req/i_cdc_reset_ctrlr/i_cdc_reset_ctrlr_half_b/i_state_transition_cdc_src/i_sync/reg_q_0__reg/D
  i_dmi_cdc.i_cdc_req/i_dst/i_sync/reg_q_0__reg/D
  i_dmi_cdc.i_cdc_req/i_src/async_data_o[0]_reg/D
  i_dmi_cdc.i_cdc_req/i_src/async_data_o[10]_reg/D
  i_dmi_cdc.i_cdc_req/i_src/async_data_o[11]_reg/D
  i_dmi_cdc.i_cdc_req/i_src/async_data_o[12]_reg/D
  i_dmi_cdc.i_cdc_req/i_src/async_data_o[13]_reg/D
  i_dmi_cdc.i_cdc_req/i_src/async_data_o[14]_reg/D
  i_dmi_cdc.i_cdc_req/i_src/async_data_o[15]_reg/D
  i_dmi_cdc.i_cdc_req/i_src/async_data_o[16]_reg/D
  i_dmi_cdc.i_cdc_req/i_src/async_data_o[17]_reg/D
  i_dmi_cdc.i_cdc_req/i_src/async_data_o[18]_reg/D
  i_dmi_cdc.i_cdc_req/i_src/async_data_o[19]_reg/D
  i_dmi_cdc.i_cdc_req/i_src/async_data_o[1]_reg/D
  i_dmi_cdc.i_cdc_req/i_src/async_data_o[20]_reg/D
  i_dmi_cdc.i_cdc_req/i_src/async_data_o[21]_reg/D
  i_dmi_cdc.i_cdc_req/i_src/async_data_o[22]_reg/D
  i_dmi_cdc.i_cdc_req/i_src/async_data_o[23]_reg/D
  i_dmi_cdc.i_cdc_req/i_src/async_data_o[24]_reg/D
  i_dmi_cdc.i_cdc_req/i_src/async_data_o[25]_reg/D
  i_dmi_cdc.i_cdc_req/i_src/async_data_o[26]_reg/D
  i_dmi_cdc.i_cdc_req/i_src/async_data_o[27]_reg/D
  i_dmi_cdc.i_cdc_req/i_src/async_data_o[28]_reg/D
  i_dmi_cdc.i_cdc_req/i_src/async_data_o[29]_reg/D
  i_dmi_cdc.i_cdc_req/i_src/async_data_o[2]_reg/D
  i_dmi_cdc.i_cdc_req/i_src/async_data_o[30]_reg/D
  i_dmi_cdc.i_cdc_req/i_src/async_data_o[31]_reg/D
  i_dmi_cdc.i_cdc_req/i_src/async_data_o[32]_reg/D
  i_dmi_cdc.i_cdc_req/i_src/async_data_o[33]_reg/D
  i_dmi_cdc.i_cdc_req/i_src/async_data_o[34]_reg/D
  i_dmi_cdc.i_cdc_req/i_src/async_data_o[35]_reg/D
  i_dmi_cdc.i_cdc_req/i_src/async_data_o[36]_reg/D
  i_dmi_cdc.i_cdc_req/i_src/async_data_o[37]_reg/D
  i_dmi_cdc.i_cdc_req/i_src/async_data_o[38]_reg/D
  i_dmi_cdc.i_cdc_req/i_src/async_data_o[39]_reg/D
  i_dmi_cdc.i_cdc_req/i_src/async_data_o[3]_reg/D
  i_dmi_cdc.i_cdc_req/i_src/async_data_o[40]_reg/D
  i_dmi_cdc.i_cdc_req/i_src/async_data_o[4]_reg/D
  i_dmi_cdc.i_cdc_req/i_src/async_data_o[5]_reg/D
  i_dmi_cdc.i_cdc_req/i_src/async_data_o[6]_reg/D
  i_dmi_cdc.i_cdc_req/i_src/async_data_o[7]_reg/D
  i_dmi_cdc.i_cdc_req/i_src/async_data_o[8]_reg/D
  i_dmi_cdc.i_cdc_req/i_src/async_data_o[9]_reg/D
  i_dmi_cdc.i_cdc_req/i_src/async_req_o_reg/D
  i_dmi_cdc.i_cdc_req/i_src/i_sync/reg_q_0__reg/D
  i_dmi_cdc.i_cdc_req/i_src/i_sync/reg_q_1__reg/D
  i_dmi_cdc.i_cdc_req/i_src/i_sync/serial_o_reg/D
  i_dmi_cdc.i_cdc_req/s_src_clear_ack_q_reg/D
  i_dmi_cdc.i_cdc_req/s_src_isolate_ack_q_reg/D
  i_dmi_cdc.i_cdc_resp/i_cdc_reset_ctrlr/i_cdc_reset_ctrlr_half_a/i_state_transition_cdc_dst/i_sync/reg_q_0__reg/D
  i_dmi_cdc.i_cdc_resp/i_cdc_reset_ctrlr/i_cdc_reset_ctrlr_half_a/i_state_transition_cdc_src/i_sync/reg_q_0__reg/D
  i_dmi_cdc.i_cdc_resp/i_cdc_reset_ctrlr/i_cdc_reset_ctrlr_half_b/i_state_transition_cdc_dst/async_ack_o_reg/D
  i_dmi_cdc.i_cdc_resp/i_cdc_reset_ctrlr/i_cdc_reset_ctrlr_half_b/i_state_transition_cdc_dst/i_sync/reg_q_0__reg/D
  i_dmi_cdc.i_cdc_resp/i_cdc_reset_ctrlr/i_cdc_reset_ctrlr_half_b/i_state_transition_cdc_dst/i_sync/serial_o_reg/D
  i_dmi_cdc.i_cdc_resp/i_cdc_reset_ctrlr/i_cdc_reset_ctrlr_half_b/i_state_transition_cdc_dst/state_q_0__reg/D
  i_dmi_cdc.i_cdc_resp/i_cdc_reset_ctrlr/i_cdc_reset_ctrlr_half_b/i_state_transition_cdc_dst/state_q_1__reg/D
  i_dmi_cdc.i_cdc_resp/i_cdc_reset_ctrlr/i_cdc_reset_ctrlr_half_b/i_state_transition_cdc_src/async_data_o[0]_reg/D
  i_dmi_cdc.i_cdc_resp/i_cdc_reset_ctrlr/i_cdc_reset_ctrlr_half_b/i_state_transition_cdc_src/async_data_o[1]_reg/D
  i_dmi_cdc.i_cdc_resp/i_cdc_reset_ctrlr/i_cdc_reset_ctrlr_half_b/i_state_transition_cdc_src/async_req_o_reg/D
  i_dmi_cdc.i_cdc_resp/i_cdc_reset_ctrlr/i_cdc_reset_ctrlr_half_b/i_state_transition_cdc_src/i_sync/reg_q_0__reg/D
  i_dmi_cdc.i_cdc_resp/i_cdc_reset_ctrlr/i_cdc_reset_ctrlr_half_b/i_state_transition_cdc_src/i_sync/serial_o_reg/D
  i_dmi_cdc.i_cdc_resp/i_cdc_reset_ctrlr/i_cdc_reset_ctrlr_half_b/i_state_transition_cdc_src/state_q_0__reg/D
  i_dmi_cdc.i_cdc_resp/i_cdc_reset_ctrlr/i_cdc_reset_ctrlr_half_b/i_state_transition_cdc_src/state_q_1__reg/D
  i_dmi_cdc.i_cdc_resp/i_cdc_reset_ctrlr/i_cdc_reset_ctrlr_half_b/initiator_state_q_0__reg/D
  i_dmi_cdc.i_cdc_resp/i_cdc_reset_ctrlr/i_cdc_reset_ctrlr_half_b/initiator_state_q_1__reg/D
  i_dmi_cdc.i_cdc_resp/i_cdc_reset_ctrlr/i_cdc_reset_ctrlr_half_b/initiator_state_q_2__reg/D
  i_dmi_cdc.i_cdc_resp/i_cdc_reset_ctrlr/i_cdc_reset_ctrlr_half_b/initiator_state_q_3__reg/D
  i_dmi_cdc.i_cdc_resp/i_cdc_reset_ctrlr/i_cdc_reset_ctrlr_half_b/receiver_phase_q_0__reg/D
  i_dmi_cdc.i_cdc_resp/i_cdc_reset_ctrlr/i_cdc_reset_ctrlr_half_b/receiver_phase_q_1__reg/D
  i_dmi_cdc.i_cdc_resp/i_dst/async_ack_o_reg/D
  i_dmi_cdc.i_cdc_resp/i_dst/data_o[0]_reg/D
  i_dmi_cdc.i_cdc_resp/i_dst/data_o[10]_reg/D
  i_dmi_cdc.i_cdc_resp/i_dst/data_o[11]_reg/D
  i_dmi_cdc.i_cdc_resp/i_dst/data_o[12]_reg/D
  i_dmi_cdc.i_cdc_resp/i_dst/data_o[13]_reg/D
  i_dmi_cdc.i_cdc_resp/i_dst/data_o[14]_reg/D
  i_dmi_cdc.i_cdc_resp/i_dst/data_o[15]_reg/D
  i_dmi_cdc.i_cdc_resp/i_dst/data_o[16]_reg/D
  i_dmi_cdc.i_cdc_resp/i_dst/data_o[17]_reg/D
  i_dmi_cdc.i_cdc_resp/i_dst/data_o[18]_reg/D
  i_dmi_cdc.i_cdc_resp/i_dst/data_o[19]_reg/D
  i_dmi_cdc.i_cdc_resp/i_dst/data_o[1]_reg/D
  i_dmi_cdc.i_cdc_resp/i_dst/data_o[20]_reg/D
  i_dmi_cdc.i_cdc_resp/i_dst/data_o[21]_reg/D
  i_dmi_cdc.i_cdc_resp/i_dst/data_o[22]_reg/D
  i_dmi_cdc.i_cdc_resp/i_dst/data_o[23]_reg/D
  i_dmi_cdc.i_cdc_resp/i_dst/data_o[24]_reg/D
  i_dmi_cdc.i_cdc_resp/i_dst/data_o[25]_reg/D
  i_dmi_cdc.i_cdc_resp/i_dst/data_o[26]_reg/D
  i_dmi_cdc.i_cdc_resp/i_dst/data_o[27]_reg/D
  i_dmi_cdc.i_cdc_resp/i_dst/data_o[28]_reg/D
  i_dmi_cdc.i_cdc_resp/i_dst/data_o[29]_reg/D
  i_dmi_cdc.i_cdc_resp/i_dst/data_o[2]_reg/D
  i_dmi_cdc.i_cdc_resp/i_dst/data_o[30]_reg/D
  i_dmi_cdc.i_cdc_resp/i_dst/data_o[31]_reg/D
  i_dmi_cdc.i_cdc_resp/i_dst/data_o[32]_reg/D
  i_dmi_cdc.i_cdc_resp/i_dst/data_o[33]_reg/D
  i_dmi_cdc.i_cdc_resp/i_dst/data_o[3]_reg/D
  i_dmi_cdc.i_cdc_resp/i_dst/data_o[4]_reg/D
  i_dmi_cdc.i_cdc_resp/i_dst/data_o[5]_reg/D
  i_dmi_cdc.i_cdc_resp/i_dst/data_o[6]_reg/D
  i_dmi_cdc.i_cdc_resp/i_dst/data_o[7]_reg/D
  i_dmi_cdc.i_cdc_resp/i_dst/data_o[8]_reg/D
  i_dmi_cdc.i_cdc_resp/i_dst/data_o[9]_reg/D
  i_dmi_cdc.i_cdc_resp/i_dst/i_sync/reg_q_0__reg/D
  i_dmi_cdc.i_cdc_resp/i_dst/i_sync/reg_q_1__reg/D
  i_dmi_cdc.i_cdc_resp/i_dst/i_sync/serial_o_reg/D
  i_dmi_cdc.i_cdc_resp/i_dst/req_synced_q1_reg/D
  i_dmi_cdc.i_cdc_resp/i_src/i_sync/reg_q_0__reg/D
  i_dmi_cdc.i_cdc_resp/s_dst_clear_ack_q_reg/D
  i_dmi_cdc.i_cdc_resp/s_dst_isolate_ack_q_reg/D
  i_dmi_jtag_tap.bypass_q_reg/D
  i_dmi_jtag_tap.dmi_tdo_i_reg/D
  i_dmi_jtag_tap.dtmcs_tdo_i_reg/D
  i_dmi_jtag_tap.idcode_q_0__reg/D
  i_dmi_jtag_tap.idcode_q_10__reg/D
  i_dmi_jtag_tap.idcode_q_11__reg/D
  i_dmi_jtag_tap.idcode_q_12__reg/D
  i_dmi_jtag_tap.idcode_q_13__reg/D
  i_dmi_jtag_tap.idcode_q_14__reg/D
  i_dmi_jtag_tap.idcode_q_15__reg/D
  i_dmi_jtag_tap.idcode_q_16__reg/D
  i_dmi_jtag_tap.idcode_q_17__reg/D
  i_dmi_jtag_tap.idcode_q_18__reg/D
  i_dmi_jtag_tap.idcode_q_19__reg/D
  i_dmi_jtag_tap.idcode_q_1__reg/D
  i_dmi_jtag_tap.idcode_q_20__reg/D
  i_dmi_jtag_tap.idcode_q_21__reg/D
  i_dmi_jtag_tap.idcode_q_22__reg/D
  i_dmi_jtag_tap.idcode_q_23__reg/D
  i_dmi_jtag_tap.idcode_q_24__reg/D
  i_dmi_jtag_tap.idcode_q_25__reg/D
  i_dmi_jtag_tap.idcode_q_26__reg/D
  i_dmi_jtag_tap.idcode_q_27__reg/D
  i_dmi_jtag_tap.idcode_q_28__reg/D
  i_dmi_jtag_tap.idcode_q_29__reg/D
  i_dmi_jtag_tap.idcode_q_2__reg/D
  i_dmi_jtag_tap.idcode_q_30__reg/D
  i_dmi_jtag_tap.idcode_q_31__reg/D
  i_dmi_jtag_tap.idcode_q_3__reg/D
  i_dmi_jtag_tap.idcode_q_4__reg/D
  i_dmi_jtag_tap.idcode_q_5__reg/D
  i_dmi_jtag_tap.idcode_q_6__reg/D
  i_dmi_jtag_tap.idcode_q_7__reg/D
  i_dmi_jtag_tap.idcode_q_8__reg/D
  i_dmi_jtag_tap.idcode_q_9__reg/D
  i_dmi_jtag_tap.jtag_ir_q_0__reg/D
  i_dmi_jtag_tap.jtag_ir_q_1__reg/D
  i_dmi_jtag_tap.jtag_ir_q_2__reg/D
  i_dmi_jtag_tap.jtag_ir_q_3__reg/D
  i_dmi_jtag_tap.jtag_ir_q_4__reg/D
  i_dmi_jtag_tap.jtag_ir_shift_q_0__reg/D
  i_dmi_jtag_tap.jtag_ir_shift_q_1__reg/D
  i_dmi_jtag_tap.jtag_ir_shift_q_2__reg/D
  i_dmi_jtag_tap.jtag_ir_shift_q_3__reg/D
  i_dmi_jtag_tap.jtag_ir_shift_q_4__reg/D
  i_dmi_jtag_tap.tap_state_q_0__reg/D
  i_dmi_jtag_tap.tap_state_q_1__reg/D
  i_dmi_jtag_tap.tap_state_q_2__reg/D
  i_dmi_jtag_tap.tap_state_q_3__reg/D
  state_q_0__reg/D
  state_q_1__reg/D
  state_q_2__reg/D
  td_o_reg/D
  tdo_oe_o_reg/D
max_delay/setup group clk_sys

                                     Required  Actual
Endpoint                               Delay   Delay   Slack
------------------------------------------------------------
i_dmi_cdc.i_cdc_req/i_dst/data_o[0]_reg/D (sg13g2_dfrbp_1)   12.06   45.42  -33.35 (VIOLATED)

max_delay/setup group clk_sys

                                     Required  Actual
Endpoint                               Delay   Delay   Slack
------------------------------------------------------------
i_dmi_cdc.i_cdc_req/i_dst/data_o[0]_reg/D (sg13g2_dfrbp_1)   12.06   45.42  -33.35 (VIOLATED)

max_delay/setup group clk_sys

                                     Required  Actual
Endpoint                               Delay   Delay   Slack
------------------------------------------------------------
i_dmi_cdc.i_cdc_req/i_dst/data_o[0]_reg/D (sg13g2_dfrbp_1)   12.06   45.42  -33.35 (VIOLATED)

