cdc_2phase_clearable$dmi_jtag.i_dmi_cdc.i_cdc_req/s_dst_clear_ack_q_reg
cdc_2phase_clearable$dmi_jtag.i_dmi_cdc.i_cdc_req/s_dst_isolate_ack_q_reg
cdc_2phase_clearable$dmi_jtag.i_dmi_cdc.i_cdc_req/s_src_clear_ack_q_reg
cdc_2phase_clearable$dmi_jtag.i_dmi_cdc.i_cdc_req/s_src_isolate_ack_q_reg
cdc_2phase_clearable$dmi_jtag.i_dmi_cdc.i_cdc_resp/s_dst_clear_ack_q_reg
cdc_2phase_clearable$dmi_jtag.i_dmi_cdc.i_cdc_resp/s_dst_isolate_ack_q_reg
cdc_2phase_clearable$dmi_jtag.i_dmi_cdc.i_cdc_resp/s_src_clear_ack_q_reg
cdc_2phase_clearable$dmi_jtag.i_dmi_cdc.i_cdc_resp/s_src_isolate_ack_q_reg
cdc_2phase_dst_clearable$dmi_jtag.i_dmi_cdc.i_cdc_req.i_dst/async_ack_o_reg
cdc_2phase_dst_clearable$dmi_jtag.i_dmi_cdc.i_cdc_req.i_dst/data_o[0]_reg
cdc_2phase_dst_clearable$dmi_jtag.i_dmi_cdc.i_cdc_req.i_dst/data_o[10]_reg
cdc_2phase_dst_clearable$dmi_jtag.i_dmi_cdc.i_cdc_req.i_dst/data_o[11]_reg
cdc_2phase_dst_clearable$dmi_jtag.i_dmi_cdc.i_cdc_req.i_dst/data_o[12]_reg
cdc_2phase_dst_clearable$dmi_jtag.i_dmi_cdc.i_cdc_req.i_dst/data_o[13]_reg
cdc_2phase_dst_clearable$dmi_jtag.i_dmi_cdc.i_cdc_req.i_dst/data_o[14]_reg
cdc_2phase_dst_clearable$dmi_jtag.i_dmi_cdc.i_cdc_req.i_dst/data_o[15]_reg
cdc_2phase_dst_clearable$dmi_jtag.i_dmi_cdc.i_cdc_req.i_dst/data_o[16]_reg
cdc_2phase_dst_clearable$dmi_jtag.i_dmi_cdc.i_cdc_req.i_dst/data_o[17]_reg
cdc_2phase_dst_clearable$dmi_jtag.i_dmi_cdc.i_cdc_req.i_dst/data_o[18]_reg
cdc_2phase_dst_clearable$dmi_jtag.i_dmi_cdc.i_cdc_req.i_dst/data_o[19]_reg
cdc_2phase_dst_clearable$dmi_jtag.i_dmi_cdc.i_cdc_req.i_dst/data_o[1]_reg
cdc_2phase_dst_clearable$dmi_jtag.i_dmi_cdc.i_cdc_req.i_dst/data_o[20]_reg
cdc_2phase_dst_clearable$dmi_jtag.i_dmi_cdc.i_cdc_req.i_dst/data_o[21]_reg
cdc_2phase_dst_clearable$dmi_jtag.i_dmi_cdc.i_cdc_req.i_dst/data_o[22]_reg
cdc_2phase_dst_clearable$dmi_jtag.i_dmi_cdc.i_cdc_req.i_dst/data_o[23]_reg
cdc_2phase_dst_clearable$dmi_jtag.i_dmi_cdc.i_cdc_req.i_dst/data_o[24]_reg
cdc_2phase_dst_clearable$dmi_jtag.i_dmi_cdc.i_cdc_req.i_dst/data_o[25]_reg
cdc_2phase_dst_clearable$dmi_jtag.i_dmi_cdc.i_cdc_req.i_dst/data_o[26]_reg
cdc_2phase_dst_clearable$dmi_jtag.i_dmi_cdc.i_cdc_req.i_dst/data_o[27]_reg
cdc_2phase_dst_clearable$dmi_jtag.i_dmi_cdc.i_cdc_req.i_dst/data_o[28]_reg
cdc_2phase_dst_clearable$dmi_jtag.i_dmi_cdc.i_cdc_req.i_dst/data_o[29]_reg
cdc_2phase_dst_clearable$dmi_jtag.i_dmi_cdc.i_cdc_req.i_dst/data_o[2]_reg
cdc_2phase_dst_clearable$dmi_jtag.i_dmi_cdc.i_cdc_req.i_dst/data_o[30]_reg
cdc_2phase_dst_clearable$dmi_jtag.i_dmi_cdc.i_cdc_req.i_dst/data_o[31]_reg
cdc_2phase_dst_clearable$dmi_jtag.i_dmi_cdc.i_cdc_req.i_dst/data_o[32]_reg
cdc_2phase_dst_clearable$dmi_jtag.i_dmi_cdc.i_cdc_req.i_dst/data_o[33]_reg
cdc_2phase_dst_clearable$dmi_jtag.i_dmi_cdc.i_cdc_req.i_dst/data_o[34]_reg
cdc_2phase_dst_clearable$dmi_jtag.i_dmi_cdc.i_cdc_req.i_dst/data_o[35]_reg
cdc_2phase_dst_clearable$dmi_jtag.i_dmi_cdc.i_cdc_req.i_dst/data_o[36]_reg
cdc_2phase_dst_clearable$dmi_jtag.i_dmi_cdc.i_cdc_req.i_dst/data_o[37]_reg
cdc_2phase_dst_clearable$dmi_jtag.i_dmi_cdc.i_cdc_req.i_dst/data_o[38]_reg
cdc_2phase_dst_clearable$dmi_jtag.i_dmi_cdc.i_cdc_req.i_dst/data_o[39]_reg
cdc_2phase_dst_clearable$dmi_jtag.i_dmi_cdc.i_cdc_req.i_dst/data_o[3]_reg
cdc_2phase_dst_clearable$dmi_jtag.i_dmi_cdc.i_cdc_req.i_dst/data_o[40]_reg
cdc_2phase_dst_clearable$dmi_jtag.i_dmi_cdc.i_cdc_req.i_dst/data_o[4]_reg
cdc_2phase_dst_clearable$dmi_jtag.i_dmi_cdc.i_cdc_req.i_dst/data_o[5]_reg
cdc_2phase_dst_clearable$dmi_jtag.i_dmi_cdc.i_cdc_req.i_dst/data_o[6]_reg
cdc_2phase_dst_clearable$dmi_jtag.i_dmi_cdc.i_cdc_req.i_dst/data_o[7]_reg
cdc_2phase_dst_clearable$dmi_jtag.i_dmi_cdc.i_cdc_req.i_dst/data_o[8]_reg
cdc_2phase_dst_clearable$dmi_jtag.i_dmi_cdc.i_cdc_req.i_dst/data_o[9]_reg
cdc_2phase_dst_clearable$dmi_jtag.i_dmi_cdc.i_cdc_req.i_dst/req_synced_q1_reg
cdc_2phase_dst_clearable$dmi_jtag.i_dmi_cdc.i_cdc_resp.i_dst/async_ack_o_reg
cdc_2phase_dst_clearable$dmi_jtag.i_dmi_cdc.i_cdc_resp.i_dst/data_o[0]_reg
cdc_2phase_dst_clearable$dmi_jtag.i_dmi_cdc.i_cdc_resp.i_dst/data_o[10]_reg
cdc_2phase_dst_clearable$dmi_jtag.i_dmi_cdc.i_cdc_resp.i_dst/data_o[11]_reg
cdc_2phase_dst_clearable$dmi_jtag.i_dmi_cdc.i_cdc_resp.i_dst/data_o[12]_reg
cdc_2phase_dst_clearable$dmi_jtag.i_dmi_cdc.i_cdc_resp.i_dst/data_o[13]_reg
cdc_2phase_dst_clearable$dmi_jtag.i_dmi_cdc.i_cdc_resp.i_dst/data_o[14]_reg
cdc_2phase_dst_clearable$dmi_jtag.i_dmi_cdc.i_cdc_resp.i_dst/data_o[15]_reg
cdc_2phase_dst_clearable$dmi_jtag.i_dmi_cdc.i_cdc_resp.i_dst/data_o[16]_reg
cdc_2phase_dst_clearable$dmi_jtag.i_dmi_cdc.i_cdc_resp.i_dst/data_o[17]_reg
cdc_2phase_dst_clearable$dmi_jtag.i_dmi_cdc.i_cdc_resp.i_dst/data_o[18]_reg
cdc_2phase_dst_clearable$dmi_jtag.i_dmi_cdc.i_cdc_resp.i_dst/data_o[19]_reg
cdc_2phase_dst_clearable$dmi_jtag.i_dmi_cdc.i_cdc_resp.i_dst/data_o[1]_reg
cdc_2phase_dst_clearable$dmi_jtag.i_dmi_cdc.i_cdc_resp.i_dst/data_o[20]_reg
cdc_2phase_dst_clearable$dmi_jtag.i_dmi_cdc.i_cdc_resp.i_dst/data_o[21]_reg
cdc_2phase_dst_clearable$dmi_jtag.i_dmi_cdc.i_cdc_resp.i_dst/data_o[22]_reg
cdc_2phase_dst_clearable$dmi_jtag.i_dmi_cdc.i_cdc_resp.i_dst/data_o[23]_reg
cdc_2phase_dst_clearable$dmi_jtag.i_dmi_cdc.i_cdc_resp.i_dst/data_o[24]_reg
cdc_2phase_dst_clearable$dmi_jtag.i_dmi_cdc.i_cdc_resp.i_dst/data_o[25]_reg
cdc_2phase_dst_clearable$dmi_jtag.i_dmi_cdc.i_cdc_resp.i_dst/data_o[26]_reg
cdc_2phase_dst_clearable$dmi_jtag.i_dmi_cdc.i_cdc_resp.i_dst/data_o[27]_reg
cdc_2phase_dst_clearable$dmi_jtag.i_dmi_cdc.i_cdc_resp.i_dst/data_o[28]_reg
cdc_2phase_dst_clearable$dmi_jtag.i_dmi_cdc.i_cdc_resp.i_dst/data_o[29]_reg
cdc_2phase_dst_clearable$dmi_jtag.i_dmi_cdc.i_cdc_resp.i_dst/data_o[2]_reg
cdc_2phase_dst_clearable$dmi_jtag.i_dmi_cdc.i_cdc_resp.i_dst/data_o[30]_reg
cdc_2phase_dst_clearable$dmi_jtag.i_dmi_cdc.i_cdc_resp.i_dst/data_o[31]_reg
cdc_2phase_dst_clearable$dmi_jtag.i_dmi_cdc.i_cdc_resp.i_dst/data_o[32]_reg
cdc_2phase_dst_clearable$dmi_jtag.i_dmi_cdc.i_cdc_resp.i_dst/data_o[33]_reg
cdc_2phase_dst_clearable$dmi_jtag.i_dmi_cdc.i_cdc_resp.i_dst/data_o[3]_reg
cdc_2phase_dst_clearable$dmi_jtag.i_dmi_cdc.i_cdc_resp.i_dst/data_o[4]_reg
cdc_2phase_dst_clearable$dmi_jtag.i_dmi_cdc.i_cdc_resp.i_dst/data_o[5]_reg
cdc_2phase_dst_clearable$dmi_jtag.i_dmi_cdc.i_cdc_resp.i_dst/data_o[6]_reg
cdc_2phase_dst_clearable$dmi_jtag.i_dmi_cdc.i_cdc_resp.i_dst/data_o[7]_reg
cdc_2phase_dst_clearable$dmi_jtag.i_dmi_cdc.i_cdc_resp.i_dst/data_o[8]_reg
cdc_2phase_dst_clearable$dmi_jtag.i_dmi_cdc.i_cdc_resp.i_dst/data_o[9]_reg
cdc_2phase_dst_clearable$dmi_jtag.i_dmi_cdc.i_cdc_resp.i_dst/req_synced_q1_reg
cdc_2phase_src_clearable$dmi_jtag.i_dmi_cdc.i_cdc_req.i_src/async_data_o[0]_reg
cdc_2phase_src_clearable$dmi_jtag.i_dmi_cdc.i_cdc_req.i_src/async_data_o[10]_reg
cdc_2phase_src_clearable$dmi_jtag.i_dmi_cdc.i_cdc_req.i_src/async_data_o[11]_reg
cdc_2phase_src_clearable$dmi_jtag.i_dmi_cdc.i_cdc_req.i_src/async_data_o[12]_reg
cdc_2phase_src_clearable$dmi_jtag.i_dmi_cdc.i_cdc_req.i_src/async_data_o[13]_reg
cdc_2phase_src_clearable$dmi_jtag.i_dmi_cdc.i_cdc_req.i_src/async_data_o[14]_reg
cdc_2phase_src_clearable$dmi_jtag.i_dmi_cdc.i_cdc_req.i_src/async_data_o[15]_reg
cdc_2phase_src_clearable$dmi_jtag.i_dmi_cdc.i_cdc_req.i_src/async_data_o[16]_reg
cdc_2phase_src_clearable$dmi_jtag.i_dmi_cdc.i_cdc_req.i_src/async_data_o[17]_reg
cdc_2phase_src_clearable$dmi_jtag.i_dmi_cdc.i_cdc_req.i_src/async_data_o[18]_reg
cdc_2phase_src_clearable$dmi_jtag.i_dmi_cdc.i_cdc_req.i_src/async_data_o[19]_reg
cdc_2phase_src_clearable$dmi_jtag.i_dmi_cdc.i_cdc_req.i_src/async_data_o[1]_reg
cdc_2phase_src_clearable$dmi_jtag.i_dmi_cdc.i_cdc_req.i_src/async_data_o[20]_reg
cdc_2phase_src_clearable$dmi_jtag.i_dmi_cdc.i_cdc_req.i_src/async_data_o[21]_reg
cdc_2phase_src_clearable$dmi_jtag.i_dmi_cdc.i_cdc_req.i_src/async_data_o[22]_reg
cdc_2phase_src_clearable$dmi_jtag.i_dmi_cdc.i_cdc_req.i_src/async_data_o[23]_reg
cdc_2phase_src_clearable$dmi_jtag.i_dmi_cdc.i_cdc_req.i_src/async_data_o[24]_reg
cdc_2phase_src_clearable$dmi_jtag.i_dmi_cdc.i_cdc_req.i_src/async_data_o[25]_reg
cdc_2phase_src_clearable$dmi_jtag.i_dmi_cdc.i_cdc_req.i_src/async_data_o[26]_reg
cdc_2phase_src_clearable$dmi_jtag.i_dmi_cdc.i_cdc_req.i_src/async_data_o[27]_reg
cdc_2phase_src_clearable$dmi_jtag.i_dmi_cdc.i_cdc_req.i_src/async_data_o[28]_reg
cdc_2phase_src_clearable$dmi_jtag.i_dmi_cdc.i_cdc_req.i_src/async_data_o[29]_reg
cdc_2phase_src_clearable$dmi_jtag.i_dmi_cdc.i_cdc_req.i_src/async_data_o[2]_reg
cdc_2phase_src_clearable$dmi_jtag.i_dmi_cdc.i_cdc_req.i_src/async_data_o[30]_reg
cdc_2phase_src_clearable$dmi_jtag.i_dmi_cdc.i_cdc_req.i_src/async_data_o[31]_reg
cdc_2phase_src_clearable$dmi_jtag.i_dmi_cdc.i_cdc_req.i_src/async_data_o[32]_reg
cdc_2phase_src_clearable$dmi_jtag.i_dmi_cdc.i_cdc_req.i_src/async_data_o[33]_reg
cdc_2phase_src_clearable$dmi_jtag.i_dmi_cdc.i_cdc_req.i_src/async_data_o[34]_reg
cdc_2phase_src_clearable$dmi_jtag.i_dmi_cdc.i_cdc_req.i_src/async_data_o[35]_reg
cdc_2phase_src_clearable$dmi_jtag.i_dmi_cdc.i_cdc_req.i_src/async_data_o[36]_reg
cdc_2phase_src_clearable$dmi_jtag.i_dmi_cdc.i_cdc_req.i_src/async_data_o[37]_reg
cdc_2phase_src_clearable$dmi_jtag.i_dmi_cdc.i_cdc_req.i_src/async_data_o[38]_reg
cdc_2phase_src_clearable$dmi_jtag.i_dmi_cdc.i_cdc_req.i_src/async_data_o[39]_reg
cdc_2phase_src_clearable$dmi_jtag.i_dmi_cdc.i_cdc_req.i_src/async_data_o[3]_reg
cdc_2phase_src_clearable$dmi_jtag.i_dmi_cdc.i_cdc_req.i_src/async_data_o[40]_reg
cdc_2phase_src_clearable$dmi_jtag.i_dmi_cdc.i_cdc_req.i_src/async_data_o[4]_reg
cdc_2phase_src_clearable$dmi_jtag.i_dmi_cdc.i_cdc_req.i_src/async_data_o[5]_reg
cdc_2phase_src_clearable$dmi_jtag.i_dmi_cdc.i_cdc_req.i_src/async_data_o[6]_reg
cdc_2phase_src_clearable$dmi_jtag.i_dmi_cdc.i_cdc_req.i_src/async_data_o[7]_reg
cdc_2phase_src_clearable$dmi_jtag.i_dmi_cdc.i_cdc_req.i_src/async_data_o[8]_reg
cdc_2phase_src_clearable$dmi_jtag.i_dmi_cdc.i_cdc_req.i_src/async_data_o[9]_reg
cdc_2phase_src_clearable$dmi_jtag.i_dmi_cdc.i_cdc_req.i_src/async_req_o_reg
cdc_2phase_src_clearable$dmi_jtag.i_dmi_cdc.i_cdc_resp.i_src/async_data_o[0]_reg
cdc_2phase_src_clearable$dmi_jtag.i_dmi_cdc.i_cdc_resp.i_src/async_data_o[10]_reg
cdc_2phase_src_clearable$dmi_jtag.i_dmi_cdc.i_cdc_resp.i_src/async_data_o[11]_reg
cdc_2phase_src_clearable$dmi_jtag.i_dmi_cdc.i_cdc_resp.i_src/async_data_o[12]_reg
cdc_2phase_src_clearable$dmi_jtag.i_dmi_cdc.i_cdc_resp.i_src/async_data_o[13]_reg
cdc_2phase_src_clearable$dmi_jtag.i_dmi_cdc.i_cdc_resp.i_src/async_data_o[14]_reg
cdc_2phase_src_clearable$dmi_jtag.i_dmi_cdc.i_cdc_resp.i_src/async_data_o[15]_reg
cdc_2phase_src_clearable$dmi_jtag.i_dmi_cdc.i_cdc_resp.i_src/async_data_o[16]_reg
cdc_2phase_src_clearable$dmi_jtag.i_dmi_cdc.i_cdc_resp.i_src/async_data_o[17]_reg
cdc_2phase_src_clearable$dmi_jtag.i_dmi_cdc.i_cdc_resp.i_src/async_data_o[18]_reg
cdc_2phase_src_clearable$dmi_jtag.i_dmi_cdc.i_cdc_resp.i_src/async_data_o[19]_reg
cdc_2phase_src_clearable$dmi_jtag.i_dmi_cdc.i_cdc_resp.i_src/async_data_o[1]_reg
cdc_2phase_src_clearable$dmi_jtag.i_dmi_cdc.i_cdc_resp.i_src/async_data_o[20]_reg
cdc_2phase_src_clearable$dmi_jtag.i_dmi_cdc.i_cdc_resp.i_src/async_data_o[21]_reg
cdc_2phase_src_clearable$dmi_jtag.i_dmi_cdc.i_cdc_resp.i_src/async_data_o[22]_reg
cdc_2phase_src_clearable$dmi_jtag.i_dmi_cdc.i_cdc_resp.i_src/async_data_o[23]_reg
cdc_2phase_src_clearable$dmi_jtag.i_dmi_cdc.i_cdc_resp.i_src/async_data_o[24]_reg
cdc_2phase_src_clearable$dmi_jtag.i_dmi_cdc.i_cdc_resp.i_src/async_data_o[25]_reg
cdc_2phase_src_clearable$dmi_jtag.i_dmi_cdc.i_cdc_resp.i_src/async_data_o[26]_reg
cdc_2phase_src_clearable$dmi_jtag.i_dmi_cdc.i_cdc_resp.i_src/async_data_o[27]_reg
cdc_2phase_src_clearable$dmi_jtag.i_dmi_cdc.i_cdc_resp.i_src/async_data_o[28]_reg
cdc_2phase_src_clearable$dmi_jtag.i_dmi_cdc.i_cdc_resp.i_src/async_data_o[29]_reg
cdc_2phase_src_clearable$dmi_jtag.i_dmi_cdc.i_cdc_resp.i_src/async_data_o[2]_reg
cdc_2phase_src_clearable$dmi_jtag.i_dmi_cdc.i_cdc_resp.i_src/async_data_o[30]_reg
cdc_2phase_src_clearable$dmi_jtag.i_dmi_cdc.i_cdc_resp.i_src/async_data_o[31]_reg
cdc_2phase_src_clearable$dmi_jtag.i_dmi_cdc.i_cdc_resp.i_src/async_data_o[32]_reg
cdc_2phase_src_clearable$dmi_jtag.i_dmi_cdc.i_cdc_resp.i_src/async_data_o[33]_reg
cdc_2phase_src_clearable$dmi_jtag.i_dmi_cdc.i_cdc_resp.i_src/async_data_o[3]_reg
cdc_2phase_src_clearable$dmi_jtag.i_dmi_cdc.i_cdc_resp.i_src/async_data_o[4]_reg
cdc_2phase_src_clearable$dmi_jtag.i_dmi_cdc.i_cdc_resp.i_src/async_data_o[5]_reg
cdc_2phase_src_clearable$dmi_jtag.i_dmi_cdc.i_cdc_resp.i_src/async_data_o[6]_reg
cdc_2phase_src_clearable$dmi_jtag.i_dmi_cdc.i_cdc_resp.i_src/async_data_o[7]_reg
cdc_2phase_src_clearable$dmi_jtag.i_dmi_cdc.i_cdc_resp.i_src/async_data_o[8]_reg
cdc_2phase_src_clearable$dmi_jtag.i_dmi_cdc.i_cdc_resp.i_src/async_data_o[9]_reg
cdc_2phase_src_clearable$dmi_jtag.i_dmi_cdc.i_cdc_resp.i_src/async_req_o_reg
cdc_4phase_dst$dmi_jtag.i_dmi_cdc.i_cdc_req.i_cdc_reset_ctrlr.i_cdc_reset_ctrlr_half_a.i_state_transition_cdc_dst/async_ack_o_reg
cdc_4phase_dst$dmi_jtag.i_dmi_cdc.i_cdc_req.i_cdc_reset_ctrlr.i_cdc_reset_ctrlr_half_a.i_state_transition_cdc_dst/state_q_0__reg
cdc_4phase_dst$dmi_jtag.i_dmi_cdc.i_cdc_req.i_cdc_reset_ctrlr.i_cdc_reset_ctrlr_half_a.i_state_transition_cdc_dst/state_q_1__reg
cdc_4phase_dst$dmi_jtag.i_dmi_cdc.i_cdc_req.i_cdc_reset_ctrlr.i_cdc_reset_ctrlr_half_b.i_state_transition_cdc_dst/async_ack_o_reg
cdc_4phase_dst$dmi_jtag.i_dmi_cdc.i_cdc_req.i_cdc_reset_ctrlr.i_cdc_reset_ctrlr_half_b.i_state_transition_cdc_dst/state_q_0__reg
cdc_4phase_dst$dmi_jtag.i_dmi_cdc.i_cdc_req.i_cdc_reset_ctrlr.i_cdc_reset_ctrlr_half_b.i_state_transition_cdc_dst/state_q_1__reg
cdc_4phase_dst$dmi_jtag.i_dmi_cdc.i_cdc_resp.i_cdc_reset_ctrlr.i_cdc_reset_ctrlr_half_a.i_state_transition_cdc_dst/async_ack_o_reg
cdc_4phase_dst$dmi_jtag.i_dmi_cdc.i_cdc_resp.i_cdc_reset_ctrlr.i_cdc_reset_ctrlr_half_a.i_state_transition_cdc_dst/state_q_0__reg
cdc_4phase_dst$dmi_jtag.i_dmi_cdc.i_cdc_resp.i_cdc_reset_ctrlr.i_cdc_reset_ctrlr_half_a.i_state_transition_cdc_dst/state_q_1__reg
cdc_4phase_dst$dmi_jtag.i_dmi_cdc.i_cdc_resp.i_cdc_reset_ctrlr.i_cdc_reset_ctrlr_half_b.i_state_transition_cdc_dst/async_ack_o_reg
cdc_4phase_dst$dmi_jtag.i_dmi_cdc.i_cdc_resp.i_cdc_reset_ctrlr.i_cdc_reset_ctrlr_half_b.i_state_transition_cdc_dst/state_q_0__reg
cdc_4phase_dst$dmi_jtag.i_dmi_cdc.i_cdc_resp.i_cdc_reset_ctrlr.i_cdc_reset_ctrlr_half_b.i_state_transition_cdc_dst/state_q_1__reg
cdc_4phase_src$dmi_jtag.i_dmi_cdc.i_cdc_req.i_cdc_reset_ctrlr.i_cdc_reset_ctrlr_half_a.i_state_transition_cdc_src/async_data_o[0]_reg
cdc_4phase_src$dmi_jtag.i_dmi_cdc.i_cdc_req.i_cdc_reset_ctrlr.i_cdc_reset_ctrlr_half_a.i_state_transition_cdc_src/async_data_o[1]_reg
cdc_4phase_src$dmi_jtag.i_dmi_cdc.i_cdc_req.i_cdc_reset_ctrlr.i_cdc_reset_ctrlr_half_a.i_state_transition_cdc_src/async_req_o_reg
cdc_4phase_src$dmi_jtag.i_dmi_cdc.i_cdc_req.i_cdc_reset_ctrlr.i_cdc_reset_ctrlr_half_a.i_state_transition_cdc_src/state_q_0__reg
cdc_4phase_src$dmi_jtag.i_dmi_cdc.i_cdc_req.i_cdc_reset_ctrlr.i_cdc_reset_ctrlr_half_a.i_state_transition_cdc_src/state_q_1__reg
cdc_4phase_src$dmi_jtag.i_dmi_cdc.i_cdc_req.i_cdc_reset_ctrlr.i_cdc_reset_ctrlr_half_b.i_state_transition_cdc_src/async_data_o[0]_reg
cdc_4phase_src$dmi_jtag.i_dmi_cdc.i_cdc_req.i_cdc_reset_ctrlr.i_cdc_reset_ctrlr_half_b.i_state_transition_cdc_src/async_data_o[1]_reg
cdc_4phase_src$dmi_jtag.i_dmi_cdc.i_cdc_req.i_cdc_reset_ctrlr.i_cdc_reset_ctrlr_half_b.i_state_transition_cdc_src/async_req_o_reg
cdc_4phase_src$dmi_jtag.i_dmi_cdc.i_cdc_req.i_cdc_reset_ctrlr.i_cdc_reset_ctrlr_half_b.i_state_transition_cdc_src/state_q_0__reg
cdc_4phase_src$dmi_jtag.i_dmi_cdc.i_cdc_req.i_cdc_reset_ctrlr.i_cdc_reset_ctrlr_half_b.i_state_transition_cdc_src/state_q_1__reg
cdc_4phase_src$dmi_jtag.i_dmi_cdc.i_cdc_resp.i_cdc_reset_ctrlr.i_cdc_reset_ctrlr_half_a.i_state_transition_cdc_src/async_data_o[0]_reg
cdc_4phase_src$dmi_jtag.i_dmi_cdc.i_cdc_resp.i_cdc_reset_ctrlr.i_cdc_reset_ctrlr_half_a.i_state_transition_cdc_src/async_data_o[1]_reg
cdc_4phase_src$dmi_jtag.i_dmi_cdc.i_cdc_resp.i_cdc_reset_ctrlr.i_cdc_reset_ctrlr_half_a.i_state_transition_cdc_src/async_req_o_reg
cdc_4phase_src$dmi_jtag.i_dmi_cdc.i_cdc_resp.i_cdc_reset_ctrlr.i_cdc_reset_ctrlr_half_a.i_state_transition_cdc_src/state_q_0__reg
cdc_4phase_src$dmi_jtag.i_dmi_cdc.i_cdc_resp.i_cdc_reset_ctrlr.i_cdc_reset_ctrlr_half_a.i_state_transition_cdc_src/state_q_1__reg
cdc_4phase_src$dmi_jtag.i_dmi_cdc.i_cdc_resp.i_cdc_reset_ctrlr.i_cdc_reset_ctrlr_half_b.i_state_transition_cdc_src/async_data_o[0]_reg
cdc_4phase_src$dmi_jtag.i_dmi_cdc.i_cdc_resp.i_cdc_reset_ctrlr.i_cdc_reset_ctrlr_half_b.i_state_transition_cdc_src/async_data_o[1]_reg
cdc_4phase_src$dmi_jtag.i_dmi_cdc.i_cdc_resp.i_cdc_reset_ctrlr.i_cdc_reset_ctrlr_half_b.i_state_transition_cdc_src/async_req_o_reg
cdc_4phase_src$dmi_jtag.i_dmi_cdc.i_cdc_resp.i_cdc_reset_ctrlr.i_cdc_reset_ctrlr_half_b.i_state_transition_cdc_src/state_q_0__reg
cdc_4phase_src$dmi_jtag.i_dmi_cdc.i_cdc_resp.i_cdc_reset_ctrlr.i_cdc_reset_ctrlr_half_b.i_state_transition_cdc_src/state_q_1__reg
cdc_reset_ctrlr_half$dmi_jtag.i_dmi_cdc.i_cdc_req.i_cdc_reset_ctrlr.i_cdc_reset_ctrlr_half_a/initiator_state_q_0__reg
cdc_reset_ctrlr_half$dmi_jtag.i_dmi_cdc.i_cdc_req.i_cdc_reset_ctrlr.i_cdc_reset_ctrlr_half_a/initiator_state_q_1__reg
cdc_reset_ctrlr_half$dmi_jtag.i_dmi_cdc.i_cdc_req.i_cdc_reset_ctrlr.i_cdc_reset_ctrlr_half_a/initiator_state_q_2__reg
cdc_reset_ctrlr_half$dmi_jtag.i_dmi_cdc.i_cdc_req.i_cdc_reset_ctrlr.i_cdc_reset_ctrlr_half_a/initiator_state_q_3__reg
cdc_reset_ctrlr_half$dmi_jtag.i_dmi_cdc.i_cdc_req.i_cdc_reset_ctrlr.i_cdc_reset_ctrlr_half_a/receiver_phase_q_0__reg
cdc_reset_ctrlr_half$dmi_jtag.i_dmi_cdc.i_cdc_req.i_cdc_reset_ctrlr.i_cdc_reset_ctrlr_half_a/receiver_phase_q_1__reg
cdc_reset_ctrlr_half$dmi_jtag.i_dmi_cdc.i_cdc_req.i_cdc_reset_ctrlr.i_cdc_reset_ctrlr_half_b/initiator_state_q_0__reg
cdc_reset_ctrlr_half$dmi_jtag.i_dmi_cdc.i_cdc_req.i_cdc_reset_ctrlr.i_cdc_reset_ctrlr_half_b/initiator_state_q_1__reg
cdc_reset_ctrlr_half$dmi_jtag.i_dmi_cdc.i_cdc_req.i_cdc_reset_ctrlr.i_cdc_reset_ctrlr_half_b/initiator_state_q_2__reg
cdc_reset_ctrlr_half$dmi_jtag.i_dmi_cdc.i_cdc_req.i_cdc_reset_ctrlr.i_cdc_reset_ctrlr_half_b/initiator_state_q_3__reg
cdc_reset_ctrlr_half$dmi_jtag.i_dmi_cdc.i_cdc_req.i_cdc_reset_ctrlr.i_cdc_reset_ctrlr_half_b/receiver_phase_q_0__reg
cdc_reset_ctrlr_half$dmi_jtag.i_dmi_cdc.i_cdc_req.i_cdc_reset_ctrlr.i_cdc_reset_ctrlr_half_b/receiver_phase_q_1__reg
cdc_reset_ctrlr_half$dmi_jtag.i_dmi_cdc.i_cdc_resp.i_cdc_reset_ctrlr.i_cdc_reset_ctrlr_half_a/initiator_state_q_0__reg
cdc_reset_ctrlr_half$dmi_jtag.i_dmi_cdc.i_cdc_resp.i_cdc_reset_ctrlr.i_cdc_reset_ctrlr_half_a/initiator_state_q_1__reg
cdc_reset_ctrlr_half$dmi_jtag.i_dmi_cdc.i_cdc_resp.i_cdc_reset_ctrlr.i_cdc_reset_ctrlr_half_a/initiator_state_q_2__reg
cdc_reset_ctrlr_half$dmi_jtag.i_dmi_cdc.i_cdc_resp.i_cdc_reset_ctrlr.i_cdc_reset_ctrlr_half_a/initiator_state_q_3__reg
cdc_reset_ctrlr_half$dmi_jtag.i_dmi_cdc.i_cdc_resp.i_cdc_reset_ctrlr.i_cdc_reset_ctrlr_half_a/receiver_phase_q_0__reg
cdc_reset_ctrlr_half$dmi_jtag.i_dmi_cdc.i_cdc_resp.i_cdc_reset_ctrlr.i_cdc_reset_ctrlr_half_a/receiver_phase_q_1__reg
cdc_reset_ctrlr_half$dmi_jtag.i_dmi_cdc.i_cdc_resp.i_cdc_reset_ctrlr.i_cdc_reset_ctrlr_half_b/initiator_state_q_0__reg
cdc_reset_ctrlr_half$dmi_jtag.i_dmi_cdc.i_cdc_resp.i_cdc_reset_ctrlr.i_cdc_reset_ctrlr_half_b/initiator_state_q_1__reg
cdc_reset_ctrlr_half$dmi_jtag.i_dmi_cdc.i_cdc_resp.i_cdc_reset_ctrlr.i_cdc_reset_ctrlr_half_b/initiator_state_q_2__reg
cdc_reset_ctrlr_half$dmi_jtag.i_dmi_cdc.i_cdc_resp.i_cdc_reset_ctrlr.i_cdc_reset_ctrlr_half_b/initiator_state_q_3__reg
cdc_reset_ctrlr_half$dmi_jtag.i_dmi_cdc.i_cdc_resp.i_cdc_reset_ctrlr.i_cdc_reset_ctrlr_half_b/receiver_phase_q_0__reg
cdc_reset_ctrlr_half$dmi_jtag.i_dmi_cdc.i_cdc_resp.i_cdc_reset_ctrlr.i_cdc_reset_ctrlr_half_b/receiver_phase_q_1__reg
dmi_jtag/address_q_0__reg
dmi_jtag/address_q_1__reg
dmi_jtag/address_q_2__reg
dmi_jtag/address_q_3__reg
dmi_jtag/address_q_4__reg
dmi_jtag/address_q_5__reg
dmi_jtag/address_q_6__reg
dmi_jtag/data_q_0__reg
dmi_jtag/data_q_10__reg
dmi_jtag/data_q_11__reg
dmi_jtag/data_q_12__reg
dmi_jtag/data_q_13__reg
dmi_jtag/data_q_14__reg
dmi_jtag/data_q_15__reg
dmi_jtag/data_q_16__reg
dmi_jtag/data_q_17__reg
dmi_jtag/data_q_18__reg
dmi_jtag/data_q_19__reg
dmi_jtag/data_q_1__reg
dmi_jtag/data_q_20__reg
dmi_jtag/data_q_21__reg
dmi_jtag/data_q_22__reg
dmi_jtag/data_q_23__reg
dmi_jtag/data_q_24__reg
dmi_jtag/data_q_25__reg
dmi_jtag/data_q_26__reg
dmi_jtag/data_q_27__reg
dmi_jtag/data_q_28__reg
dmi_jtag/data_q_29__reg
dmi_jtag/data_q_2__reg
dmi_jtag/data_q_30__reg
dmi_jtag/data_q_31__reg
dmi_jtag/data_q_3__reg
dmi_jtag/data_q_4__reg
dmi_jtag/data_q_5__reg
dmi_jtag/data_q_6__reg
dmi_jtag/data_q_7__reg
dmi_jtag/data_q_8__reg
dmi_jtag/data_q_9__reg
dmi_jtag/dmi_10__reg
dmi_jtag/dmi_11__reg
dmi_jtag/dmi_12__reg
dmi_jtag/dmi_13__reg
dmi_jtag/dmi_14__reg
dmi_jtag/dmi_15__reg
dmi_jtag/dmi_16__reg
dmi_jtag/dmi_17__reg
dmi_jtag/dmi_18__reg
dmi_jtag/dmi_19__reg
dmi_jtag/dmi_1__reg
dmi_jtag/dmi_20__reg
dmi_jtag/dmi_21__reg
dmi_jtag/dmi_22__reg
dmi_jtag/dmi_23__reg
dmi_jtag/dmi_24__reg
dmi_jtag/dmi_25__reg
dmi_jtag/dmi_26__reg
dmi_jtag/dmi_27__reg
dmi_jtag/dmi_28__reg
dmi_jtag/dmi_29__reg
dmi_jtag/dmi_2__reg
dmi_jtag/dmi_30__reg
dmi_jtag/dmi_31__reg
dmi_jtag/dmi_32__reg
dmi_jtag/dmi_33__reg
dmi_jtag/dmi_34__reg
dmi_jtag/dmi_35__reg
dmi_jtag/dmi_36__reg
dmi_jtag/dmi_37__reg
dmi_jtag/dmi_38__reg
dmi_jtag/dmi_39__reg
dmi_jtag/dmi_3__reg
dmi_jtag/dmi_40__reg
dmi_jtag/dmi_4__reg
dmi_jtag/dmi_5__reg
dmi_jtag/dmi_6__reg
dmi_jtag/dmi_7__reg
dmi_jtag/dmi_8__reg
dmi_jtag/dmi_9__reg
dmi_jtag/dmi_rst_no_reg
dmi_jtag/dtmcs_q_10__reg
dmi_jtag/dtmcs_q_11__reg
dmi_jtag/dtmcs_q_12__reg
dmi_jtag/dtmcs_q_13__reg
dmi_jtag/dtmcs_q_14__reg
dmi_jtag/dtmcs_q_15__reg
dmi_jtag/dtmcs_q_16__reg
dmi_jtag/dtmcs_q_17__reg
dmi_jtag/dtmcs_q_18__reg
dmi_jtag/dtmcs_q_19__reg
dmi_jtag/dtmcs_q_1__reg
dmi_jtag/dtmcs_q_20__reg
dmi_jtag/dtmcs_q_21__reg
dmi_jtag/dtmcs_q_22__reg
dmi_jtag/dtmcs_q_23__reg
dmi_jtag/dtmcs_q_24__reg
dmi_jtag/dtmcs_q_25__reg
dmi_jtag/dtmcs_q_26__reg
dmi_jtag/dtmcs_q_27__reg
dmi_jtag/dtmcs_q_28__reg
dmi_jtag/dtmcs_q_29__reg
dmi_jtag/dtmcs_q_2__reg
dmi_jtag/dtmcs_q_30__reg
dmi_jtag/dtmcs_q_31__reg
dmi_jtag/dtmcs_q_3__reg
dmi_jtag/dtmcs_q_4__reg
dmi_jtag/dtmcs_q_5__reg
dmi_jtag/dtmcs_q_6__reg
dmi_jtag/dtmcs_q_7__reg
dmi_jtag/dtmcs_q_8__reg
dmi_jtag/dtmcs_q_9__reg
dmi_jtag/error_q_0__reg
dmi_jtag/error_q_1__reg
dmi_jtag/i_dmi_cdc.core_clear_pending_q_reg
dmi_jtag/i_dmi_jtag_tap.bypass_q_reg
dmi_jtag/i_dmi_jtag_tap.dmi_tdo_i_reg
dmi_jtag/i_dmi_jtag_tap.dtmcs_tdo_i_reg
dmi_jtag/i_dmi_jtag_tap.idcode_q_0__reg
dmi_jtag/i_dmi_jtag_tap.idcode_q_10__reg
dmi_jtag/i_dmi_jtag_tap.idcode_q_11__reg
dmi_jtag/i_dmi_jtag_tap.idcode_q_12__reg
dmi_jtag/i_dmi_jtag_tap.idcode_q_13__reg
dmi_jtag/i_dmi_jtag_tap.idcode_q_14__reg
dmi_jtag/i_dmi_jtag_tap.idcode_q_15__reg
dmi_jtag/i_dmi_jtag_tap.idcode_q_16__reg
dmi_jtag/i_dmi_jtag_tap.idcode_q_17__reg
dmi_jtag/i_dmi_jtag_tap.idcode_q_18__reg
dmi_jtag/i_dmi_jtag_tap.idcode_q_19__reg
dmi_jtag/i_dmi_jtag_tap.idcode_q_1__reg
dmi_jtag/i_dmi_jtag_tap.idcode_q_20__reg
dmi_jtag/i_dmi_jtag_tap.idcode_q_21__reg
dmi_jtag/i_dmi_jtag_tap.idcode_q_22__reg
dmi_jtag/i_dmi_jtag_tap.idcode_q_23__reg
dmi_jtag/i_dmi_jtag_tap.idcode_q_24__reg
dmi_jtag/i_dmi_jtag_tap.idcode_q_25__reg
dmi_jtag/i_dmi_jtag_tap.idcode_q_26__reg
dmi_jtag/i_dmi_jtag_tap.idcode_q_27__reg
dmi_jtag/i_dmi_jtag_tap.idcode_q_28__reg
dmi_jtag/i_dmi_jtag_tap.idcode_q_29__reg
dmi_jtag/i_dmi_jtag_tap.idcode_q_2__reg
dmi_jtag/i_dmi_jtag_tap.idcode_q_30__reg
dmi_jtag/i_dmi_jtag_tap.idcode_q_31__reg
dmi_jtag/i_dmi_jtag_tap.idcode_q_3__reg
dmi_jtag/i_dmi_jtag_tap.idcode_q_4__reg
dmi_jtag/i_dmi_jtag_tap.idcode_q_5__reg
dmi_jtag/i_dmi_jtag_tap.idcode_q_6__reg
dmi_jtag/i_dmi_jtag_tap.idcode_q_7__reg
dmi_jtag/i_dmi_jtag_tap.idcode_q_8__reg
dmi_jtag/i_dmi_jtag_tap.idcode_q_9__reg
dmi_jtag/i_dmi_jtag_tap.jtag_ir_q_0__reg
dmi_jtag/i_dmi_jtag_tap.jtag_ir_q_1__reg
dmi_jtag/i_dmi_jtag_tap.jtag_ir_q_2__reg
dmi_jtag/i_dmi_jtag_tap.jtag_ir_q_3__reg
dmi_jtag/i_dmi_jtag_tap.jtag_ir_q_4__reg
dmi_jtag/i_dmi_jtag_tap.jtag_ir_shift_q_0__reg
dmi_jtag/i_dmi_jtag_tap.jtag_ir_shift_q_1__reg
dmi_jtag/i_dmi_jtag_tap.jtag_ir_shift_q_2__reg
dmi_jtag/i_dmi_jtag_tap.jtag_ir_shift_q_3__reg
dmi_jtag/i_dmi_jtag_tap.jtag_ir_shift_q_4__reg
dmi_jtag/i_dmi_jtag_tap.tap_state_q_0__reg
dmi_jtag/i_dmi_jtag_tap.tap_state_q_1__reg
dmi_jtag/i_dmi_jtag_tap.tap_state_q_2__reg
dmi_jtag/i_dmi_jtag_tap.tap_state_q_3__reg
dmi_jtag/state_q_0__reg
dmi_jtag/state_q_1__reg
dmi_jtag/state_q_2__reg
dmi_jtag/td_o_reg
dmi_jtag/tdo_oe_o_reg
sync$dmi_jtag.i_dmi_cdc.i_cdc_req.i_cdc_reset_ctrlr.i_cdc_reset_ctrlr_half_a.i_state_transition_cdc_dst.i_sync/reg_q_0__reg
sync$dmi_jtag.i_dmi_cdc.i_cdc_req.i_cdc_reset_ctrlr.i_cdc_reset_ctrlr_half_a.i_state_transition_cdc_dst.i_sync/serial_o_reg
sync$dmi_jtag.i_dmi_cdc.i_cdc_req.i_cdc_reset_ctrlr.i_cdc_reset_ctrlr_half_a.i_state_transition_cdc_src.i_sync/reg_q_0__reg
sync$dmi_jtag.i_dmi_cdc.i_cdc_req.i_cdc_reset_ctrlr.i_cdc_reset_ctrlr_half_a.i_state_transition_cdc_src.i_sync/serial_o_reg
sync$dmi_jtag.i_dmi_cdc.i_cdc_req.i_cdc_reset_ctrlr.i_cdc_reset_ctrlr_half_b.i_state_transition_cdc_dst.i_sync/reg_q_0__reg
sync$dmi_jtag.i_dmi_cdc.i_cdc_req.i_cdc_reset_ctrlr.i_cdc_reset_ctrlr_half_b.i_state_transition_cdc_dst.i_sync/serial_o_reg
sync$dmi_jtag.i_dmi_cdc.i_cdc_req.i_cdc_reset_ctrlr.i_cdc_reset_ctrlr_half_b.i_state_transition_cdc_src.i_sync/reg_q_0__reg
sync$dmi_jtag.i_dmi_cdc.i_cdc_req.i_cdc_reset_ctrlr.i_cdc_reset_ctrlr_half_b.i_state_transition_cdc_src.i_sync/serial_o_reg
sync$dmi_jtag.i_dmi_cdc.i_cdc_req.i_dst.i_sync/reg_q_0__reg
sync$dmi_jtag.i_dmi_cdc.i_cdc_req.i_dst.i_sync/reg_q_1__reg
sync$dmi_jtag.i_dmi_cdc.i_cdc_req.i_dst.i_sync/serial_o_reg
sync$dmi_jtag.i_dmi_cdc.i_cdc_req.i_src.i_sync/reg_q_0__reg
sync$dmi_jtag.i_dmi_cdc.i_cdc_req.i_src.i_sync/reg_q_1__reg
sync$dmi_jtag.i_dmi_cdc.i_cdc_req.i_src.i_sync/serial_o_reg
sync$dmi_jtag.i_dmi_cdc.i_cdc_resp.i_cdc_reset_ctrlr.i_cdc_reset_ctrlr_half_a.i_state_transition_cdc_dst.i_sync/reg_q_0__reg
sync$dmi_jtag.i_dmi_cdc.i_cdc_resp.i_cdc_reset_ctrlr.i_cdc_reset_ctrlr_half_a.i_state_transition_cdc_dst.i_sync/serial_o_reg
sync$dmi_jtag.i_dmi_cdc.i_cdc_resp.i_cdc_reset_ctrlr.i_cdc_reset_ctrlr_half_a.i_state_transition_cdc_src.i_sync/reg_q_0__reg
sync$dmi_jtag.i_dmi_cdc.i_cdc_resp.i_cdc_reset_ctrlr.i_cdc_reset_ctrlr_half_a.i_state_transition_cdc_src.i_sync/serial_o_reg
sync$dmi_jtag.i_dmi_cdc.i_cdc_resp.i_cdc_reset_ctrlr.i_cdc_reset_ctrlr_half_b.i_state_transition_cdc_dst.i_sync/reg_q_0__reg
sync$dmi_jtag.i_dmi_cdc.i_cdc_resp.i_cdc_reset_ctrlr.i_cdc_reset_ctrlr_half_b.i_state_transition_cdc_dst.i_sync/serial_o_reg
sync$dmi_jtag.i_dmi_cdc.i_cdc_resp.i_cdc_reset_ctrlr.i_cdc_reset_ctrlr_half_b.i_state_transition_cdc_src.i_sync/reg_q_0__reg
sync$dmi_jtag.i_dmi_cdc.i_cdc_resp.i_cdc_reset_ctrlr.i_cdc_reset_ctrlr_half_b.i_state_transition_cdc_src.i_sync/serial_o_reg
sync$dmi_jtag.i_dmi_cdc.i_cdc_resp.i_dst.i_sync/reg_q_0__reg
sync$dmi_jtag.i_dmi_cdc.i_cdc_resp.i_dst.i_sync/reg_q_1__reg
sync$dmi_jtag.i_dmi_cdc.i_cdc_resp.i_dst.i_sync/serial_o_reg
sync$dmi_jtag.i_dmi_cdc.i_cdc_resp.i_src.i_sync/reg_q_0__reg
sync$dmi_jtag.i_dmi_cdc.i_cdc_resp.i_src.i_sync/reg_q_1__reg
sync$dmi_jtag.i_dmi_cdc.i_cdc_resp.i_src.i_sync/serial_o_reg
