
56. Executing CHECK pass (checking for obvious problems).
Checking module addr_decode$croc_chip.i_croc_soc.i_croc.i_addr_decode_periphs...
Checking module addr_decode$croc_chip.i_croc_soc.i_croc.i_main_xbar.gen_demux[0].i_addr_decode...
Checking module addr_decode$croc_chip.i_croc_soc.i_croc.i_main_xbar.gen_demux[1].i_addr_decode...
Checking module addr_decode$croc_chip.i_croc_soc.i_croc.i_main_xbar.gen_demux[2].i_addr_decode...
Checking module addr_decode$croc_chip.i_croc_soc.i_croc.i_main_xbar.gen_demux[3].i_addr_decode...
Checking module addr_decode$croc_chip.i_croc_soc.i_user.i_addr_decode_periphs...
Checking module addr_decode_dync$croc_chip.i_croc_soc.i_croc.i_addr_decode_periphs.i_addr_decode_dync...
Checking module addr_decode_dync$croc_chip.i_croc_soc.i_croc.i_main_xbar.gen_demux[0].i_addr_decode.i_addr_decode_dync...
Checking module addr_decode_dync$croc_chip.i_croc_soc.i_croc.i_main_xbar.gen_demux[1].i_addr_decode.i_addr_decode_dync...
Checking module addr_decode_dync$croc_chip.i_croc_soc.i_croc.i_main_xbar.gen_demux[2].i_addr_decode.i_addr_decode_dync...
Checking module addr_decode_dync$croc_chip.i_croc_soc.i_croc.i_main_xbar.gen_demux[3].i_addr_decode.i_addr_decode_dync...
Checking module addr_decode_dync$croc_chip.i_croc_soc.i_user.i_addr_decode_periphs.i_addr_decode_dync...
Checking module apb_uart$croc_chip.i_croc_soc.i_croc.i_uart.i_apb_uart...
Checking module cdc_2phase_clearable$croc_chip.i_croc_soc.i_croc.i_dmi_jtag.i_dmi_cdc.i_cdc_req...
Checking module cdc_2phase_clearable$croc_chip.i_croc_soc.i_croc.i_dmi_jtag.i_dmi_cdc.i_cdc_resp...
Checking module cdc_2phase_dst_clearable$croc_chip.i_croc_soc.i_croc.i_dmi_jtag.i_dmi_cdc.i_cdc_req.i_dst...
Checking module cdc_2phase_dst_clearable$croc_chip.i_croc_soc.i_croc.i_dmi_jtag.i_dmi_cdc.i_cdc_resp.i_dst...
Checking module cdc_2phase_src_clearable$croc_chip.i_croc_soc.i_croc.i_dmi_jtag.i_dmi_cdc.i_cdc_req.i_src...
Checking module cdc_2phase_src_clearable$croc_chip.i_croc_soc.i_croc.i_dmi_jtag.i_dmi_cdc.i_cdc_resp.i_src...
Checking module cdc_4phase_dst$croc_chip.i_croc_soc.i_croc.i_dmi_jtag.i_dmi_cdc.i_cdc_req.i_cdc_reset_ctrlr.i_cdc_reset_ctrlr_half_a.i_state_transition_cdc_dst...
Checking module cdc_4phase_dst$croc_chip.i_croc_soc.i_croc.i_dmi_jtag.i_dmi_cdc.i_cdc_req.i_cdc_reset_ctrlr.i_cdc_reset_ctrlr_half_b.i_state_transition_cdc_dst...
Checking module cdc_4phase_dst$croc_chip.i_croc_soc.i_croc.i_dmi_jtag.i_dmi_cdc.i_cdc_resp.i_cdc_reset_ctrlr.i_cdc_reset_ctrlr_half_a.i_state_transition_cdc_dst...
Checking module cdc_4phase_dst$croc_chip.i_croc_soc.i_croc.i_dmi_jtag.i_dmi_cdc.i_cdc_resp.i_cdc_reset_ctrlr.i_cdc_reset_ctrlr_half_b.i_state_transition_cdc_dst...
Checking module cdc_4phase_src$croc_chip.i_croc_soc.i_croc.i_dmi_jtag.i_dmi_cdc.i_cdc_req.i_cdc_reset_ctrlr.i_cdc_reset_ctrlr_half_a.i_state_transition_cdc_src...
Checking module cdc_4phase_src$croc_chip.i_croc_soc.i_croc.i_dmi_jtag.i_dmi_cdc.i_cdc_req.i_cdc_reset_ctrlr.i_cdc_reset_ctrlr_half_b.i_state_transition_cdc_src...
Checking module cdc_4phase_src$croc_chip.i_croc_soc.i_croc.i_dmi_jtag.i_dmi_cdc.i_cdc_resp.i_cdc_reset_ctrlr.i_cdc_reset_ctrlr_half_a.i_state_transition_cdc_src...
Checking module cdc_4phase_src$croc_chip.i_croc_soc.i_croc.i_dmi_jtag.i_dmi_cdc.i_cdc_resp.i_cdc_reset_ctrlr.i_cdc_reset_ctrlr_half_b.i_state_transition_cdc_src...
Checking module cdc_reset_ctrlr$croc_chip.i_croc_soc.i_croc.i_dmi_jtag.i_dmi_cdc.i_cdc_req.i_cdc_reset_ctrlr...
Checking module cdc_reset_ctrlr$croc_chip.i_croc_soc.i_croc.i_dmi_jtag.i_dmi_cdc.i_cdc_resp.i_cdc_reset_ctrlr...
Checking module cdc_reset_ctrlr_half$croc_chip.i_croc_soc.i_croc.i_dmi_jtag.i_dmi_cdc.i_cdc_req.i_cdc_reset_ctrlr.i_cdc_reset_ctrlr_half_a...
Checking module cdc_reset_ctrlr_half$croc_chip.i_croc_soc.i_croc.i_dmi_jtag.i_dmi_cdc.i_cdc_req.i_cdc_reset_ctrlr.i_cdc_reset_ctrlr_half_b...
Checking module cdc_reset_ctrlr_half$croc_chip.i_croc_soc.i_croc.i_dmi_jtag.i_dmi_cdc.i_cdc_resp.i_cdc_reset_ctrlr.i_cdc_reset_ctrlr_half_a...
Checking module cdc_reset_ctrlr_half$croc_chip.i_croc_soc.i_croc.i_dmi_jtag.i_dmi_cdc.i_cdc_resp.i_cdc_reset_ctrlr.i_cdc_reset_ctrlr_half_b...
Checking module core_wrap$croc_chip.i_croc_soc.i_croc.i_core_wrap...
Checking module croc_chip...
Checking module croc_domain$croc_chip.i_croc_soc.i_croc...
Checking module croc_soc$croc_chip.i_croc_soc...
Checking module cve2_core$croc_chip.i_croc_soc.i_croc.i_core_wrap.i_ibex...
Checking module delta_counter$croc_chip.i_croc_soc.i_croc.i_main_xbar.gen_demux[0].i_demux.i_counter...
Checking module delta_counter$croc_chip.i_croc_soc.i_croc.i_main_xbar.gen_demux[1].i_demux.i_counter...
Checking module delta_counter$croc_chip.i_croc_soc.i_croc.i_main_xbar.gen_demux[2].i_demux.i_counter...
Checking module delta_counter$croc_chip.i_croc_soc.i_croc.i_main_xbar.gen_demux[3].i_demux.i_counter...
Checking module delta_counter$croc_chip.i_croc_soc.i_croc.i_obi_demux.i_counter...
Checking module delta_counter$croc_chip.i_croc_soc.i_user.i_obi_demux.i_counter...
Checking module dm_obi_top$croc_chip.i_croc_soc.i_croc.i_dm_top...
Checking module dm_top$croc_chip.i_croc_soc.i_croc.i_dm_top.i_dm_top...
Checking module dmi_cdc$croc_chip.i_croc_soc.i_croc.i_dmi_jtag.i_dmi_cdc...
Checking module dmi_jtag$croc_chip.i_croc_soc.i_croc.i_dmi_jtag...
Checking module dmi_jtag_tap$croc_chip.i_croc_soc.i_croc.i_dmi_jtag.i_dmi_jtag_tap...
Checking module fifo_v3$croc_chip.i_croc_soc.i_croc.i_main_xbar.gen_mux[0].i_mux.gen_no_id_assign.i_fifo...
Checking module fifo_v3$croc_chip.i_croc_soc.i_croc.i_main_xbar.gen_mux[1].i_mux.gen_no_id_assign.i_fifo...
Checking module fifo_v3$croc_chip.i_croc_soc.i_croc.i_main_xbar.gen_mux[2].i_mux.gen_no_id_assign.i_fifo...
Checking module fifo_v3$croc_chip.i_croc_soc.i_croc.i_main_xbar.gen_mux[3].i_mux.gen_no_id_assign.i_fifo...
Checking module fifo_v3$croc_chip.i_croc_soc.i_croc.i_main_xbar.gen_mux[4].i_mux.gen_no_id_assign.i_fifo...
Checking module fifo_v3$croc_chip.i_croc_soc.i_croc.i_periph_err.i_id_fifo...
Checking module fifo_v3$croc_chip.i_croc_soc.i_croc.i_xbar_err.i_id_fifo...
Checking module fifo_v3$croc_chip.i_croc_soc.i_user.i_user_err.i_id_fifo...
Checking module gpio$croc_chip.i_croc_soc.i_croc.i_gpio...
Checking module gpio_reg_top$croc_chip.i_croc_soc.i_croc.i_gpio.i_reg_file...
Checking module lzc$croc_chip.i_croc_soc.i_croc.i_main_xbar.gen_mux[0].i_mux.i_rr_arb.gen_arbiter.gen_int_rr.gen_fair_arb.i_lzc_lower...
Checking module lzc$croc_chip.i_croc_soc.i_croc.i_main_xbar.gen_mux[0].i_mux.i_rr_arb.gen_arbiter.gen_int_rr.gen_fair_arb.i_lzc_upper...
Checking module lzc$croc_chip.i_croc_soc.i_croc.i_main_xbar.gen_mux[1].i_mux.i_rr_arb.gen_arbiter.gen_int_rr.gen_fair_arb.i_lzc_lower...
Checking module lzc$croc_chip.i_croc_soc.i_croc.i_main_xbar.gen_mux[1].i_mux.i_rr_arb.gen_arbiter.gen_int_rr.gen_fair_arb.i_lzc_upper...
Checking module lzc$croc_chip.i_croc_soc.i_croc.i_main_xbar.gen_mux[2].i_mux.i_rr_arb.gen_arbiter.gen_int_rr.gen_fair_arb.i_lzc_lower...
Checking module lzc$croc_chip.i_croc_soc.i_croc.i_main_xbar.gen_mux[2].i_mux.i_rr_arb.gen_arbiter.gen_int_rr.gen_fair_arb.i_lzc_upper...
Checking module lzc$croc_chip.i_croc_soc.i_croc.i_main_xbar.gen_mux[3].i_mux.i_rr_arb.gen_arbiter.gen_int_rr.gen_fair_arb.i_lzc_lower...
Checking module lzc$croc_chip.i_croc_soc.i_croc.i_main_xbar.gen_mux[3].i_mux.i_rr_arb.gen_arbiter.gen_int_rr.gen_fair_arb.i_lzc_upper...
Checking module lzc$croc_chip.i_croc_soc.i_croc.i_main_xbar.gen_mux[4].i_mux.i_rr_arb.gen_arbiter.gen_int_rr.gen_fair_arb.i_lzc_lower...
Checking module lzc$croc_chip.i_croc_soc.i_croc.i_main_xbar.gen_mux[4].i_mux.i_rr_arb.gen_arbiter.gen_int_rr.gen_fair_arb.i_lzc_upper...
Checking module obi_demux$croc_chip.i_croc_soc.i_croc.i_main_xbar.gen_demux[0].i_demux...
Checking module obi_demux$croc_chip.i_croc_soc.i_croc.i_main_xbar.gen_demux[1].i_demux...
Checking module obi_demux$croc_chip.i_croc_soc.i_croc.i_main_xbar.gen_demux[2].i_demux...
Checking module obi_demux$croc_chip.i_croc_soc.i_croc.i_main_xbar.gen_demux[3].i_demux...
Checking module obi_demux$croc_chip.i_croc_soc.i_croc.i_obi_demux...
Checking module obi_demux$croc_chip.i_croc_soc.i_user.i_obi_demux...
Checking module obi_err_sbr$croc_chip.i_croc_soc.i_croc.i_periph_err...
Checking module obi_err_sbr$croc_chip.i_croc_soc.i_croc.i_xbar_err...
Checking module obi_err_sbr$croc_chip.i_croc_soc.i_user.i_user_err...
Checking module obi_mux$croc_chip.i_croc_soc.i_croc.i_main_xbar.gen_mux[0].i_mux...
Checking module obi_mux$croc_chip.i_croc_soc.i_croc.i_main_xbar.gen_mux[1].i_mux...
Checking module obi_mux$croc_chip.i_croc_soc.i_croc.i_main_xbar.gen_mux[2].i_mux...
Checking module obi_mux$croc_chip.i_croc_soc.i_croc.i_main_xbar.gen_mux[3].i_mux...
Checking module obi_mux$croc_chip.i_croc_soc.i_croc.i_main_xbar.gen_mux[4].i_mux...
Checking module obi_sram_shim$croc_chip.i_croc_soc.i_croc.gen_sram_bank[0].i_sram_shim...
Checking module obi_sram_shim$croc_chip.i_croc_soc.i_croc.gen_sram_bank[1].i_sram_shim...
Checking module obi_xbar$croc_chip.i_croc_soc.i_croc.i_main_xbar...
Checking module periph_to_reg$croc_chip.i_croc_soc.i_croc.i_soc_ctrl_translate...
Checking module periph_to_reg$croc_chip.i_croc_soc.i_croc.i_uart_translate...
Checking module prim_subreg$croc_chip.i_croc_soc.i_croc.i_soc_ctrl.u_bootaddr...
Checking module prim_subreg$croc_chip.i_croc_soc.i_croc.i_soc_ctrl.u_bootmode...
Checking module prim_subreg$croc_chip.i_croc_soc.i_croc.i_soc_ctrl.u_corestatus...
Checking module prim_subreg$croc_chip.i_croc_soc.i_croc.i_soc_ctrl.u_fetchen...
Checking module prim_subreg$croc_chip.i_croc_soc.i_croc.i_soc_ctrl.u_sram_dly...
Checking module prim_subreg_arb$croc_chip.i_croc_soc.i_croc.i_soc_ctrl.u_bootaddr.wr_en_data_arb...
Checking module prim_subreg_arb$croc_chip.i_croc_soc.i_croc.i_soc_ctrl.u_bootmode.wr_en_data_arb...
Checking module prim_subreg_arb$croc_chip.i_croc_soc.i_croc.i_soc_ctrl.u_corestatus.wr_en_data_arb...
Checking module prim_subreg_arb$croc_chip.i_croc_soc.i_croc.i_soc_ctrl.u_fetchen.wr_en_data_arb...
Checking module prim_subreg_arb$croc_chip.i_croc_soc.i_croc.i_soc_ctrl.u_sram_dly.wr_en_data_arb...
Checking module reg_to_apb$croc_chip.i_croc_soc.i_croc.i_uart.i_reg_uart_reg_to_apb...
Checking module reg_uart_wrap$croc_chip.i_croc_soc.i_croc.i_uart...
Checking module rr_arb_tree$croc_chip.i_croc_soc.i_croc.i_main_xbar.gen_mux[0].i_mux.i_rr_arb...
Checking module rr_arb_tree$croc_chip.i_croc_soc.i_croc.i_main_xbar.gen_mux[1].i_mux.i_rr_arb...
Checking module rr_arb_tree$croc_chip.i_croc_soc.i_croc.i_main_xbar.gen_mux[2].i_mux.i_rr_arb...
Checking module rr_arb_tree$croc_chip.i_croc_soc.i_croc.i_main_xbar.gen_mux[3].i_mux.i_rr_arb...
Checking module rr_arb_tree$croc_chip.i_croc_soc.i_croc.i_main_xbar.gen_mux[4].i_mux.i_rr_arb...
Checking module rstgen$croc_chip.i_croc_soc.i_rstgen...
Checking module rstgen_bypass$croc_chip.i_croc_soc.i_rstgen.i_rstgen_bypass...
Checking module slib_clock_div$croc_chip.i_croc_soc.i_croc.i_uart.i_apb_uart.UART_BG2...
Checking module slib_counter$croc_chip.i_croc_soc.i_croc.i_uart.i_apb_uart.UART_RX.RX_BRC...
Checking module slib_edge_detect$croc_chip.i_croc_soc.i_croc.i_uart.i_apb_uart.UART_BIDET...
Checking module slib_edge_detect$croc_chip.i_croc_soc.i_croc.i_uart.i_apb_uart.UART_ED_CTS...
Checking module slib_edge_detect$croc_chip.i_croc_soc.i_croc.i_uart.i_apb_uart.UART_ED_DCD...
Checking module slib_edge_detect$croc_chip.i_croc_soc.i_croc.i_uart.i_apb_uart.UART_ED_DSR...
Checking module slib_edge_detect$croc_chip.i_croc_soc.i_croc.i_uart.i_apb_uart.UART_ED_RI...
Checking module slib_edge_detect$croc_chip.i_croc_soc.i_croc.i_uart.i_apb_uart.UART_FEDET...
Checking module slib_edge_detect$croc_chip.i_croc_soc.i_croc.i_uart.i_apb_uart.UART_IIC_THRE_ED...
Checking module slib_edge_detect$croc_chip.i_croc_soc.i_croc.i_uart.i_apb_uart.UART_PEDET...
Checking module slib_edge_detect$croc_chip.i_croc_soc.i_croc.i_uart.i_apb_uart.UART_RCLK...
Checking module slib_fifo$croc_chip.i_croc_soc.i_croc.i_uart.i_apb_uart.UART_RXFF...
Checking module slib_fifo$croc_chip.i_croc_soc.i_croc.i_uart.i_apb_uart.UART_TXFF...
Checking module slib_input_filter$croc_chip.i_croc_soc.i_croc.i_uart.i_apb_uart.UART_IF_CTS...
Checking module slib_input_filter$croc_chip.i_croc_soc.i_croc.i_uart.i_apb_uart.UART_IF_DCD...
Checking module slib_input_filter$croc_chip.i_croc_soc.i_croc.i_uart.i_apb_uart.UART_IF_DSR...
Checking module slib_input_filter$croc_chip.i_croc_soc.i_croc.i_uart.i_apb_uart.UART_IF_RI...
Checking module slib_input_filter$croc_chip.i_croc_soc.i_croc.i_uart.i_apb_uart.UART_RX.RX_IFSB...
Checking module slib_input_sync$croc_chip.i_croc_soc.i_croc.i_uart.i_apb_uart.UART_IS_CTS...
Checking module slib_input_sync$croc_chip.i_croc_soc.i_croc.i_uart.i_apb_uart.UART_IS_DCD...
Checking module slib_input_sync$croc_chip.i_croc_soc.i_croc.i_uart.i_apb_uart.UART_IS_DSR...
Checking module slib_input_sync$croc_chip.i_croc_soc.i_croc.i_uart.i_apb_uart.UART_IS_RI...
Checking module slib_input_sync$croc_chip.i_croc_soc.i_croc.i_uart.i_apb_uart.UART_IS_SIN...
Checking module slib_mv_filter$croc_chip.i_croc_soc.i_croc.i_uart.i_apb_uart.UART_RX.RX_MVF...
Checking module soc_ctrl_reg_top$croc_chip.i_croc_soc.i_croc.i_soc_ctrl...
Checking module sync$croc_chip.i_croc_soc.i_croc.i_dmi_jtag.i_dmi_cdc.i_cdc_req.i_cdc_reset_ctrlr.i_cdc_reset_ctrlr_half_a.i_state_transition_cdc_dst.i_sync...
Checking module sync$croc_chip.i_croc_soc.i_croc.i_dmi_jtag.i_dmi_cdc.i_cdc_req.i_cdc_reset_ctrlr.i_cdc_reset_ctrlr_half_a.i_state_transition_cdc_src.i_sync...
Checking module sync$croc_chip.i_croc_soc.i_croc.i_dmi_jtag.i_dmi_cdc.i_cdc_req.i_cdc_reset_ctrlr.i_cdc_reset_ctrlr_half_b.i_state_transition_cdc_dst.i_sync...
Checking module sync$croc_chip.i_croc_soc.i_croc.i_dmi_jtag.i_dmi_cdc.i_cdc_req.i_cdc_reset_ctrlr.i_cdc_reset_ctrlr_half_b.i_state_transition_cdc_src.i_sync...
Checking module sync$croc_chip.i_croc_soc.i_croc.i_dmi_jtag.i_dmi_cdc.i_cdc_req.i_dst.i_sync...
Checking module sync$croc_chip.i_croc_soc.i_croc.i_dmi_jtag.i_dmi_cdc.i_cdc_req.i_src.i_sync...
Checking module sync$croc_chip.i_croc_soc.i_croc.i_dmi_jtag.i_dmi_cdc.i_cdc_resp.i_cdc_reset_ctrlr.i_cdc_reset_ctrlr_half_a.i_state_transition_cdc_dst.i_sync...
Checking module sync$croc_chip.i_croc_soc.i_croc.i_dmi_jtag.i_dmi_cdc.i_cdc_resp.i_cdc_reset_ctrlr.i_cdc_reset_ctrlr_half_a.i_state_transition_cdc_src.i_sync...
Checking module sync$croc_chip.i_croc_soc.i_croc.i_dmi_jtag.i_dmi_cdc.i_cdc_resp.i_cdc_reset_ctrlr.i_cdc_reset_ctrlr_half_b.i_state_transition_cdc_dst.i_sync...
Checking module sync$croc_chip.i_croc_soc.i_croc.i_dmi_jtag.i_dmi_cdc.i_cdc_resp.i_cdc_reset_ctrlr.i_cdc_reset_ctrlr_half_b.i_state_transition_cdc_src.i_sync...
Checking module sync$croc_chip.i_croc_soc.i_croc.i_dmi_jtag.i_dmi_cdc.i_cdc_resp.i_dst.i_sync...
Checking module sync$croc_chip.i_croc_soc.i_croc.i_dmi_jtag.i_dmi_cdc.i_cdc_resp.i_src.i_sync...
Checking module sync$croc_chip.i_croc_soc.i_croc.i_gpio.gen_gpios[0].i_sync...
Checking module sync$croc_chip.i_croc_soc.i_croc.i_gpio.gen_gpios[10].i_sync...
Checking module sync$croc_chip.i_croc_soc.i_croc.i_gpio.gen_gpios[11].i_sync...
Checking module sync$croc_chip.i_croc_soc.i_croc.i_gpio.gen_gpios[12].i_sync...
Checking module sync$croc_chip.i_croc_soc.i_croc.i_gpio.gen_gpios[13].i_sync...
Checking module sync$croc_chip.i_croc_soc.i_croc.i_gpio.gen_gpios[14].i_sync...
Checking module sync$croc_chip.i_croc_soc.i_croc.i_gpio.gen_gpios[15].i_sync...
Checking module sync$croc_chip.i_croc_soc.i_croc.i_gpio.gen_gpios[16].i_sync...
Checking module sync$croc_chip.i_croc_soc.i_croc.i_gpio.gen_gpios[17].i_sync...
Checking module sync$croc_chip.i_croc_soc.i_croc.i_gpio.gen_gpios[18].i_sync...
Checking module sync$croc_chip.i_croc_soc.i_croc.i_gpio.gen_gpios[19].i_sync...
Checking module sync$croc_chip.i_croc_soc.i_croc.i_gpio.gen_gpios[1].i_sync...
Checking module sync$croc_chip.i_croc_soc.i_croc.i_gpio.gen_gpios[20].i_sync...
Checking module sync$croc_chip.i_croc_soc.i_croc.i_gpio.gen_gpios[21].i_sync...
Checking module sync$croc_chip.i_croc_soc.i_croc.i_gpio.gen_gpios[22].i_sync...
Checking module sync$croc_chip.i_croc_soc.i_croc.i_gpio.gen_gpios[23].i_sync...
Checking module sync$croc_chip.i_croc_soc.i_croc.i_gpio.gen_gpios[24].i_sync...
Checking module sync$croc_chip.i_croc_soc.i_croc.i_gpio.gen_gpios[25].i_sync...
Checking module sync$croc_chip.i_croc_soc.i_croc.i_gpio.gen_gpios[26].i_sync...
Checking module sync$croc_chip.i_croc_soc.i_croc.i_gpio.gen_gpios[27].i_sync...
Checking module sync$croc_chip.i_croc_soc.i_croc.i_gpio.gen_gpios[28].i_sync...
Checking module sync$croc_chip.i_croc_soc.i_croc.i_gpio.gen_gpios[29].i_sync...
Checking module sync$croc_chip.i_croc_soc.i_croc.i_gpio.gen_gpios[2].i_sync...
Checking module sync$croc_chip.i_croc_soc.i_croc.i_gpio.gen_gpios[30].i_sync...
Checking module sync$croc_chip.i_croc_soc.i_croc.i_gpio.gen_gpios[31].i_sync...
Checking module sync$croc_chip.i_croc_soc.i_croc.i_gpio.gen_gpios[3].i_sync...
Checking module sync$croc_chip.i_croc_soc.i_croc.i_gpio.gen_gpios[4].i_sync...
Checking module sync$croc_chip.i_croc_soc.i_croc.i_gpio.gen_gpios[5].i_sync...
Checking module sync$croc_chip.i_croc_soc.i_croc.i_gpio.gen_gpios[6].i_sync...
Checking module sync$croc_chip.i_croc_soc.i_croc.i_gpio.gen_gpios[7].i_sync...
Checking module sync$croc_chip.i_croc_soc.i_croc.i_gpio.gen_gpios[8].i_sync...
Checking module sync$croc_chip.i_croc_soc.i_croc.i_gpio.gen_gpios[9].i_sync...
Checking module sync$croc_chip.i_croc_soc.i_ext_intr_sync...
Checking module tc_clk_inverter$croc_chip.i_croc_soc.i_croc.i_dmi_jtag.i_dmi_jtag_tap.i_tck_inv...
Checking module tc_clk_mux2$croc_chip.i_croc_soc.i_croc.i_dmi_jtag.i_dmi_jtag_tap.i_dft_tck_mux...
Checking module tc_clk_mux2$croc_chip.i_croc_soc.i_rstgen.i_rstgen_bypass.i_tc_clk_mux2_init_no...
Checking module tc_clk_mux2$croc_chip.i_croc_soc.i_rstgen.i_rstgen_bypass.i_tc_clk_mux2_rst_n...
Checking module tc_clk_mux2$croc_chip.i_croc_soc.i_rstgen.i_rstgen_bypass.i_tc_clk_mux2_rst_no...
Checking module tc_sram_impl$croc_chip.i_croc_soc.i_croc.gen_sram_bank[0].i_sram...
Checking module tc_sram_impl$croc_chip.i_croc_soc.i_croc.gen_sram_bank[1].i_sram...
Checking module timer_unit$croc_chip.i_croc_soc.i_croc.i_timer...
Checking module uart_baudgen$croc_chip.i_croc_soc.i_croc.i_uart.i_apb_uart.UART_BG16...
Checking module uart_interrupt$croc_chip.i_croc_soc.i_croc.i_uart.i_apb_uart.UART_IIC...
Checking module uart_receiver$croc_chip.i_croc_soc.i_croc.i_uart.i_apb_uart.UART_RX...
Checking module uart_transmitter$croc_chip.i_croc_soc.i_croc.i_uart.i_apb_uart.UART_TX...
Checking module user_domain$croc_chip.i_croc_soc.i_user...
Found and reported 0 problems.
